Archive member included to satisfy reference by file (symbol)

/home/lautaro/GitHub/BTCONFIG/lpc_board_nxp_lpcxpresso_4337/Debug/liblpc_board_nxp_lpcxpresso_4337.a(board.o)
                              ./example/src/systick.o (Board_UART_Init)
/home/lautaro/GitHub/BTCONFIG/lpc_board_nxp_lpcxpresso_4337/Debug/liblpc_board_nxp_lpcxpresso_4337.a(board_sysinit.o)
                              ./example/src/sysinit.o (Board_SystemInit)
/home/lautaro/GitHub/BTCONFIG/lpc_board_nxp_lpcxpresso_4337/Debug/liblpc_board_nxp_lpcxpresso_4337.a(wm8904.o)
                              /home/lautaro/GitHub/BTCONFIG/lpc_board_nxp_lpcxpresso_4337/Debug/liblpc_board_nxp_lpcxpresso_4337.a(board.o) (WM8904_Init)
/home/lautaro/GitHub/BTCONFIG/lpc_chip_43xx/Debug/liblpc_chip_43xx.a(chip_18xx_43xx.o)
                              ./example/src/systick.o (SystemCoreClock)
/home/lautaro/GitHub/BTCONFIG/lpc_chip_43xx/Debug/liblpc_chip_43xx.a(clock_18xx_43xx.o)
                              /home/lautaro/GitHub/BTCONFIG/lpc_chip_43xx/Debug/liblpc_chip_43xx.a(chip_18xx_43xx.o) (Chip_Clock_GetClockInputHz)
/home/lautaro/GitHub/BTCONFIG/lpc_chip_43xx/Debug/liblpc_chip_43xx.a(fpu_init.o)
                              ./example/src/sysinit.o (fpuInit)
/home/lautaro/GitHub/BTCONFIG/lpc_chip_43xx/Debug/liblpc_chip_43xx.a(gpio_18xx_43xx.o)
                              /home/lautaro/GitHub/BTCONFIG/lpc_board_nxp_lpcxpresso_4337/Debug/liblpc_board_nxp_lpcxpresso_4337.a(board.o) (Chip_GPIO_Init)
/home/lautaro/GitHub/BTCONFIG/lpc_chip_43xx/Debug/liblpc_chip_43xx.a(i2c_18xx_43xx.o)
                              /home/lautaro/GitHub/BTCONFIG/lpc_board_nxp_lpcxpresso_4337/Debug/liblpc_board_nxp_lpcxpresso_4337.a(wm8904.o) (Chip_I2C_EventHandlerPolling)
/home/lautaro/GitHub/BTCONFIG/lpc_chip_43xx/Debug/liblpc_chip_43xx.a(ssp_18xx_43xx.o)
                              /home/lautaro/GitHub/BTCONFIG/lpc_board_nxp_lpcxpresso_4337/Debug/liblpc_board_nxp_lpcxpresso_4337.a(board.o) (Chip_SSP_WriteFrames_Blocking)
/home/lautaro/GitHub/BTCONFIG/lpc_chip_43xx/Debug/liblpc_chip_43xx.a(sysinit_18xx_43xx.o)
                              /home/lautaro/GitHub/BTCONFIG/lpc_board_nxp_lpcxpresso_4337/Debug/liblpc_board_nxp_lpcxpresso_4337.a(board_sysinit.o) (Chip_SetupCoreClock)
/home/lautaro/GitHub/BTCONFIG/lpc_chip_43xx/Debug/liblpc_chip_43xx.a(uart_18xx_43xx.o)
                              ./example/src/systick.o (Chip_UART_Init)
/home/lautaro/GitHub/BTCONFIG/lpc_chip_43xx/Debug/liblpc_chip_43xx.a(ring_buffer.o)
                              /home/lautaro/GitHub/BTCONFIG/lpc_chip_43xx/Debug/liblpc_chip_43xx.a(uart_18xx_43xx.o) (RingBuffer_Insert)
/usr/local/lpcxpresso_8.2.2_650/lpcxpresso/tools/bin/../lib/gcc/arm-none-eabi/5.4.1/../../../../arm-none-eabi/lib/armv7e-m/softfp/libcr_nohost.a(_cr__main.o)
                              ./example/src/cr_startup_lpc43xx.o (__main)
/usr/local/lpcxpresso_8.2.2_650/lpcxpresso/tools/bin/../lib/gcc/arm-none-eabi/5.4.1/../../../../arm-none-eabi/lib/armv7e-m/softfp/libcr_c.a(memcpy.o)
                              /home/lautaro/GitHub/BTCONFIG/lpc_board_nxp_lpcxpresso_4337/Debug/liblpc_board_nxp_lpcxpresso_4337.a(board.o) (memcpy)
/usr/local/lpcxpresso_8.2.2_650/lpcxpresso/tools/bin/../lib/gcc/arm-none-eabi/5.4.1/../../../../arm-none-eabi/lib/armv7e-m/softfp/libcr_c.a(memset.o)
                              /home/lautaro/GitHub/BTCONFIG/lpc_chip_43xx/Debug/liblpc_chip_43xx.a(clock_18xx_43xx.o) (memset)
/usr/local/lpcxpresso_8.2.2_650/lpcxpresso/tools/bin/../lib/gcc/arm-none-eabi/5.4.1/../../../../arm-none-eabi/lib/armv7e-m/softfp/libcr_c.a(initio.o)
                              /usr/local/lpcxpresso_8.2.2_650/lpcxpresso/tools/bin/../lib/gcc/arm-none-eabi/5.4.1/../../../../arm-none-eabi/lib/armv7e-m/softfp/libcr_nohost.a(_cr__main.o) (_initio)
/usr/local/lpcxpresso_8.2.2_650/lpcxpresso/tools/bin/../lib/gcc/arm-none-eabi/5.4.1/../../../../arm-none-eabi/lib/armv7e-m/softfp/libcr_c.a(setvbuf.o)
                              /usr/local/lpcxpresso_8.2.2_650/lpcxpresso/tools/bin/../lib/gcc/arm-none-eabi/5.4.1/../../../../arm-none-eabi/lib/armv7e-m/softfp/libcr_c.a(initio.o) (setvbuf)
/usr/local/lpcxpresso_8.2.2_650/lpcxpresso/tools/bin/../lib/gcc/arm-none-eabi/5.4.1/../../../../arm-none-eabi/lib/armv7e-m/softfp/libcr_c.a(stdio.o)
                              /usr/local/lpcxpresso_8.2.2_650/lpcxpresso/tools/bin/../lib/gcc/arm-none-eabi/5.4.1/../../../../arm-none-eabi/lib/armv7e-m/softfp/libcr_c.a(initio.o) (__Ciob)
/usr/local/lpcxpresso_8.2.2_650/lpcxpresso/tools/bin/../lib/gcc/arm-none-eabi/5.4.1/../../../../arm-none-eabi/lib/armv7e-m/softfp/libcr_c.a(__fillbuf.o)
                              /usr/local/lpcxpresso_8.2.2_650/lpcxpresso/tools/bin/../lib/gcc/arm-none-eabi/5.4.1/../../../../arm-none-eabi/lib/armv7e-m/softfp/libcr_c.a(stdio.o) (__filbuf)
/usr/local/lpcxpresso_8.2.2_650/lpcxpresso/tools/bin/../lib/gcc/arm-none-eabi/5.4.1/../../../../arm-none-eabi/lib/armv7e-m/softfp/libcr_c.a(_deferredlazyseek.o)
[...]
Memory Configuration

Name             Origin             Length             Attributes
MFlashA512       0x1a000000         0x00080000         xr
MFlashB512       0x1b000000         0x00080000         xr
RamLoc32         0x10000000         0x00008000         xrw
RamLoc40         0x10080000         0x0000a000         xrw
RamAHB32         0x20000000         0x00008000         xrw
RamAHB16         0x20008000         0x00004000         xrw
RamAHB_ETB16     0x2000c000         0x00004000         xrw
*default*        0x00000000         0xffffffff

Linker script and memory map

LOAD ./example/src/cr_startup_lpc43xx.o
LOAD ./example/src/sysinit.o
LOAD ./example/src/systick.o
LOAD /home/lautaro/GitHub/BTCONFIG/lpc_board_nxp_lpcxpresso_4337/Debug/liblpc_board_nxp_lpcxpresso_4337.a
LOAD /home/lautaro/GitHub/BTCONFIG/lpc_chip_43xx/Debug/liblpc_chip_43xx.a
START GROUP
LOAD /usr/local/lpcxpresso_8.2.2_650/lpcxpresso/tools/bin/../lib/gcc/arm-none-eabi/5.4.1/../../../../arm-none-eabi/lib/armv7e-m/softfp/libcr_nohost.a
LOAD /usr/local/lpcxpresso_8.2.2_650/lpcxpresso/tools/bin/../lib/gcc/arm-none-eabi/5.4.1/../../../../arm-none-eabi/lib/armv7e-m/softfp/libcr_c.a
LOAD /usr/local/lpcxpresso_8.2.2_650/lpcxpresso/tools/bin/../lib/gcc/arm-none-eabi/5.4.1/armv7e-m/softfp/libcr_eabihelpers.a
END GROUP
                0x1a000000                __base_MFlashA512 = 0x1a000000
                0x1a000000                __base_Flash = 0x1a000000
                0x1a080000                __top_MFlashA512 = 0x1a080000
                0x1a080000                __top_Flash = 0x1a080000
                0x1b000000                __base_MFlashB512 = 0x1b000000
                0x1b000000                __base_Flash2 = 0x1b000000
                0x1b080000                __top_MFlashB512 = 0x1b080000
                0x1b080000                __top_Flash2 = 0x1b080000
                0x10000000                __base_RamLoc32 = 0x10000000
                0x10000000                __base_RAM = 0x10000000
                0x10008000                __top_RamLoc32 = 0x10008000
                0x10008000                __top_RAM = 0x10008000
                0x10080000                __base_RamLoc40 = 0x10080000
                0x10080000                __base_RAM2 = 0x10080000
                0x1008a000                __top_RamLoc40 = 0x1008a000
                0x1008a000                __top_RAM2 = 0x1008a000
                0x20000000                __base_RamAHB32 = 0x20000000
                0x20000000                __base_RAM3 = 0x20000000
                0x20008000                __top_RamAHB32 = 0x20008000
                0x20008000                __top_RAM3 = 0x20008000
                0x20008000                __base_RamAHB16 = 0x20008000
                0x20008000                __base_RAM4 = 0x20008000
                0x2000c000                __top_RamAHB16 = 0x2000c000
                0x2000c000                __top_RAM4 = 0x2000c000
                0x2000c000                __base_RamAHB_ETB16 = 0x2000c000
                0x2000c000                __base_RAM5 = 0x2000c000
                0x20010000                __top_RamAHB_ETB16 = 0x20010000
                0x20010000                __top_RAM5 = 0x20010000

.text_Flash2    0x1b000000        0x0
 FILL mask 0xff
 *(.text_Flash2*)
 *(.text_MFlashB512*)
 *(.text.$Flash2*)
 *(.text.$MFlashB512*)
 *(.rodata.$Flash2*)
 *(.rodata.$MFlashB512*)

.text           0x1a000000     0x2754
 FILL mask 0xff
                0x1a000000                __vectors_start__ = ABSOLUTE (.)
 *(.isr_vector)
 .isr_vector    0x1a000000      0x114 ./example/src/cr_startup_lpc43xx.o
                0x1a000000                g_pfnVectors
                0x1a000114                . = ALIGN (0x4)
                0x1a000114                __section_table_start = .
                0x1a000114                __data_section_table = .
                0x1a000114        0x4 LONG 0x1a002754 LOADADDR (.data)
                0x1a000118        0x4 LONG 0x10000000 ADDR (.data)
                0x1a00011c        0x4 LONG 0x0 SIZEOF (.data)
                0x1a000120        0x4 LONG 0x1a002754 LOADADDR (.data_RAM2)
                0x1a000124        0x4 LONG 0x10080000 ADDR (.data_RAM2)
                0x1a000128        0x4 LONG 0x0 SIZEOF (.data_RAM2)
                0x1a00012c        0x4 LONG 0x1a002754 LOADADDR (.data_RAM3)
                0x1a000130        0x4 LONG 0x20000000 ADDR (.data_RAM3)
                0x1a000134        0x4 LONG 0x0 SIZEOF (.data_RAM3)
                0x1a000138        0x4 LONG 0x1a002754 LOADADDR (.data_RAM4)
                0x1a00013c        0x4 LONG 0x20008000 ADDR (.data_RAM4)
                0x1a000140        0x4 LONG 0x0 SIZEOF (.data_RAM4)
                0x1a000144        0x4 LONG 0x1a002754 LOADADDR (.data_RAM5)
                0x1a000148        0x4 LONG 0x2000c000 ADDR (.data_RAM5)
                0x1a00014c        0x4 LONG 0x0 SIZEOF (.data_RAM5)
                0x1a000150                __data_section_table_end = .
                0x1a000150                __bss_section_table = .
                0x1a000150        0x4 LONG 0x10000000 ADDR (.bss)
                0x1a000154        0x4 LONG 0x22c SIZEOF (.bss)
                0x1a000158        0x4 LONG 0x10080000 ADDR (.bss_RAM2)
                0x1a00015c        0x4 LONG 0x0 SIZEOF (.bss_RAM2)
                0x1a000160        0x4 LONG 0x20000000 ADDR (.bss_RAM3)
                0x1a000164        0x4 LONG 0x0 SIZEOF (.bss_RAM3)
                0x1a000168        0x4 LONG 0x20008000 ADDR (.bss_RAM4)
                0x1a00016c        0x4 LONG 0x0 SIZEOF (.bss_RAM4)
                0x1a000170        0x4 LONG 0x2000c000 ADDR (.bss_RAM5)
                0x1a000174        0x4 LONG 0x0 SIZEOF (.bss_RAM5)
                0x1a000178                __bss_section_table_end = .
                0x1a000178                __section_table_end = .
 *(.after_vectors*)
 .after_vectors
                0x1a000178       0xcc ./example/src/cr_startup_lpc43xx.o
                0x1a000178                data_init
                0x1a0001bc                bss_init
                0x1a0001f4                NMI_Handler
                0x1a0001fc                HardFault_Handler
                0x1a000204                MemManage_Handler
                0x1a00020c                BusFault_Handler
                0x1a000214                UsageFault_Handler
                0x1a00021c                SVC_Handler
                0x1a000224                DebugMon_Handler
                0x1a00022c                PendSV_Handler
                0x1a00023c                TIMER2_IRQHandler
                0x1a00023c                RIT_IRQHandler
                0x1a00023c                ADCHS_IRQHandler
                0x1a00023c                FLASH_EEPROM_IRQHandler
                0x1a00023c                I2C0_IRQHandler
                0x1a00023c                SDIO_IRQHandler
                0x1a00023c                ATIMER_IRQHandler
                0x1a00023c                I2C1_IRQHandler
                0x1a00023c                UART1_IRQHandler
                0x1a00023c                GPIO5_IRQHandler
                0x1a00023c                CAN1_IRQHandler
                0x1a00023c                USB1_IRQHandler
                0x1a00023c                I2S0_IRQHandler
                0x1a00023c                TIMER3_IRQHandler
                0x1a00023c                SGPIO_IRQHandler
                0x1a00023c                ADC0_IRQHandler
                0x1a00023c                GPIO6_IRQHandler
                0x1a00023c                IntDefaultHandler
                0x1a00023c                GPIO1_IRQHandler
                0x1a00023c                SSP0_IRQHandler
                0x1a00023c                ADC1_IRQHandler
                0x1a00023c                RTC_IRQHandler
                0x1a00023c                TIMER0_IRQHandler
                0x1a00023c                SPI_IRQHandler
                0x1a00023c                LCD_IRQHandler
                0x1a00023c                TIMER1_IRQHandler
                0x1a00023c                GPIO2_IRQHandler
                0x1a00023c                I2S1_IRQHandler
                0x1a00023c                SSP1_IRQHandler
                0x1a00023c                USB0_IRQHandler
                0x1a00023c                GPIO3_IRQHandler
                0x1a00023c                SCT_IRQHandler
                0x1a00023c                WDT_IRQHandler
                0x1a00023c                GPIO7_IRQHandler
                0x1a00023c                SPIFI_IRQHandler
                0x1a00023c                QEI_IRQHandler
                0x1a00023c                ETH_IRQHandler
                0x1a00023c                CAN0_IRQHandler
                0x1a00023c                GINT0_IRQHandler
                0x1a00023c                DAC_IRQHandler
                0x1a00023c                M0SUB_IRQHandler
                0x1a00023c                GPIO0_IRQHandler
                0x1a00023c                DMA_IRQHandler
                0x1a00023c                EVRT_IRQHandler
                0x1a00023c                UART3_IRQHandler
                0x1a00023c                MCPWM_IRQHandler
                0x1a00023c                M0APP_IRQHandler
                0x1a00023c                GINT1_IRQHandler
                0x1a00023c                GPIO4_IRQHandler
 *(.text*)
 .text.ResetISR
                0x1a000244       0xc4 ./example/src/cr_startup_lpc43xx.o
                0x1a000244                ResetISR
 .text.SystemInit
                0x1a000308       0x28 ./example/src/sysinit.o
                0x1a000308                SystemInit
 .text.NVIC_EnableIRQ
                0x1a000330       0x34 ./example/src/systick.o
 .text.NVIC_SetPriority
                0x1a000364       0x54 ./example/src/systick.o
 .text.SysTick_Config
                0x1a0003b8       0x44 ./example/src/systick.o
 .text.Chip_SCU_PinMuxSet
                0x1a0003fc       0x34 ./example/src/systick.o
 .text.Chip_GPIO_SetPinState
                0x1a000430       0x38 ./example/src/systick.o
 .text.Chip_GPIO_SetPinDIROutput
                0x1a000468       0x40 ./example/src/systick.o
 .text.Chip_UART_TXEnable
                0x1a0004a8       0x1c ./example/src/systick.o
 .text.Chip_UART_SendByte
                0x1a0004c4       0x20 ./example/src/systick.o
 .text.Chip_UART_ReadByte
                0x1a0004e4       0x1c ./example/src/systick.o
 .text.Chip_UART_IntEnable
                0x1a000500       0x24 ./example/src/systick.o
 .text.Chip_UART_IntDisable
                0x1a000524       0x24 ./example/src/systick.o
 .text.Chip_UART_SetupFIFOS
                0x1a000548       0x1c ./example/src/systick.o
 .text.SysTick_Handler
                0x1a000564       0x18 ./example/src/systick.o
                0x1a000564                SysTick_Handler
 .text.USARTconfig
                0x1a00057c       0x78 ./example/src/systick.o
                0x1a00057c                USARTconfig
 .text.ReadTillEOL
                0x1a0005f4       0x60 ./example/src/systick.o
                0x1a0005f4                ReadTillEOL
 .text.UART2_IRQHandler
                0x1a000654       0x40 ./example/src/systick.o
                0x1a000654                UART2_IRQHandler
 .text.UART0_IRQHandler
                0x1a000694       0x38 ./example/src/systick.o
                0x1a000694                UART0_IRQHandler
 .text.main     0x1a0006cc      0x1e8 ./example/src/systick.o
                0x1a0006cc                main
 .text.Chip_SCU_PinMuxSet
                0x1a0008b4       0x34 /home/lautaro/GitHub/BTCONFIG/lpc_board_nxp_lpcxpresso_4337/Debug/liblpc_board_nxp_lpcxpresso_4337.a(board.o)
 .text.Chip_ENET_RMIIEnable
                0x1a0008e8       0x28 /home/lautaro/GitHub/BTCONFIG/lpc_board_nxp_lpcxpresso_4337/Debug/liblpc_board_nxp_lpcxpresso_4337.a(board.o)
 .text.Chip_GPIO_SetPinState
                0x1a000910       0x38 /home/lautaro/GitHub/BTCONFIG/lpc_board_nxp_lpcxpresso_4337/Debug/liblpc_board_nxp_lpcxpresso_4337.a(board.o)
 .text.Chip_GPIO_GetPinState
                0x1a000948       0x38 /home/lautaro/GitHub/BTCONFIG/lpc_board_nxp_lpcxpresso_4337/Debug/liblpc_board_nxp_lpcxpresso_4337.a(board.o)
 .text.Chip_GPIO_SetPinDIROutput
                0x1a000980       0x40 /home/lautaro/GitHub/BTCONFIG/lpc_board_nxp_lpcxpresso_4337/Debug/liblpc_board_nxp_lpcxpresso_4337.a(board.o)
 .text.Chip_GPIO_SetPinDIRInput
                0x1a0009c0       0x40 /home/lautaro/GitHub/BTCONFIG/lpc_board_nxp_lpcxpresso_4337/Debug/liblpc_board_nxp_lpcxpresso_4337.a(board.o)
 .text.Chip_UART_TXEnable
                0x1a000a00       0x1c /home/lautaro/GitHub/BTCONFIG/lpc_board_nxp_lpcxpresso_4337/Debug/liblpc_board_nxp_lpcxpresso_4337.a(board.o)
 .text.Chip_UART_SendByte
                0x1a000a1c       0x20 /home/lautaro/GitHub/BTCONFIG/lpc_board_nxp_lpcxpresso_4337/Debug/liblpc_board_nxp_lpcxpresso_4337.a(board.o)
 .text.Chip_UART_ConfigData
                0x1a000a3c       0x1c /home/lautaro/GitHub/BTCONFIG/lpc_board_nxp_lpcxpresso_4337/Debug/liblpc_board_nxp_lpcxpresso_4337.a(board.o)
 .text.Chip_UART_ReadLineStatus
                0x1a000a58       0x18 /home/lautaro/GitHub/BTCONFIG/lpc_board_nxp_lpcxpresso_4337/Debug/liblpc_board_nxp_lpcxpresso_4337.a(board.o)
 .text.__sys_write
                0x1a000a70       0x38 /home/lautaro/GitHub/BTCONFIG/lpc_board_nxp_lpcxpresso_4337/Debug/liblpc_board_nxp_lpcxpresso_4337.a(board.o)
                0x1a000a70                __sys_write
 .text.Board_UART_Init
                0x1a000aa8       0x50 /home/lautaro/GitHub/BTCONFIG/lpc_board_nxp_lpcxpresso_4337/Debug/liblpc_board_nxp_lpcxpresso_4337.a(board.o)
                0x1a000aa8                Board_UART_Init
 .text.Board_Debug_Init
                0x1a000af8       0x30 /home/lautaro/GitHub/BTCONFIG/lpc_board_nxp_lpcxpresso_4337/Debug/liblpc_board_nxp_lpcxpresso_4337.a(board.o)
                0x1a000af8                Board_Debug_Init
 .text.Board_UARTPutChar
                0x1a000b28       0x34 /home/lautaro/GitHub/BTCONFIG/lpc_board_nxp_lpcxpresso_4337/Debug/liblpc_board_nxp_lpcxpresso_4337.a(board.o)
                0x1a000b28                Board_UARTPutChar
 .text.Board_LED_Init
                0x1a000b5c       0x5c /home/lautaro/GitHub/BTCONFIG/lpc_board_nxp_lpcxpresso_4337/Debug/liblpc_board_nxp_lpcxpresso_4337.a(board.o)
 .text.Board_LED_Set
                0x1a000bb8       0x48 /home/lautaro/GitHub/BTCONFIG/lpc_board_nxp_lpcxpresso_4337/Debug/liblpc_board_nxp_lpcxpresso_4337.a(board.o)
                0x1a000bb8                Board_LED_Set
 .text.Board_LED_Test
                0x1a000c00       0x48 /home/lautaro/GitHub/BTCONFIG/lpc_board_nxp_lpcxpresso_4337/Debug/liblpc_board_nxp_lpcxpresso_4337.a(board.o)
                0x1a000c00                Board_LED_Test
 .text.Board_LED_Toggle
                0x1a000c48       0x3c /home/lautaro/GitHub/BTCONFIG/lpc_board_nxp_lpcxpresso_4337/Debug/liblpc_board_nxp_lpcxpresso_4337.a(board.o)
                0x1a000c48                Board_LED_Toggle
 .text.Board_Buttons_Init
                0x1a000c84       0x44 /home/lautaro/GitHub/BTCONFIG/lpc_board_nxp_lpcxpresso_4337/Debug/liblpc_board_nxp_lpcxpresso_4337.a(board.o)
                0x1a000c84                Board_Buttons_Init
 .text.Board_Init
                0x1a000cc8       0x28 /home/lautaro/GitHub/BTCONFIG/lpc_board_nxp_lpcxpresso_4337/Debug/liblpc_board_nxp_lpcxpresso_4337.a(board.o)
                0x1a000cc8                Board_Init
 .text.Chip_SCU_PinMuxSet
                0x1a000cf0       0x34 /home/lautaro/GitHub/BTCONFIG/lpc_board_nxp_lpcxpresso_4337/Debug/liblpc_board_nxp_lpcxpresso_4337.a(board_sysinit.o)
 .text.Chip_SCU_SetPinMuxing
                0x1a000d24       0x4c /home/lautaro/GitHub/BTCONFIG/lpc_board_nxp_lpcxpresso_4337/Debug/liblpc_board_nxp_lpcxpresso_4337.a(board_sysinit.o)
 .text.Chip_CREG_SetFlashAcceleration
                0x1a000d70       0x54 /home/lautaro/GitHub/BTCONFIG/lpc_board_nxp_lpcxpresso_4337/Debug/liblpc_board_nxp_lpcxpresso_4337.a(board_sysinit.o)
 .text.Board_SetupMuxing
                0x1a000dc4       0x14 /home/lautaro/GitHub/BTCONFIG/lpc_board_nxp_lpcxpresso_4337/Debug/liblpc_board_nxp_lpcxpresso_4337.a(board_sysinit.o)
                0x1a000dc4                Board_SetupMuxing
 .text.Board_SetupClocking
                0x1a000dd8       0x84 /home/lautaro/GitHub/BTCONFIG/lpc_board_nxp_lpcxpresso_4337/Debug/liblpc_board_nxp_lpcxpresso_4337.a(board_sysinit.o)
                0x1a000dd8                Board_SetupClocking
 .text.Board_SystemInit
                0x1a000e5c       0x10 /home/lautaro/GitHub/BTCONFIG/lpc_board_nxp_lpcxpresso_4337/Debug/liblpc_board_nxp_lpcxpresso_4337.a(board_sysinit.o)
                0x1a000e5c                Board_SystemInit
 .text.SystemCoreClockUpdate
                0x1a000e6c       0x18 /home/lautaro/GitHub/BTCONFIG/lpc_chip_43xx/Debug/liblpc_chip_43xx.a(chip_18xx_43xx.o)
                0x1a000e6c                SystemCoreClockUpdate
 .text.ABS      0x1a000e84       0x24 /home/lautaro/GitHub/BTCONFIG/lpc_chip_43xx/Debug/liblpc_chip_43xx.a(clock_18xx_43xx.o)
 .text.pll_calc_divs
                0x1a000ea8      0x124 /home/lautaro/GitHub/BTCONFIG/lpc_chip_43xx/Debug/liblpc_chip_43xx.a(clock_18xx_43xx.o)
 .text.pll_get_frac
                0x1a000fcc      0x178 /home/lautaro/GitHub/BTCONFIG/lpc_chip_43xx/Debug/liblpc_chip_43xx.a(clock_18xx_43xx.o)
 .text.Chip_Clock_GetDivRate
                0x1a001144       0x40 /home/lautaro/GitHub/BTCONFIG/lpc_chip_43xx/Debug/liblpc_chip_43xx.a(clock_18xx_43xx.o)
 .text.Chip_Clock_FindBaseClock
                0x1a001184       0x90 /home/lautaro/GitHub/BTCONFIG/lpc_chip_43xx/Debug/liblpc_chip_43xx.a(clock_18xx_43xx.o)
 .text.Chip_Clock_EnableCrystal
                0x1a001214       0x70 /home/lautaro/GitHub/BTCONFIG/lpc_chip_43xx/Debug/liblpc_chip_43xx.a(clock_18xx_43xx.o)
                0x1a001214                Chip_Clock_EnableCrystal
 .text.Chip_Clock_CalcMainPLLValue
                0x1a001284       0xd8 /home/lautaro/GitHub/BTCONFIG/lpc_chip_43xx/Debug/liblpc_chip_43xx.a(clock_18xx_43xx.o)
                0x1a001284                Chip_Clock_CalcMainPLLValue
 .text.Chip_Clock_GetMainPLLHz
                0x1a00135c       0xc0 /home/lautaro/GitHub/BTCONFIG/lpc_chip_43xx/Debug/liblpc_chip_43xx.a(clock_18xx_43xx.o)
                0x1a00135c                Chip_Clock_GetMainPLLHz
 .text.Chip_Clock_GetDividerSource
                0x1a00141c       0x40 /home/lautaro/GitHub/BTCONFIG/lpc_chip_43xx/Debug/liblpc_chip_43xx.a(clock_18xx_43xx.o)
                0x1a00141c                Chip_Clock_GetDividerSource
 .text.Chip_Clock_GetDividerDivisor
                0x1a00145c       0x38 /home/lautaro/GitHub/BTCONFIG/lpc_chip_43xx/Debug/liblpc_chip_43xx.a(clock_18xx_43xx.o)
                0x1a00145c                Chip_Clock_GetDividerDivisor
 .text.Chip_Clock_GetClockInputHz
                0x1a001494      0x140 /home/lautaro/GitHub/BTCONFIG/lpc_chip_43xx/Debug/liblpc_chip_43xx.a(clock_18xx_43xx.o)
                0x1a001494                Chip_Clock_GetClockInputHz
 .text.Chip_Clock_GetBaseClocktHz
                0x1a0015d4       0x24 /home/lautaro/GitHub/BTCONFIG/lpc_chip_43xx/Debug/liblpc_chip_43xx.a(clock_18xx_43xx.o)
                0x1a0015d4                Chip_Clock_GetBaseClocktHz
 .text.Chip_Clock_SetBaseClock
                0x1a0015f8       0x9c /home/lautaro/GitHub/BTCONFIG/lpc_chip_43xx/Debug/liblpc_chip_43xx.a(clock_18xx_43xx.o)
                0x1a0015f8                Chip_Clock_SetBaseClock
 .text.Chip_Clock_GetBaseClock
                0x1a001694       0x4c /home/lautaro/GitHub/BTCONFIG/lpc_chip_43xx/Debug/liblpc_chip_43xx.a(clock_18xx_43xx.o)
                0x1a001694                Chip_Clock_GetBaseClock
 .text.Chip_Clock_EnableOpts
                0x1a0016e0       0x7c /home/lautaro/GitHub/BTCONFIG/lpc_chip_43xx/Debug/liblpc_chip_43xx.a(clock_18xx_43xx.o)
                0x1a0016e0                Chip_Clock_EnableOpts
 .text.Chip_Clock_GetRate
                0x1a00175c       0x88 /home/lautaro/GitHub/BTCONFIG/lpc_chip_43xx/Debug/liblpc_chip_43xx.a(clock_18xx_43xx.o)
                0x1a00175c                Chip_Clock_GetRate
 .text.fpuInit  0x1a0017e4       0x74 /home/lautaro/GitHub/BTCONFIG/lpc_chip_43xx/Debug/liblpc_chip_43xx.a(fpu_init.o)
                0x1a0017e4                fpuInit
 .text.Chip_GPIO_Init
                0x1a001858       0x14 /home/lautaro/GitHub/BTCONFIG/lpc_chip_43xx/Debug/liblpc_chip_43xx.a(gpio_18xx_43xx.o)
                0x1a001858                Chip_GPIO_Init
 .text.Chip_Clock_DisableMainPLL
                0x1a00186c       0x20 /home/lautaro/GitHub/BTCONFIG/lpc_chip_43xx/Debug/liblpc_chip_43xx.a(sysinit_18xx_43xx.o)
 .text.Chip_Clock_SetupMainPLL
                0x1a00188c       0x44 /home/lautaro/GitHub/BTCONFIG/lpc_chip_43xx/Debug/liblpc_chip_43xx.a(sysinit_18xx_43xx.o)
 .text.Chip_Clock_MainPLLLocked
                0x1a0018d0       0x24 /home/lautaro/GitHub/BTCONFIG/lpc_chip_43xx/Debug/liblpc_chip_43xx.a(sysinit_18xx_43xx.o)
 .text.Chip_SetupCoreClock
                0x1a0018f4      0x15c /home/lautaro/GitHub/BTCONFIG/lpc_chip_43xx/Debug/liblpc_chip_43xx.a(sysinit_18xx_43xx.o)
                0x1a0018f4                Chip_SetupCoreClock
 .text.Chip_UART_TXDisable
                0x1a001a50       0x1c /home/lautaro/GitHub/BTCONFIG/lpc_chip_43xx/Debug/liblpc_chip_43xx.a(uart_18xx_43xx.o)
 .text.Chip_UART_SetupFIFOS
                0x1a001a6c       0x1c /home/lautaro/GitHub/BTCONFIG/lpc_chip_43xx/Debug/liblpc_chip_43xx.a(uart_18xx_43xx.o)
 .text.Chip_UART_ConfigData
                0x1a001a88       0x1c /home/lautaro/GitHub/BTCONFIG/lpc_chip_43xx/Debug/liblpc_chip_43xx.a(uart_18xx_43xx.o)
 .text.Chip_UART_EnableDivisorAccess
                0x1a001aa4       0x20 /home/lautaro/GitHub/BTCONFIG/lpc_chip_43xx/Debug/liblpc_chip_43xx.a(uart_18xx_43xx.o)
 .text.Chip_UART_DisableDivisorAccess
                0x1a001ac4       0x20 /home/lautaro/GitHub/BTCONFIG/lpc_chip_43xx/Debug/liblpc_chip_43xx.a(uart_18xx_43xx.o)
 .text.Chip_UART_SetDivisorLatches
                0x1a001ae4       0x28 /home/lautaro/GitHub/BTCONFIG/lpc_chip_43xx/Debug/liblpc_chip_43xx.a(uart_18xx_43xx.o)
 .text.Chip_UART_GetIndex
                0x1a001b0c       0x60 /home/lautaro/GitHub/BTCONFIG/lpc_chip_43xx/Debug/liblpc_chip_43xx.a(uart_18xx_43xx.o)
 .text.Chip_UART_Init
                0x1a001b6c       0x84 /home/lautaro/GitHub/BTCONFIG/lpc_chip_43xx/Debug/liblpc_chip_43xx.a(uart_18xx_43xx.o)
                0x1a001b6c                Chip_UART_Init
 .text.Chip_UART_SetBaud
                0x1a001bf0       0x6c /home/lautaro/GitHub/BTCONFIG/lpc_chip_43xx/Debug/liblpc_chip_43xx.a(uart_18xx_43xx.o)
                0x1a001bf0                Chip_UART_SetBaud
 .text.Chip_UART_SetBaudFDR
                0x1a001c5c      0x170 /home/lautaro/GitHub/BTCONFIG/lpc_chip_43xx/Debug/liblpc_chip_43xx.a(uart_18xx_43xx.o)
                0x1a001c5c                Chip_UART_SetBaudFDR
 .text.__main   0x1a001dcc       0x14 /usr/local/lpcxpresso_8.2.2_650/lpcxpresso/tools/bin/../lib/gcc/arm-none-eabi/5.4.1/../../../../arm-none-eabi/lib/armv7e-m/softfp/libcr_nohost.a(_cr__main.o)
                0x1a001dcc                __main
 .text.memset   0x1a001de0        0x4 /usr/local/lpcxpresso_8.2.2_650/lpcxpresso/tools/bin/../lib/gcc/arm-none-eabi/5.4.1/../../../../arm-none-eabi/lib/armv7e-m/softfp/libcr_c.a(memset.o)
                0x1a001de0                memset
 .text._initio  0x1a001de4       0xa4 /usr/local/lpcxpresso_8.2.2_650/lpcxpresso/tools/bin/../lib/gcc/arm-none-eabi/5.4.1/../../../../arm-none-eabi/lib/armv7e-m/softfp/libcr_c.a(initio.o)
                0x1a001de4                _initio
 .text.setvbuf  0x1a001e88       0x40 /usr/local/lpcxpresso_8.2.2_650/lpcxpresso/tools/bin/../lib/gcc/arm-none-eabi/5.4.1/../../../../arm-none-eabi/lib/armv7e-m/softfp/libcr_c.a(setvbuf.o)
                0x1a001e88                setvbuf
 .text._deferredlazyseek
                0x1a001ec8       0x44 /usr/local/lpcxpresso_8.2.2_650/lpcxpresso/tools/bin/../lib/gcc/arm-none-eabi/5.4.1/../../../../arm-none-eabi/lib/armv7e-m/softfp/libcr_c.a(_deferredlazyseek.o)
                0x1a001ec8                _deferredlazyseek
 .text._fdopen  0x1a001f0c       0x6a /usr/local/lpcxpresso_8.2.2_650/lpcxpresso/tools/bin/../lib/gcc/arm-none-eabi/5.4.1/../../../../arm-none-eabi/lib/armv7e-m/softfp/libcr_c.a(_fdopen.o)
                0x1a001f0c                _fdopen
 .text._fflush  0x1a001f76       0x58 /usr/local/lpcxpresso_8.2.2_650/lpcxpresso/tools/bin/../lib/gcc/arm-none-eabi/5.4.1/../../../../arm-none-eabi/lib/armv7e-m/softfp/libcr_c.a(_fflush.o)
                0x1a001f76                _fflush
 *fill*         0x1a001fce        0x2 ff
 .text._Cwritebuf
                0x1a001fd0       0x68 /usr/local/lpcxpresso_8.2.2_650/lpcxpresso/tools/bin/../lib/gcc/arm-none-eabi/5.4.1/../../../../arm-none-eabi/lib/armv7e-m/softfp/libcr_c.a(_writebuf.o)
                0x1a001fd0                _Cwritebuf
 .text.malloc   0x1a002038       0xc8 /usr/local/lpcxpresso_8.2.2_650/lpcxpresso/tools/bin/../lib/gcc/arm-none-eabi/5.4.1/../../../../arm-none-eabi/lib/armv7e-m/softfp/libcr_c.a(alloc.o)
                0x1a002038                malloc
 .text.free     0x1a002100       0x30 /usr/local/lpcxpresso_8.2.2_650/lpcxpresso/tools/bin/../lib/gcc/arm-none-eabi/5.4.1/../../../../arm-none-eabi/lib/armv7e-m/softfp/libcr_c.a(alloc.o)
                0x1a002100                free
 .text._Csys_alloc
                0x1a002130       0x20 /usr/local/lpcxpresso_8.2.2_650/lpcxpresso/tools/bin/../lib/gcc/arm-none-eabi/5.4.1/../../../../arm-none-eabi/lib/armv7e-m/softfp/libcr_c.a(alloc.o)
                0x1a002130                _Csys_alloc
 .text.fclose   0x1a002150       0x6c /usr/local/lpcxpresso_8.2.2_650/lpcxpresso/tools/bin/../lib/gcc/arm-none-eabi/5.4.1/../../../../arm-none-eabi/lib/armv7e-m/softfp/libcr_c.a(fclose.o)
                0x1a002150                fclose
 .text.fflush   0x1a0021bc       0x30 /usr/local/lpcxpresso_8.2.2_650/lpcxpresso/tools/bin/../lib/gcc/arm-none-eabi/5.4.1/../../../../arm-none-eabi/lib/armv7e-m/softfp/libcr_c.a(fflush.o)
                0x1a0021bc                fflush
 .text.fseek    0x1a0021ec      0x110 /usr/local/lpcxpresso_8.2.2_650/lpcxpresso/tools/bin/../lib/gcc/arm-none-eabi/5.4.1/../../../../arm-none-eabi/lib/armv7e-m/softfp/libcr_c.a(fseek.o)
                0x1a0021ec                fseek
 .text.ftell    0x1a0022fc       0x4c /usr/local/lpcxpresso_8.2.2_650/lpcxpresso/tools/bin/../lib/gcc/arm-none-eabi/5.4.1/../../../../arm-none-eabi/lib/armv7e-m/softfp/libcr_c.a(ftell.o)
                0x1a0022fc                ftell
 .text.remove   0x1a002348       0x14 /usr/local/lpcxpresso_8.2.2_650/lpcxpresso/tools/bin/../lib/gcc/arm-none-eabi/5.4.1/../../../../arm-none-eabi/lib/armv7e-m/softfp/libcr_c.a(remove.o)
                0x1a002348                remove
 .text.strlen   0x1a00235c       0x4a /usr/local/lpcxpresso_8.2.2_650/lpcxpresso/tools/bin/../lib/gcc/arm-none-eabi/5.4.1/../../../../arm-none-eabi/lib/armv7e-m/softfp/libcr_c.a(strlen.o)
                0x1a00235c                strlen
 *fill*         0x1a0023a6        0x2 ff
 .text._sbrk    0x1a0023a8       0x40 /usr/local/lpcxpresso_8.2.2_650/lpcxpresso/tools/bin/../lib/gcc/arm-none-eabi/5.4.1/../../../../arm-none-eabi/lib/armv7e-m/softfp/libcr_c.a(_cr_sbrk.o)
                0x1a0023a8                _sbrk
 .text._do_fflush
                0x1a0023e8       0x44 /usr/local/lpcxpresso_8.2.2_650/lpcxpresso/tools/bin/../lib/gcc/arm-none-eabi/5.4.1/../../../../arm-none-eabi/lib/armv7e-m/softfp/libcr_c.a(_do_fflush.o)
                0x1a0023e8                _do_fflush
 .text.__check_heap_overflow
                0x1a00242c       0x18 /usr/local/lpcxpresso_8.2.2_650/lpcxpresso/tools/bin/../lib/gcc/arm-none-eabi/5.4.1/../../../../arm-none-eabi/lib/armv7e-m/softfp/libcr_c.a(_cr_check_heap.o)
                0x1a00242c                __check_heap_overflow
 .text.__aeabi_division_uldivmod
                0x1a002444      0x174 /usr/local/lpcxpresso_8.2.2_650/lpcxpresso/tools/bin/../lib/gcc/arm-none-eabi/5.4.1/armv7e-m/softfp/libcr_eabihelpers.a(division_64.o)
                0x1a002444                __aeabi_uldivmod
                0x1a002448                __bhs_ldivmod1
 .text.__aeabi_division_idiv0
                0x1a0025b8        0x2 /usr/local/lpcxpresso_8.2.2_650/lpcxpresso/tools/bin/../lib/gcc/arm-none-eabi/5.4.1/armv7e-m/softfp/libcr_eabihelpers.a(division_idiv0.o)
                0x1a0025b8                __aeabi_idiv0
 .text.__aeabi_memset_lowlevel
                0x1a0025ba       0x32 /usr/local/lpcxpresso_8.2.2_650/lpcxpresso/tools/bin/../lib/gcc/arm-none-eabi/5.4.1/armv7e-m/softfp/libcr_eabihelpers.a(memcpy.o)
                0x1a0025ba                __aeabi_lowlevel_memset
 .text.__sys_appexit
                0x1a0025ec        0x2 /usr/local/lpcxpresso_8.2.2_650/lpcxpresso/tools/bin/../lib/gcc/arm-none-eabi/5.4.1/../../../../arm-none-eabi/lib/armv7e-m/softfp/libcr_nohost.a(__sys_appexit.o)
                0x1a0025ec                __exit
                0x1a0025ec                __sys_appexit
 .text.__sys_close
                0x1a0025ee        0x6 /usr/local/lpcxpresso_8.2.2_650/lpcxpresso/tools/bin/../lib/gcc/arm-none-eabi/5.4.1/../../../../arm-none-eabi/lib/armv7e-m/softfp/libcr_nohost.a(__sys_close.o)
                0x1a0025ee                __sys_close
 .text.__sys_flen
                0x1a0025f4        0x6 /usr/local/lpcxpresso_8.2.2_650/lpcxpresso/tools/bin/../lib/gcc/arm-none-eabi/5.4.1/../../../../arm-none-eabi/lib/armv7e-m/softfp/libcr_nohost.a(__sys_flen.o)
                0x1a0025f4                __sys_flen
 .text.__sys_istty
                0x1a0025fa        0x6 /usr/local/lpcxpresso_8.2.2_650/lpcxpresso/tools/bin/../lib/gcc/arm-none-eabi/5.4.1/../../../../arm-none-eabi/lib/armv7e-m/softfp/libcr_nohost.a(__sys_istty.o)
                0x1a0025fa                __sys_istty
 .text.__sys_remove
                0x1a002600        0x6 /usr/local/lpcxpresso_8.2.2_650/lpcxpresso/tools/bin/../lib/gcc/arm-none-eabi/5.4.1/../../../../arm-none-eabi/lib/armv7e-m/softfp/libcr_nohost.a(__sys_remove.o)
                0x1a002600                __sys_remove
 .text.__sys_seek
                0x1a002606        0x6 /usr/local/lpcxpresso_8.2.2_650/lpcxpresso/tools/bin/../lib/gcc/arm-none-eabi/5.4.1/../../../../arm-none-eabi/lib/armv7e-m/softfp/libcr_nohost.a(__sys_seek.o)
                0x1a002606                __sys_seek
 .text.__sys_tmpnam
                0x1a00260c        0x6 /usr/local/lpcxpresso_8.2.2_650/lpcxpresso/tools/bin/../lib/gcc/arm-none-eabi/5.4.1/../../../../arm-none-eabi/lib/armv7e-m/softfp/libcr_nohost.a(__sys_tmpnam.o)
                0x1a00260c                __sys_tmpnam
 *(.rodata .rodata.* .constdata .constdata.*)
 *fill*         0x1a002612        0x2 ff
 .rodata.ExtRateIn
                0x1a002614        0x4 /home/lautaro/GitHub/BTCONFIG/lpc_board_nxp_lpcxpresso_4337/Debug/liblpc_board_nxp_lpcxpresso_4337.a(board.o)
                0x1a002614                ExtRateIn
 .rodata.OscRateIn
                0x1a002618        0x4 /home/lautaro/GitHub/BTCONFIG/lpc_board_nxp_lpcxpresso_4337/Debug/liblpc_board_nxp_lpcxpresso_4337.a(board.o)
                0x1a002618                OscRateIn
 .rodata.gpioLEDBits
                0x1a00261c        0xc /home/lautaro/GitHub/BTCONFIG/lpc_board_nxp_lpcxpresso_4337/Debug/liblpc_board_nxp_lpcxpresso_4337.a(board.o)
 .rodata.gpioButtonBits
                0x1a002628        0x8 /home/lautaro/GitHub/BTCONFIG/lpc_board_nxp_lpcxpresso_4337/Debug/liblpc_board_nxp_lpcxpresso_4337.a(board.o)
 .rodata.InitClkStates
                0x1a002630        0xc /home/lautaro/GitHub/BTCONFIG/lpc_board_nxp_lpcxpresso_4337/Debug/liblpc_board_nxp_lpcxpresso_4337.a(board_sysinit.o)
 .rodata.pinmuxing
                0x1a00263c       0x2c /home/lautaro/GitHub/BTCONFIG/lpc_board_nxp_lpcxpresso_4337/Debug/liblpc_board_nxp_lpcxpresso_4337.a(board_sysinit.o)
 .rodata.periph_to_base
                0x1a002668       0x6c /home/lautaro/GitHub/BTCONFIG/lpc_chip_43xx/Debug/liblpc_chip_43xx.a(clock_18xx_43xx.o)
 .rodata        0x1a0026d4        0xa /home/lautaro/GitHub/BTCONFIG/lpc_chip_43xx/Debug/liblpc_chip_43xx.a(clock_18xx_43xx.o)
 *fill*         0x1a0026de        0x2 ff
 .rodata.InitClkStates
                0x1a0026e0       0x48 /home/lautaro/GitHub/BTCONFIG/lpc_chip_43xx/Debug/liblpc_chip_43xx.a(sysinit_18xx_43xx.o)
 .rodata.UART_PClock
                0x1a002728        0x8 /home/lautaro/GitHub/BTCONFIG/lpc_chip_43xx/Debug/liblpc_chip_43xx.a(uart_18xx_43xx.o)
 .rodata.UART_BClock
                0x1a002730        0x8 /home/lautaro/GitHub/BTCONFIG/lpc_chip_43xx/Debug/liblpc_chip_43xx.a(uart_18xx_43xx.o)
 .rodata.str1.1
                0x1a002738        0x4 /usr/local/lpcxpresso_8.2.2_650/lpcxpresso/tools/bin/../lib/gcc/arm-none-eabi/5.4.1/../../../../arm-none-eabi/lib/armv7e-m/softfp/libcr_c.a(initio.o)
 .rodata.str1.1
                0x1a00273c       0x18 /usr/local/lpcxpresso_8.2.2_650/lpcxpresso/tools/bin/../lib/gcc/arm-none-eabi/5.4.1/../../../../arm-none-eabi/lib/armv7e-m/softfp/libcr_c.a(alloc.o)
                0x1a002754                . = ALIGN (0x4)

.glue_7         0x1a002754        0x0
 .glue_7        0x1a002754        0x0 linker stubs

.glue_7t        0x1a002754        0x0
 .glue_7t       0x1a002754        0x0 linker stubs

.vfp11_veneer   0x1a002754        0x0
 .vfp11_veneer  0x1a002754        0x0 linker stubs

.v4_bx          0x1a002754        0x0
 .v4_bx         0x1a002754        0x0 linker stubs

.iplt           0x1a002754        0x0
 .iplt          0x1a002754        0x0 ./example/src/cr_startup_lpc43xx.o

.rel.dyn        0x1a002754        0x0
 .rel.iplt      0x1a002754        0x0 ./example/src/cr_startup_lpc43xx.o

.ARM.extab
 *(.ARM.extab* .gnu.linkonce.armextab.*)
                0x1a002754                __exidx_start = .

.ARM.exidx
 *(.ARM.exidx* .gnu.linkonce.armexidx.*)
                0x1a002754                __exidx_end = .
                0x1a002754                _etext = .

.data_RAM2      0x10080000        0x0 load address 0x1a002754
 FILL mask 0xff
                [!provide]                PROVIDE (__start_data_RAM2, .)
 *(.ramfunc.$RAM2)
 *(.ramfunc.$RamLoc40)
 *(.data.$RAM2*)
 *(.data.$RamLoc40*)
                0x10080000                . = ALIGN (0x4)
                [!provide]                PROVIDE (__end_data_RAM2, .)

.data_RAM3      0x20000000        0x0 load address 0x1a002754
 FILL mask 0xff
                [!provide]                PROVIDE (__start_data_RAM3, .)
 *(.ramfunc.$RAM3)
 *(.ramfunc.$RamAHB32)
 *(.data.$RAM3*)
 *(.data.$RamAHB32*)
                0x20000000                . = ALIGN (0x4)
                [!provide]                PROVIDE (__end_data_RAM3, .)

.data_RAM4      0x20008000        0x0 load address 0x1a002754
 FILL mask 0xff
                [!provide]                PROVIDE (__start_data_RAM4, .)
 *(.ramfunc.$RAM4)
 *(.ramfunc.$RamAHB16)
 *(.data.$RAM4*)
 *(.data.$RamAHB16*)
                0x20008000                . = ALIGN (0x4)
                [!provide]                PROVIDE (__end_data_RAM4, .)

.data_RAM5      0x2000c000        0x0 load address 0x1a002754
 FILL mask 0xff
                [!provide]                PROVIDE (__start_data_RAM5, .)
 *(.ramfunc.$RAM5)
 *(.ramfunc.$RamAHB_ETB16)
 *(.data.$RAM5*)
 *(.data.$RamAHB_ETB16*)
                0x2000c000                . = ALIGN (0x4)
                [!provide]                PROVIDE (__end_data_RAM5, .)

.uninit_RESERVED
                0x10000000        0x0
 *(.bss.$RESERVED*)
                0x10000000                . = ALIGN (0x4)
                0x10000000                _end_uninit_RESERVED = .

.data           0x10000000        0x0 load address 0x1a002754
 FILL mask 0xff
                0x10000000                _data = .
 *(vtable)
 *(.ramfunc*)
 *(.data*)
                0x10000000                . = ALIGN (0x4)
                0x10000000                _edata = .

.igot.plt       0x10000000        0x0 load address 0x1a002754
 .igot.plt      0x10000000        0x0 ./example/src/cr_startup_lpc43xx.o

.bss_RAM2       0x10080000        0x0
                [!provide]                PROVIDE (__start_bss_RAM2, .)
 *(.bss.$RAM2*)
 *(.bss.$RamLoc40*)
                0x10080000                . = ALIGN ((. != 0x0)?0x4:0x1)
                [!provide]                PROVIDE (__end_bss_RAM2, .)

.bss_RAM3       0x20000000        0x0
                [!provide]                PROVIDE (__start_bss_RAM3, .)
 *(.bss.$RAM3*)
 *(.bss.$RamAHB32*)
                0x20000000                . = ALIGN ((. != 0x0)?0x4:0x1)
                [!provide]                PROVIDE (__end_bss_RAM3, .)

.bss_RAM4       0x20008000        0x0
                [!provide]                PROVIDE (__start_bss_RAM4, .)
 *(.bss.$RAM4*)
 *(.bss.$RamAHB16*)
                0x20008000                . = ALIGN ((. != 0x0)?0x4:0x1)
                [!provide]                PROVIDE (__end_bss_RAM4, .)

.bss_RAM5       0x2000c000        0x0
                [!provide]                PROVIDE (__start_bss_RAM5, .)
 *(.bss.$RAM5*)
 *(.bss.$RamAHB_ETB16*)
                0x2000c000                . = ALIGN ((. != 0x0)?0x4:0x1)
                [!provide]                PROVIDE (__end_bss_RAM5, .)

.bss            0x10000000      0x22c
                0x10000000                _bss = .
 *(.bss*)
 .bss.USART0_IRQ_flag
                0x10000000        0x1 ./example/src/systick.o
                0x10000000                USART0_IRQ_flag
 .bss.USART2_IRQ_flag
                0x10000001        0x1 ./example/src/systick.o
                0x10000001                USART2_IRQ_flag
 *fill*         0x10000002        0x2 
 .bss.audio_usb_pll_freq
                0x10000004        0x8 /home/lautaro/GitHub/BTCONFIG/lpc_chip_43xx/Debug/liblpc_chip_43xx.a(clock_18xx_43xx.o)
 .bss._extra    0x1000000c        0x4 /usr/local/lpcxpresso_8.2.2_650/lpcxpresso/tools/bin/../lib/gcc/arm-none-eabi/5.4.1/../../../../arm-none-eabi/lib/armv7e-m/softfp/libcr_c.a(initio.o)
                0x1000000c                _extra
 .bss.__Ciob    0x10000010      0x140 /usr/local/lpcxpresso_8.2.2_650/lpcxpresso/tools/bin/../lib/gcc/arm-none-eabi/5.4.1/../../../../arm-none-eabi/lib/armv7e-m/softfp/libcr_c.a(stdio.o)
                0x10000010                __Ciob
 .bss.__heaps   0x10000150        0x4 /usr/local/lpcxpresso_8.2.2_650/lpcxpresso/tools/bin/../lib/gcc/arm-none-eabi/5.4.1/../../../../arm-none-eabi/lib/armv7e-m/softfp/libcr_c.a(__init_alloc.o)
                0x10000150                __heaps
 .bss.__end_of_heap
                0x10000154        0x4 /usr/local/lpcxpresso_8.2.2_650/lpcxpresso/tools/bin/../lib/gcc/arm-none-eabi/5.4.1/../../../../arm-none-eabi/lib/armv7e-m/softfp/libcr_c.a(__init_alloc.o)
                0x10000154                __end_of_heap
 .bss.errno     0x10000158        0x4 /usr/local/lpcxpresso_8.2.2_650/lpcxpresso/tools/bin/../lib/gcc/arm-none-eabi/5.4.1/../../../../arm-none-eabi/lib/armv7e-m/softfp/libcr_c.a(errno.o)
                0x10000158                errno
 *(COMMON)
 COMMON         0x1000015c       0xcc ./example/src/systick.o
                0x1000015c                recibido0
                0x100001c0                time_flag
                0x100001c4                recibido2
 COMMON         0x10000228        0x4 /home/lautaro/GitHub/BTCONFIG/lpc_chip_43xx/Debug/liblpc_chip_43xx.a(chip_18xx_43xx.o)
                0x10000228                SystemCoreClock
                0x1000022c                . = ALIGN (0x4)
                0x1000022c                _ebss = .
                [!provide]                PROVIDE (end, .)

.noinit_RAM2    0x10080000        0x0
 *(.noinit.$RAM2*)
 *(.noinit.$RamLoc40*)
                0x10080000                . = ALIGN (0x4)

.noinit_RAM3    0x20000000        0x0
 *(.noinit.$RAM3*)
 *(.noinit.$RamAHB32*)
                0x20000000                . = ALIGN (0x4)

.noinit_RAM4    0x20008000        0x0
 *(.noinit.$RAM4*)
 *(.noinit.$RamAHB16*)
                0x20008000                . = ALIGN (0x4)

.noinit_RAM5    0x2000c000        0x0
 *(.noinit.$RAM5*)
 *(.noinit.$RamAHB_ETB16*)
                0x2000c000                . = ALIGN (0x4)

.noinit         0x1000022c        0x0
                0x1000022c                _noinit = .
 *(.noinit*)
                0x1000022c                . = ALIGN (0x4)
                0x1000022c                _end_noinit = .
                0x1000022c                PROVIDE (_pvHeapStart, DEFINED (__user_heap_base)?__user_heap_base:.)
                0x10008000                PROVIDE (_vStackTop, DEFINED (__user_stack_top)?__user_stack_top:(__top_RamLoc32 - 0x0))
                [!provide]                PROVIDE (__valid_user_code_checksum, (0x0 - ((((((_vStackTop + (ResetISR + 0x1)) + (NMI_Handler + 0x1)) + (HardFault_Handler + 0x1)) + (DEFINED (MemManage_Handler)?MemManage_Handler:0x0 + 0x1)) + (DEFINED (BusFault_Handler)?BusFault_Handler:0x0 + 0x1)) + (DEFINED (UsageFault_Handler)?UsageFault_Handler:0x0 + 0x1))))
OUTPUT(periph_systick.axf elf32-littlearm)

.debug_info     0x00000000     0x7897
 .debug_info    0x00000000      0x297 ./example/src/cr_startup_lpc43xx.o
 .debug_info    0x00000297       0xea ./example/src/sysinit.o
 .debug_info    0x00000381     0x1324 ./example/src/systick.o
 .debug_info    0x000016a5     0x1a0c /home/lautaro/GitHub/BTCONFIG/lpc_board_nxp_lpcxpresso_4337/Debug/liblpc_board_nxp_lpcxpresso_4337.a(board.o)
 .debug_info    0x000030b1      0xb56 /home/lautaro/GitHub/BTCONFIG/lpc_board_nxp_lpcxpresso_4337/Debug/liblpc_board_nxp_lpcxpresso_4337.a(board_sysinit.o)
 .debug_info    0x00003c07      0xa31 /home/lautaro/GitHub/BTCONFIG/lpc_chip_43xx/Debug/liblpc_chip_43xx.a(chip_18xx_43xx.o)
 .debug_info    0x00004638     0x1590 /home/lautaro/GitHub/BTCONFIG/lpc_chip_43xx/Debug/liblpc_chip_43xx.a(clock_18xx_43xx.o)
 .debug_info    0x00005bc8      0x128 /home/lautaro/GitHub/BTCONFIG/lpc_chip_43xx/Debug/liblpc_chip_43xx.a(fpu_init.o)
 .debug_info    0x00005cf0      0x1fd /home/lautaro/GitHub/BTCONFIG/lpc_chip_43xx/Debug/liblpc_chip_43xx.a(gpio_18xx_43xx.o)
 .debug_info    0x00005eed      0x8fd /home/lautaro/GitHub/BTCONFIG/lpc_chip_43xx/Debug/liblpc_chip_43xx.a(sysinit_18xx_43xx.o)
 .debug_info    0x000067ea     0x10ad /home/lautaro/GitHub/BTCONFIG/lpc_chip_43xx/Debug/liblpc_chip_43xx.a(uart_18xx_43xx.o)

.debug_abbrev   0x00000000     0x131a
 .debug_abbrev  0x00000000       0xed ./example/src/cr_startup_lpc43xx.o
 .debug_abbrev  0x000000ed       0x9c ./example/src/sysinit.o
 .debug_abbrev  0x00000189      0x2ff ./example/src/systick.o
 .debug_abbrev  0x00000488      0x336 /home/lautaro/GitHub/BTCONFIG/lpc_board_nxp_lpcxpresso_4337/Debug/liblpc_board_nxp_lpcxpresso_4337.a(board.o)
 .debug_abbrev  0x000007be      0x19a /home/lautaro/GitHub/BTCONFIG/lpc_board_nxp_lpcxpresso_4337/Debug/liblpc_board_nxp_lpcxpresso_4337.a(board_sysinit.o)
 .debug_abbrev  0x00000958      0x155 /home/lautaro/GitHub/BTCONFIG/lpc_chip_43xx/Debug/liblpc_chip_43xx.a(chip_18xx_43xx.o)
 .debug_abbrev  0x00000aad      0x2cb /home/lautaro/GitHub/BTCONFIG/lpc_chip_43xx/Debug/liblpc_chip_43xx.a(clock_18xx_43xx.o)
 .debug_abbrev  0x00000d78       0x84 /home/lautaro/GitHub/BTCONFIG/lpc_chip_43xx/Debug/liblpc_chip_43xx.a(fpu_init.o)
 .debug_abbrev  0x00000dfc       0xd0 /home/lautaro/GitHub/BTCONFIG/lpc_chip_43xx/Debug/liblpc_chip_43xx.a(gpio_18xx_43xx.o)
 .debug_abbrev  0x00000ecc      0x18e /home/lautaro/GitHub/BTCONFIG/lpc_chip_43xx/Debug/liblpc_chip_43xx.a(sysinit_18xx_43xx.o)
 .debug_abbrev  0x0000105a      0x2c0 /home/lautaro/GitHub/BTCONFIG/lpc_chip_43xx/Debug/liblpc_chip_43xx.a(uart_18xx_43xx.o)

.debug_aranges  0x00000000      0x640
 .debug_aranges
                0x00000000       0x80 ./example/src/cr_startup_lpc43xx.o
 .debug_aranges
                0x00000080       0x20 ./example/src/sysinit.o
 .debug_aranges
                0x000000a0       0xc0 ./example/src/systick.o
 .debug_aranges
                0x00000160      0x170 /home/lautaro/GitHub/BTCONFIG/lpc_board_nxp_lpcxpresso_4337/Debug/liblpc_board_nxp_lpcxpresso_4337.a(board.o)
 .debug_aranges
                0x000002d0       0x48 /home/lautaro/GitHub/BTCONFIG/lpc_board_nxp_lpcxpresso_4337/Debug/liblpc_board_nxp_lpcxpresso_4337.a(board_sysinit.o)
 .debug_aranges
                0x00000318       0x40 /home/lautaro/GitHub/BTCONFIG/lpc_chip_43xx/Debug/liblpc_chip_43xx.a(chip_18xx_43xx.o)
 .debug_aranges
                0x00000358      0x138 /home/lautaro/GitHub/BTCONFIG/lpc_chip_43xx/Debug/liblpc_chip_43xx.a(clock_18xx_43xx.o)
 .debug_aranges
                0x00000490       0x20 /home/lautaro/GitHub/BTCONFIG/lpc_chip_43xx/Debug/liblpc_chip_43xx.a(fpu_init.o)
 .debug_aranges
                0x000004b0       0x28 /home/lautaro/GitHub/BTCONFIG/lpc_chip_43xx/Debug/liblpc_chip_43xx.a(gpio_18xx_43xx.o)
 .debug_aranges
                0x000004d8       0x50 /home/lautaro/GitHub/BTCONFIG/lpc_chip_43xx/Debug/liblpc_chip_43xx.a(sysinit_18xx_43xx.o)
 .debug_aranges
                0x00000528      0x118 /home/lautaro/GitHub/BTCONFIG/lpc_chip_43xx/Debug/liblpc_chip_43xx.a(uart_18xx_43xx.o)

.debug_ranges   0x00000000      0x5c0
 .debug_ranges  0x00000000       0x70 ./example/src/cr_startup_lpc43xx.o
 .debug_ranges  0x00000070       0x10 ./example/src/sysinit.o
 .debug_ranges  0x00000080       0xb0 ./example/src/systick.o
 .debug_ranges  0x00000130      0x160 /home/lautaro/GitHub/BTCONFIG/lpc_board_nxp_lpcxpresso_4337/Debug/liblpc_board_nxp_lpcxpresso_4337.a(board.o)
 .debug_ranges  0x00000290       0x38 /home/lautaro/GitHub/BTCONFIG/lpc_board_nxp_lpcxpresso_4337/Debug/liblpc_board_nxp_lpcxpresso_4337.a(board_sysinit.o)
 .debug_ranges  0x000002c8       0x30 /home/lautaro/GitHub/BTCONFIG/lpc_chip_43xx/Debug/liblpc_chip_43xx.a(chip_18xx_43xx.o)
 .debug_ranges  0x000002f8      0x140 /home/lautaro/GitHub/BTCONFIG/lpc_chip_43xx/Debug/liblpc_chip_43xx.a(clock_18xx_43xx.o)
 .debug_ranges  0x00000438       0x10 /home/lautaro/GitHub/BTCONFIG/lpc_chip_43xx/Debug/liblpc_chip_43xx.a(fpu_init.o)
 .debug_ranges  0x00000448       0x18 /home/lautaro/GitHub/BTCONFIG/lpc_chip_43xx/Debug/liblpc_chip_43xx.a(gpio_18xx_43xx.o)
 .debug_ranges  0x00000460       0x40 /home/lautaro/GitHub/BTCONFIG/lpc_chip_43xx/Debug/liblpc_chip_43xx.a(sysinit_18xx_43xx.o)
 .debug_ranges  0x000004a0      0x120 /home/lautaro/GitHub/BTCONFIG/lpc_chip_43xx/Debug/liblpc_chip_43xx.a(uart_18xx_43xx.o)

.debug_macro    0x00000000     0x6f4e
 .debug_macro   0x00000000       0x1d ./example/src/cr_startup_lpc43xx.o
 .debug_macro   0x0000001d      0x8a4 ./example/src/cr_startup_lpc43xx.o
 .debug_macro   0x000008c1      0x310 ./example/src/sysinit.o
 .debug_macro   0x00000bd1       0x10 ./example/src/sysinit.o
 .debug_macro   0x00000be1       0x10 ./example/src/sysinit.o
 .debug_macro   0x00000bf1      0x12d ./example/src/sysinit.o
 .debug_macro   0x00000d1e      0x5b2 ./example/src/sysinit.o
 .debug_macro   0x000012d0       0x22 ./example/src/sysinit.o
 .debug_macro   0x000012f2       0x7b ./example/src/sysinit.o
 .debug_macro   0x0000136d       0x28 ./example/src/sysinit.o
 .debug_macro   0x00001395       0x3b ./example/src/sysinit.o
 .debug_macro   0x000013d0       0x2d ./example/src/sysinit.o
 .debug_macro   0x000013fd       0x42 ./example/src/sysinit.o
 .debug_macro   0x0000143f      0xd39 ./example/src/sysinit.o
 .debug_macro   0x00002178      0x2bc ./example/src/sysinit.o
 .debug_macro   0x00002434      0x112 ./example/src/sysinit.o
 .debug_macro   0x00002546       0x11 ./example/src/sysinit.o
 .debug_macro   0x00002557       0x2a ./example/src/sysinit.o
 .debug_macro   0x00002581       0x16 ./example/src/sysinit.o
 .debug_macro   0x00002597      0x2e6 ./example/src/sysinit.o
 .debug_macro   0x0000287d       0x82 ./example/src/sysinit.o
 .debug_macro   0x000028ff      0x13d ./example/src/sysinit.o
 .debug_macro   0x00002a3c      0x198 ./example/src/sysinit.o
 .debug_macro   0x00002bd4       0x34 ./example/src/sysinit.o
 .debug_macro   0x00002c08       0x58 ./example/src/sysinit.o
 .debug_macro   0x00002c60      0x236 ./example/src/sysinit.o
 .debug_macro   0x00002e96      0x572 ./example/src/sysinit.o
 .debug_macro   0x00003408       0x16 ./example/src/sysinit.o
 .debug_macro   0x0000341e      0x18a ./example/src/sysinit.o
 .debug_macro   0x000035a8       0x88 ./example/src/sysinit.o
 .debug_macro   0x00003630      0x1b9 ./example/src/sysinit.o
 .debug_macro   0x000037e9      0x1da ./example/src/sysinit.o
 .debug_macro   0x000039c3       0x40 ./example/src/sysinit.o
 .debug_macro   0x00003a03       0x1c ./example/src/sysinit.o
 .debug_macro   0x00003a1f       0x2e ./example/src/sysinit.o
 .debug_macro   0x00003a4d       0x2e ./example/src/sysinit.o
 .debug_macro   0x00003a7b       0x22 ./example/src/sysinit.o
 .debug_macro   0x00003a9d      0x201 ./example/src/sysinit.o
 .debug_macro   0x00003c9e       0xe0 ./example/src/sysinit.o
 .debug_macro   0x00003d7e      0x34c ./example/src/sysinit.o
 .debug_macro   0x000040ca       0xdc ./example/src/sysinit.o
 .debug_macro   0x000041a6       0xc4 ./example/src/sysinit.o
 .debug_macro   0x0000426a       0x94 ./example/src/sysinit.o
 .debug_macro   0x000042fe       0xb8 ./example/src/sysinit.o
 .debug_macro   0x000043b6       0x4c ./example/src/sysinit.o
 .debug_macro   0x00004402       0x16 ./example/src/sysinit.o
 .debug_macro   0x00004418      0x328 ./example/src/sysinit.o
 .debug_macro   0x00004740       0x3a ./example/src/sysinit.o
 .debug_macro   0x0000477a       0xd0 ./example/src/sysinit.o
 .debug_macro   0x0000484a       0x18 ./example/src/sysinit.o
 .debug_macro   0x00004862       0x22 ./example/src/sysinit.o
 .debug_macro   0x00004884       0x40 ./example/src/sysinit.o
 .debug_macro   0x000048c4      0x183 ./example/src/sysinit.o
 .debug_macro   0x00004a47       0x9a ./example/src/sysinit.o
 .debug_macro   0x00004ae1       0x20 ./example/src/sysinit.o
 .debug_macro   0x00004b01      0x316 ./example/src/systick.o
 .debug_macro   0x00004e17      0x336 /home/lautaro/GitHub/BTCONFIG/lpc_board_nxp_lpcxpresso_4337/Debug/liblpc_board_nxp_lpcxpresso_4337.a(board.o)
 .debug_macro   0x0000514d      0x89e /home/lautaro/GitHub/BTCONFIG/lpc_board_nxp_lpcxpresso_4337/Debug/liblpc_board_nxp_lpcxpresso_4337.a(board.o)
 .debug_macro   0x000059eb       0x12 /home/lautaro/GitHub/BTCONFIG/lpc_board_nxp_lpcxpresso_4337/Debug/liblpc_board_nxp_lpcxpresso_4337.a(board.o)
 .debug_macro   0x000059fd      0x339 /home/lautaro/GitHub/BTCONFIG/lpc_board_nxp_lpcxpresso_4337/Debug/liblpc_board_nxp_lpcxpresso_4337.a(board.o)
 .debug_macro   0x00005d36      0x310 /home/lautaro/GitHub/BTCONFIG/lpc_board_nxp_lpcxpresso_4337/Debug/liblpc_board_nxp_lpcxpresso_4337.a(board_sysinit.o)
 .debug_macro   0x00006046      0x2da /home/lautaro/GitHub/BTCONFIG/lpc_chip_43xx/Debug/liblpc_chip_43xx.a(chip_18xx_43xx.o)
 .debug_macro   0x00006320      0x2e0 /home/lautaro/GitHub/BTCONFIG/lpc_chip_43xx/Debug/liblpc_chip_43xx.a(clock_18xx_43xx.o)
 .debug_macro   0x00006600       0xc0 /home/lautaro/GitHub/BTCONFIG/lpc_chip_43xx/Debug/liblpc_chip_43xx.a(fpu_init.o)
 .debug_macro   0x000066c0      0x2da /home/lautaro/GitHub/BTCONFIG/lpc_chip_43xx/Debug/liblpc_chip_43xx.a(gpio_18xx_43xx.o)
 .debug_macro   0x0000699a      0x2da /home/lautaro/GitHub/BTCONFIG/lpc_chip_43xx/Debug/liblpc_chip_43xx.a(sysinit_18xx_43xx.o)
 .debug_macro   0x00006c74      0x2da /home/lautaro/GitHub/BTCONFIG/lpc_chip_43xx/Debug/liblpc_chip_43xx.a(uart_18xx_43xx.o)

.debug_line     0x00000000     0x492e
 .debug_line    0x00000000      0x102 ./example/src/cr_startup_lpc43xx.o
 .debug_line    0x00000102      0x640 ./example/src/sysinit.o
 .debug_line    0x00000742      0x8d7 ./example/src/systick.o
 .debug_line    0x00001019      0xa40 /home/lautaro/GitHub/BTCONFIG/lpc_board_nxp_lpcxpresso_4337/Debug/liblpc_board_nxp_lpcxpresso_4337.a(board.o)
 .debug_line    0x00001a59      0x6c7 /home/lautaro/GitHub/BTCONFIG/lpc_board_nxp_lpcxpresso_4337/Debug/liblpc_board_nxp_lpcxpresso_4337.a(board_sysinit.o)
 .debug_line    0x00002120      0x63e /home/lautaro/GitHub/BTCONFIG/lpc_chip_43xx/Debug/liblpc_chip_43xx.a(chip_18xx_43xx.o)
 .debug_line    0x0000275e      0xa3b /home/lautaro/GitHub/BTCONFIG/lpc_chip_43xx/Debug/liblpc_chip_43xx.a(clock_18xx_43xx.o)
 .debug_line    0x00003199      0x1ea /home/lautaro/GitHub/BTCONFIG/lpc_chip_43xx/Debug/liblpc_chip_43xx.a(fpu_init.o)
 .debug_line    0x00003383      0x5e4 /home/lautaro/GitHub/BTCONFIG/lpc_chip_43xx/Debug/liblpc_chip_43xx.a(gpio_18xx_43xx.o)
 .debug_line    0x00003967      0x6ac /home/lautaro/GitHub/BTCONFIG/lpc_chip_43xx/Debug/liblpc_chip_43xx.a(sysinit_18xx_43xx.o)
 .debug_line    0x00004013      0x91b /home/lautaro/GitHub/BTCONFIG/lpc_chip_43xx/Debug/liblpc_chip_43xx.a(uart_18xx_43xx.o)

.debug_str      0x00000000    0x18ff2
 .debug_str     0x00000000     0x2733 ./example/src/cr_startup_lpc43xx.o
                               0x274b (size before relaxing)
 .debug_str     0x00002733    0x13284 ./example/src/sysinit.o
                              0x158e5 (size before relaxing)
 .debug_str     0x000159b7     0x10eb ./example/src/systick.o
                              0x169ff (size before relaxing)
 .debug_str     0x00016aa2     0x18c5 /home/lautaro/GitHub/BTCONFIG/lpc_board_nxp_lpcxpresso_4337/Debug/liblpc_board_nxp_lpcxpresso_4337.a(board.o)
                              0x17d84 (size before relaxing)
 .debug_str     0x00018367      0x125 /home/lautaro/GitHub/BTCONFIG/lpc_board_nxp_lpcxpresso_4337/Debug/liblpc_board_nxp_lpcxpresso_4337.a(board_sysinit.o)
                              0x16686 (size before relaxing)
 .debug_str     0x0001848c       0xd3 /home/lautaro/GitHub/BTCONFIG/lpc_chip_43xx/Debug/liblpc_chip_43xx.a(chip_18xx_43xx.o)
                              0x15dde (size before relaxing)
 .debug_str     0x0001855f      0x5e7 /home/lautaro/GitHub/BTCONFIG/lpc_chip_43xx/Debug/liblpc_chip_43xx.a(clock_18xx_43xx.o)
                              0x16361 (size before relaxing)
 .debug_str     0x00018b46       0xb5 /home/lautaro/GitHub/BTCONFIG/lpc_chip_43xx/Debug/liblpc_chip_43xx.a(fpu_init.o)
                               0x9947 (size before relaxing)
 .debug_str     0x00018bfb       0x38 /home/lautaro/GitHub/BTCONFIG/lpc_chip_43xx/Debug/liblpc_chip_43xx.a(gpio_18xx_43xx.o)
                              0x150f4 (size before relaxing)
 .debug_str     0x00018c33       0xb4 /home/lautaro/GitHub/BTCONFIG/lpc_chip_43xx/Debug/liblpc_chip_43xx.a(sysinit_18xx_43xx.o)
                              0x15dad (size before relaxing)
 .debug_str     0x00018ce7      0x30b /home/lautaro/GitHub/BTCONFIG/lpc_chip_43xx/Debug/liblpc_chip_43xx.a(uart_18xx_43xx.o)
                              0x15f11 (size before relaxing)

.comment        0x00000000       0xdc
 .comment       0x00000000       0x6e ./example/src/cr_startup_lpc43xx.o
                                 0x6f (size before relaxing)
 .comment       0x0000006e       0x6f ./example/src/sysinit.o
 .comment       0x0000006e       0x6f ./example/src/systick.o
 .comment       0x0000006e       0x6f /home/lautaro/GitHub/BTCONFIG/lpc_board_nxp_lpcxpresso_4337/Debug/liblpc_board_nxp_lpcxpresso_4337.a(board.o)
 .comment       0x0000006e       0x6f /home/lautaro/GitHub/BTCONFIG/lpc_board_nxp_lpcxpresso_4337/Debug/liblpc_board_nxp_lpcxpresso_4337.a(board_sysinit.o)
 .comment       0x0000006e       0x6f /home/lautaro/GitHub/BTCONFIG/lpc_chip_43xx/Debug/liblpc_chip_43xx.a(chip_18xx_43xx.o)
 .comment       0x0000006e       0x6f /home/lautaro/GitHub/BTCONFIG/lpc_chip_43xx/Debug/liblpc_chip_43xx.a(clock_18xx_43xx.o)
 .comment       0x0000006e       0x6f /home/lautaro/GitHub/BTCONFIG/lpc_chip_43xx/Debug/liblpc_chip_43xx.a(fpu_init.o)
 .comment       0x0000006e       0x6f /home/lautaro/GitHub/BTCONFIG/lpc_chip_43xx/Debug/liblpc_chip_43xx.a(gpio_18xx_43xx.o)
 .comment       0x0000006e       0x6f /home/lautaro/GitHub/BTCONFIG/lpc_chip_43xx/Debug/liblpc_chip_43xx.a(sysinit_18xx_43xx.o)
 .comment       0x0000006e       0x6f /home/lautaro/GitHub/BTCONFIG/lpc_chip_43xx/Debug/liblpc_chip_43xx.a(uart_18xx_43xx.o)
 .comment       0x0000006e       0x6e /usr/local/lpcxpresso_8.2.2_650/lpcxpresso/tools/bin/../lib/gcc/arm-none-eabi/5.4.1/../../../../arm-none-eabi/lib/armv7e-m/softfp/libcr_nohost.a(_cr__main.o)
                                 0x6f (size before relaxing)
 .comment       0x000000dc       0x6f /usr/local/lpcxpresso_8.2.2_650/lpcxpresso/tools/bin/../lib/gcc/arm-none-eabi/5.4.1/../../../../arm-none-eabi/lib/armv7e-m/softfp/libcr_c.a(memset.o)
 .comment       0x000000dc       0x6f /usr/local/lpcxpresso_8.2.2_650/lpcxpresso/tools/bin/../lib/gcc/arm-none-eabi/5.4.1/../../../../arm-none-eabi/lib/armv7e-m/softfp/libcr_c.a(initio.o)
 .comment       0x000000dc       0x6f /usr/local/lpcxpresso_8.2.2_650/lpcxpresso/tools/bin/../lib/gcc/arm-none-eabi/5.4.1/../../../../arm-none-eabi/lib/armv7e-m/softfp/libcr_c.a(setvbuf.o)
 .comment       0x000000dc       0x6f /usr/local/lpcxpresso_8.2.2_650/lpcxpresso/tools/bin/../lib/gcc/arm-none-eabi/5.4.1/../../../../arm-none-eabi/lib/armv7e-m/softfp/libcr_c.a(stdio.o)
 .comment       0x000000dc       0x6f /usr/local/lpcxpresso_8.2.2_650/lpcxpresso/tools/bin/../lib/gcc/arm-none-eabi/5.4.1/../../../../arm-none-eabi/lib/armv7e-m/softfp/libcr_c.a(_deferredlazyseek.o)
 .comment       0x000000dc       0x6f /usr/local/lpcxpresso_8.2.2_650/lpcxpresso/tools/bin/../lib/gcc/arm-none-eabi/5.4.1/../../../../arm-none-eabi/lib/armv7e-m/softfp/libcr_c.a(_fdopen.o)
 .comment       0x000000dc       0x6f /usr/local/lpcxpresso_8.2.2_650/lpcxpresso/tools/bin/../lib/gcc/arm-none-eabi/5.4.1/../../../../arm-none-eabi/lib/armv7e-m/softfp/libcr_c.a(_fflush.o)
 .comment       0x000000dc       0x6f /usr/local/lpcxpresso_8.2.2_650/lpcxpresso/tools/bin/../lib/gcc/arm-none-eabi/5.4.1/../../../../arm-none-eabi/lib/armv7e-m/softfp/libcr_c.a(_writebuf.o)
 .comment       0x000000dc       0x6f /usr/local/lpcxpresso_8.2.2_650/lpcxpresso/tools/bin/../lib/gcc/arm-none-eabi/5.4.1/../../../../arm-none-eabi/lib/armv7e-m/softfp/libcr_c.a(alloc.o)
 .comment       0x000000dc       0x6f /usr/local/lpcxpresso_8.2.2_650/lpcxpresso/tools/bin/../lib/gcc/arm-none-eabi/5.4.1/../../../../arm-none-eabi/lib/armv7e-m/softfp/libcr_c.a(fclose.o)
 .comment       0x000000dc       0x6f /usr/local/lpcxpresso_8.2.2_650/lpcxpresso/tools/bin/../lib/gcc/arm-none-eabi/5.4.1/../../../../arm-none-eabi/lib/armv7e-m/softfp/libcr_c.a(fflush.o)
 .comment       0x000000dc       0x6f /usr/local/lpcxpresso_8.2.2_650/lpcxpresso/tools/bin/../lib/gcc/arm-none-eabi/5.4.1/../../../../arm-none-eabi/lib/armv7e-m/softfp/libcr_c.a(fseek.o)
 .comment       0x000000dc       0x6f /usr/local/lpcxpresso_8.2.2_650/lpcxpresso/tools/bin/../lib/gcc/arm-none-eabi/5.4.1/../../../../arm-none-eabi/lib/armv7e-m/softfp/libcr_c.a(ftell.o)
 .comment       0x000000dc       0x6f /usr/local/lpcxpresso_8.2.2_650/lpcxpresso/tools/bin/../lib/gcc/arm-none-eabi/5.4.1/../../../../arm-none-eabi/lib/armv7e-m/softfp/libcr_c.a(remove.o)
 .comment       0x000000dc       0x6f /usr/local/lpcxpresso_8.2.2_650/lpcxpresso/tools/bin/../lib/gcc/arm-none-eabi/5.4.1/../../../../arm-none-eabi/lib/armv7e-m/softfp/libcr_c.a(strlen.o)
 .comment       0x000000dc       0x6f /usr/local/lpcxpresso_8.2.2_650/lpcxpresso/tools/bin/../lib/gcc/arm-none-eabi/5.4.1/../../../../arm-none-eabi/lib/armv7e-m/softfp/libcr_c.a(__init_alloc.o)
 .comment       0x000000dc       0x6f /usr/local/lpcxpresso_8.2.2_650/lpcxpresso/tools/bin/../lib/gcc/arm-none-eabi/5.4.1/../../../../arm-none-eabi/lib/armv7e-m/softfp/libcr_c.a(_cr_sbrk.o)
 .comment       0x000000dc       0x6f /usr/local/lpcxpresso_8.2.2_650/lpcxpresso/tools/bin/../lib/gcc/arm-none-eabi/5.4.1/../../../../arm-none-eabi/lib/armv7e-m/softfp/libcr_c.a(_do_fflush.o)
 .comment       0x000000dc       0x6f /usr/local/lpcxpresso_8.2.2_650/lpcxpresso/tools/bin/../lib/gcc/arm-none-eabi/5.4.1/../../../../arm-none-eabi/lib/armv7e-m/softfp/libcr_c.a(errno.o)
 .comment       0x000000dc       0x6f /usr/local/lpcxpresso_8.2.2_650/lpcxpresso/tools/bin/../lib/gcc/arm-none-eabi/5.4.1/../../../../arm-none-eabi/lib/armv7e-m/softfp/libcr_c.a(_cr_check_heap.o)
 .comment       0x000000dc       0x6f /usr/local/lpcxpresso_8.2.2_650/lpcxpresso/tools/bin/../lib/gcc/arm-none-eabi/5.4.1/../../../../arm-none-eabi/lib/armv7e-m/softfp/libcr_nohost.a(__sys_appexit.o)
 .comment       0x000000dc       0x6f /usr/local/lpcxpresso_8.2.2_650/lpcxpresso/tools/bin/../lib/gcc/arm-none-eabi/5.4.1/../../../../arm-none-eabi/lib/armv7e-m/softfp/libcr_nohost.a(__sys_close.o)
 .comment       0x000000dc       0x6f /usr/local/lpcxpresso_8.2.2_650/lpcxpresso/tools/bin/../lib/gcc/arm-none-eabi/5.4.1/../../../../arm-none-eabi/lib/armv7e-m/softfp/libcr_nohost.a(__sys_flen.o)
 .comment       0x000000dc       0x6f /usr/local/lpcxpresso_8.2.2_650/lpcxpresso/tools/bin/../lib/gcc/arm-none-eabi/5.4.1/../../../../arm-none-eabi/lib/armv7e-m/softfp/libcr_nohost.a(__sys_istty.o)
 .comment       0x000000dc       0x6f /usr/local/lpcxpresso_8.2.2_650/lpcxpresso/tools/bin/../lib/gcc/arm-none-eabi/5.4.1/../../../../arm-none-eabi/lib/armv7e-m/softfp/libcr_nohost.a(__sys_remove.o)
 .comment       0x000000dc       0x6f /usr/local/lpcxpresso_8.2.2_650/lpcxpresso/tools/bin/../lib/gcc/arm-none-eabi/5.4.1/../../../../arm-none-eabi/lib/armv7e-m/softfp/libcr_nohost.a(__sys_seek.o)
 .comment       0x000000dc       0x6f /usr/local/lpcxpresso_8.2.2_650/lpcxpresso/tools/bin/../lib/gcc/arm-none-eabi/5.4.1/../../../../arm-none-eabi/lib/armv7e-m/softfp/libcr_nohost.a(__sys_tmpnam.o)

.ARM.attributes
                0x00000000       0x35
 .ARM.attributes
                0x00000000       0x37 ./example/src/cr_startup_lpc43xx.o
 .ARM.attributes
                0x00000037       0x37 ./example/src/sysinit.o
 .ARM.attributes
                0x0000006e       0x37 ./example/src/systick.o
 .ARM.attributes
                0x000000a5       0x37 /home/lautaro/GitHub/BTCONFIG/lpc_board_nxp_lpcxpresso_4337/Debug/liblpc_board_nxp_lpcxpresso_4337.a(board.o)
 .ARM.attributes
                0x000000dc       0x37 /home/lautaro/GitHub/BTCONFIG/lpc_board_nxp_lpcxpresso_4337/Debug/liblpc_board_nxp_lpcxpresso_4337.a(board_sysinit.o)
 .ARM.attributes
                0x00000113       0x37 /home/lautaro/GitHub/BTCONFIG/lpc_chip_43xx/Debug/liblpc_chip_43xx.a(chip_18xx_43xx.o)
 .ARM.attributes
                0x0000014a       0x37 /home/lautaro/GitHub/BTCONFIG/lpc_chip_43xx/Debug/liblpc_chip_43xx.a(clock_18xx_43xx.o)
 .ARM.attributes
                0x00000181       0x37 /home/lautaro/GitHub/BTCONFIG/lpc_chip_43xx/Debug/liblpc_chip_43xx.a(fpu_init.o)
 .ARM.attributes
                0x000001b8       0x37 /home/lautaro/GitHub/BTCONFIG/lpc_chip_43xx/Debug/liblpc_chip_43xx.a(gpio_18xx_43xx.o)
 .ARM.attributes
                0x000001ef       0x37 /home/lautaro/GitHub/BTCONFIG/lpc_chip_43xx/Debug/liblpc_chip_43xx.a(sysinit_18xx_43xx.o)
 .ARM.attributes
                0x00000226       0x37 /home/lautaro/GitHub/BTCONFIG/lpc_chip_43xx/Debug/liblpc_chip_43xx.a(uart_18xx_43xx.o)
 .ARM.attributes
                0x0000025d       0x37 /usr/local/lpcxpresso_8.2.2_650/lpcxpresso/tools/bin/../lib/gcc/arm-none-eabi/5.4.1/../../../../arm-none-eabi/lib/armv7e-m/softfp/libcr_nohost.a(_cr__main.o)
 .ARM.attributes
                0x00000294       0x37 /usr/local/lpcxpresso_8.2.2_650/lpcxpresso/tools/bin/../lib/gcc/arm-none-eabi/5.4.1/../../../../arm-none-eabi/lib/armv7e-m/softfp/libcr_c.a(memset.o)
 .ARM.attributes
                0x000002cb       0x37 /usr/local/lpcxpresso_8.2.2_650/lpcxpresso/tools/bin/../lib/gcc/arm-none-eabi/5.4.1/../../../../arm-none-eabi/lib/armv7e-m/softfp/libcr_c.a(initio.o)
 .ARM.attributes
                0x00000302       0x37 /usr/local/lpcxpresso_8.2.2_650/lpcxpresso/tools/bin/../lib/gcc/arm-none-eabi/5.4.1/../../../../arm-none-eabi/lib/armv7e-m/softfp/libcr_c.a(setvbuf.o)
 .ARM.attributes
                0x00000339       0x37 /usr/local/lpcxpresso_8.2.2_650/lpcxpresso/tools/bin/../lib/gcc/arm-none-eabi/5.4.1/../../../../arm-none-eabi/lib/armv7e-m/softfp/libcr_c.a(stdio.o)
 .ARM.attributes
                0x00000370       0x37 /usr/local/lpcxpresso_8.2.2_650/lpcxpresso/tools/bin/../lib/gcc/arm-none-eabi/5.4.1/../../../../arm-none-eabi/lib/armv7e-m/softfp/libcr_c.a(_deferredlazyseek.o)
 .ARM.attributes
                0x000003a7       0x37 /usr/local/lpcxpresso_8.2.2_650/lpcxpresso/tools/bin/../lib/gcc/arm-none-eabi/5.4.1/../../../../arm-none-eabi/lib/armv7e-m/softfp/libcr_c.a(_fdopen.o)
 .ARM.attributes
                0x000003de       0x37 /usr/local/lpcxpresso_8.2.2_650/lpcxpresso/tools/bin/../lib/gcc/arm-none-eabi/5.4.1/../../../../arm-none-eabi/lib/armv7e-m/softfp/libcr_c.a(_fflush.o)
 .ARM.attributes
                0x00000415       0x37 /usr/local/lpcxpresso_8.2.2_650/lpcxpresso/tools/bin/../lib/gcc/arm-none-eabi/5.4.1/../../../../arm-none-eabi/lib/armv7e-m/softfp/libcr_c.a(_writebuf.o)
 .ARM.attributes
                0x0000044c       0x37 /usr/local/lpcxpresso_8.2.2_650/lpcxpresso/tools/bin/../lib/gcc/arm-none-eabi/5.4.1/../../../../arm-none-eabi/lib/armv7e-m/softfp/libcr_c.a(alloc.o)
 .ARM.attributes
                0x00000483       0x37 /usr/local/lpcxpresso_8.2.2_650/lpcxpresso/tools/bin/../lib/gcc/arm-none-eabi/5.4.1/../../../../arm-none-eabi/lib/armv7e-m/softfp/libcr_c.a(fclose.o)
 .ARM.attributes
                0x000004ba       0x37 /usr/local/lpcxpresso_8.2.2_650/lpcxpresso/tools/bin/../lib/gcc/arm-none-eabi/5.4.1/../../../../arm-none-eabi/lib/armv7e-m/softfp/libcr_c.a(fflush.o)
 .ARM.attributes
                0x000004f1       0x37 /usr/local/lpcxpresso_8.2.2_650/lpcxpresso/tools/bin/../lib/gcc/arm-none-eabi/5.4.1/../../../../arm-none-eabi/lib/armv7e-m/softfp/libcr_c.a(fseek.o)
 .ARM.attributes
                0x00000528       0x37 /usr/local/lpcxpresso_8.2.2_650/lpcxpresso/tools/bin/../lib/gcc/arm-none-eabi/5.4.1/../../../../arm-none-eabi/lib/armv7e-m/softfp/libcr_c.a(ftell.o)
 .ARM.attributes
                0x0000055f       0x37 /usr/local/lpcxpresso_8.2.2_650/lpcxpresso/tools/bin/../lib/gcc/arm-none-eabi/5.4.1/../../../../arm-none-eabi/lib/armv7e-m/softfp/libcr_c.a(remove.o)
 .ARM.attributes
                0x00000596       0x37 /usr/local/lpcxpresso_8.2.2_650/lpcxpresso/tools/bin/../lib/gcc/arm-none-eabi/5.4.1/../../../../arm-none-eabi/lib/armv7e-m/softfp/libcr_c.a(strlen.o)
 .ARM.attributes
                0x000005cd       0x37 /usr/local/lpcxpresso_8.2.2_650/lpcxpresso/tools/bin/../lib/gcc/arm-none-eabi/5.4.1/../../../../arm-none-eabi/lib/armv7e-m/softfp/libcr_c.a(__init_alloc.o)
 .ARM.attributes
                0x00000604       0x37 /usr/local/lpcxpresso_8.2.2_650/lpcxpresso/tools/bin/../lib/gcc/arm-none-eabi/5.4.1/../../../../arm-none-eabi/lib/armv7e-m/softfp/libcr_c.a(_cr_sbrk.o)
 .ARM.attributes
                0x0000063b       0x37 /usr/local/lpcxpresso_8.2.2_650/lpcxpresso/tools/bin/../lib/gcc/arm-none-eabi/5.4.1/../../../../arm-none-eabi/lib/armv7e-m/softfp/libcr_c.a(_do_fflush.o)
 .ARM.attributes
                0x00000672       0x37 /usr/local/lpcxpresso_8.2.2_650/lpcxpresso/tools/bin/../lib/gcc/arm-none-eabi/5.4.1/../../../../arm-none-eabi/lib/armv7e-m/softfp/libcr_c.a(errno.o)
 .ARM.attributes
                0x000006a9       0x37 /usr/local/lpcxpresso_8.2.2_650/lpcxpresso/tools/bin/../lib/gcc/arm-none-eabi/5.4.1/../../../../arm-none-eabi/lib/armv7e-m/softfp/libcr_c.a(_cr_check_heap.o)
 .ARM.attributes
                0x000006e0       0x25 /usr/local/lpcxpresso_8.2.2_650/lpcxpresso/tools/bin/../lib/gcc/arm-none-eabi/5.4.1/armv7e-m/softfp/libcr_eabihelpers.a(division_64.o)
 .ARM.attributes
                0x00000705       0x25 /usr/local/lpcxpresso_8.2.2_650/lpcxpresso/tools/bin/../lib/gcc/arm-none-eabi/5.4.1/armv7e-m/softfp/libcr_eabihelpers.a(division_idiv0.o)
 .ARM.attributes
                0x0000072a       0x25 /usr/local/lpcxpresso_8.2.2_650/lpcxpresso/tools/bin/../lib/gcc/arm-none-eabi/5.4.1/armv7e-m/softfp/libcr_eabihelpers.a(memcpy.o)
 .ARM.attributes
                0x0000074f       0x37 /usr/local/lpcxpresso_8.2.2_650/lpcxpresso/tools/bin/../lib/gcc/arm-none-eabi/5.4.1/../../../../arm-none-eabi/lib/armv7e-m/softfp/libcr_nohost.a(__sys_appexit.o)
 .ARM.attributes
                0x00000786       0x37 /usr/local/lpcxpresso_8.2.2_650/lpcxpresso/tools/bin/../lib/gcc/arm-none-eabi/5.4.1/../../../../arm-none-eabi/lib/armv7e-m/softfp/libcr_nohost.a(__sys_close.o)
 .ARM.attributes
                0x000007bd       0x37 /usr/local/lpcxpresso_8.2.2_650/lpcxpresso/tools/bin/../lib/gcc/arm-none-eabi/5.4.1/../../../../arm-none-eabi/lib/armv7e-m/softfp/libcr_nohost.a(__sys_flen.o)
 .ARM.attributes
                0x000007f4       0x37 /usr/local/lpcxpresso_8.2.2_650/lpcxpresso/tools/bin/../lib/gcc/arm-none-eabi/5.4.1/../../../../arm-none-eabi/lib/armv7e-m/softfp/libcr_nohost.a(__sys_istty.o)
 .ARM.attributes
                0x0000082b       0x37 /usr/local/lpcxpresso_8.2.2_650/lpcxpresso/tools/bin/../lib/gcc/arm-none-eabi/5.4.1/../../../../arm-none-eabi/lib/armv7e-m/softfp/libcr_nohost.a(__sys_remove.o)
 .ARM.attributes
                0x00000862       0x37 /usr/local/lpcxpresso_8.2.2_650/lpcxpresso/tools/bin/../lib/gcc/arm-none-eabi/5.4.1/../../../../arm-none-eabi/lib/armv7e-m/softfp/libcr_nohost.a(__sys_seek.o)
 .ARM.attributes
                0x00000899       0x37 /usr/local/lpcxpresso_8.2.2_650/lpcxpresso/tools/bin/../lib/gcc/arm-none-eabi/5.4.1/../../../../arm-none-eabi/lib/armv7e-m/softfp/libcr_nohost.a(__sys_tmpnam.o)

.debug_frame    0x00000000     0x1848
 .debug_frame   0x00000000      0x170 ./example/src/cr_startup_lpc43xx.o
 .debug_frame   0x00000170       0x34 ./example/src/sysinit.o
 .debug_frame   0x000001a4      0x314 ./example/src/systick.o
 .debug_frame   0x000004b8      0x634 /home/lautaro/GitHub/BTCONFIG/lpc_board_nxp_lpcxpresso_4337/Debug/liblpc_board_nxp_lpcxpresso_4337.a(board.o)
 .debug_frame   0x00000aec       0xe4 /home/lautaro/GitHub/BTCONFIG/lpc_board_nxp_lpcxpresso_4337/Debug/liblpc_board_nxp_lpcxpresso_4337.a(board_sysinit.o)
 .debug_frame   0x00000bd0       0xa0 /home/lautaro/GitHub/BTCONFIG/lpc_chip_43xx/Debug/liblpc_chip_43xx.a(chip_18xx_43xx.o)
 .debug_frame   0x00000c70      0x568 /home/lautaro/GitHub/BTCONFIG/lpc_chip_43xx/Debug/liblpc_chip_43xx.a(clock_18xx_43xx.o)
 .debug_frame   0x000011d8       0x38 /home/lautaro/GitHub/BTCONFIG/lpc_chip_43xx/Debug/liblpc_chip_43xx.a(fpu_init.o)
 .debug_frame   0x00001210       0x60 /home/lautaro/GitHub/BTCONFIG/lpc_chip_43xx/Debug/liblpc_chip_43xx.a(gpio_18xx_43xx.o)
 .debug_frame   0x00001270       0xf4 /home/lautaro/GitHub/BTCONFIG/lpc_chip_43xx/Debug/liblpc_chip_43xx.a(sysinit_18xx_43xx.o)
 .debug_frame   0x00001364      0x4e4 /home/lautaro/GitHub/BTCONFIG/lpc_chip_43xx/Debug/liblpc_chip_43xx.a(uart_18xx_43xx.o)
