11:30:18 **** Incremental Build of configuration Debug for project lpc_board_nxp_lpcxpresso_4337 ****
make -r all 
make: Nothing to be done for 'all'.
11:30:23 **** Incremental Build of configuration Debug for project lpc_chip_43xx ****
make -r all 
make: Nothing to be done for 'all'.
11:30:27 **** Incremental Build of configuration Debug for project periph_uart ****
make -r all 
Building file: ../example/src/uart.c
Invoking: MCU C Compiler
arm-none-eabi-gcc -D__MULTICORE_NONE -DDEBUG -D__CODE_RED -D__USE_LPCOPEN -D__REDLIB__ -DCORE_M4 -I"/home/lautaro/GitHub/BTCONFIG/lpc_chip_43xx/inc" -I"/home/lautaro/GitHub/BTCONFIG/lpc_board_nxp_lpcxpresso_4337/inc" -O0 -g3 -Wall -c -fmessage-length=0 -fno-builtin -ffunction-sections -fdata-sections -fsingle-precision-constant -mcpu=cortex-m4 -mfpu=fpv4-sp-d16 -mfloat-abi=softfp -mthumb -specs=redlib.specs -MMD -MP -MF"example/src/uart.d" -MT"example/src/uart.o" -MT"example/src/uart.d" -o "example/src/uart.o" "../example/src/uart.c"
Finished building: ../example/src/uart.c
 
Building target: periph_uart.axf
Invoking: MCU Linker
arm-none-eabi-gcc -nostdlib -L"/home/lautaro/GitHub/BTCONFIG/lpc_chip_43xx/Debug" -L"/home/lautaro/GitHub/BTCONFIG/lpc_board_nxp_lpcxpresso_4337/Debug" -Xlinker -Map="periph_uart.map" -Xlinker --gc-sections -mcpu=cortex-m4 -mfpu=fpv4-sp-d16 -mfloat-abi=softfp -mthumb -T "periph_uart_Debug.ld" -o "periph_uart.axf"  ./example/src/cr_startup_lpc43xx.o ./example/src/sysinit.o ./example/src/uart.o   -llpc_board_nxp_lpcxpresso_4337 -llpc_chip_43xx
/home/lautaro/GitHub/BTCONFIG/lpc_chip_43xx/Debug/liblpc_chip_43xx.a(clock_18xx_43xx.o): In function `Chip_Clock_EnableCrystal':
makefile:30: recipe for target 'periph_uart.axf' failed
/home/lautaro/GitHub/BTCONFIG/lpc_chip_43xx/Debug/../src/clock_18xx_43xx.c:249: undefined reference to `OscRateIn'
/home/lautaro/GitHub/BTCONFIG/lpc_chip_43xx/Debug/liblpc_chip_43xx.a(clock_18xx_43xx.o): In function `Chip_Clock_GetClockInputHz':
/home/lautaro/GitHub/BTCONFIG/lpc_chip_43xx/Debug/../src/clock_18xx_43xx.c:544: undefined reference to `ExtRateIn'
/home/lautaro/GitHub/BTCONFIG/lpc_chip_43xx/Debug/../src/clock_18xx_43xx.c:544: undefined reference to `OscRateIn'
collect2: error: ld returned 1 exit status
make: *** [periph_uart.axf] Error 1
11:31:44 **** Incremental Build of configuration Debug for project lpc_board_nxp_lpcxpresso_4337 ****
make -r all 
make: Nothing to be done for 'all'.
11:31:47 **** Incremental Build of configuration Debug for project lpc_chip_43xx ****
make -r all 
make: Nothing to be done for 'all'.
11:31:50 **** Incremental Build of configuration Debug for project periph_uart ****
make -r all 
Building target: periph_uart.axf
Invoking: MCU Linker
arm-none-eabi-gcc -nostdlib -L"/home/lautaro/GitHub/BTCONFIG/lpc_chip_43xx/Debug" -L"/home/lautaro/GitHub/BTCONFIG/lpc_board_nxp_lpcxpresso_4337/Debug" -Xlinker -Map="periph_uart.map" -Xlinker --gc-sections -mcpu=cortex-m4 -mfpu=fpv4-sp-d16 -mfloat-abi=softfp -mthumb -T "periph_uart_Debug.ld" -o "periph_uart.axf"  ./example/src/cr_startup_lpc43xx.o ./example/src/sysinit.o ./example/src/uart.o   -llpc_board_nxp_lpcxpresso_4337 -llpc_chip_43xx
/home/lautaro/GitHub/BTCONFIG/lpc_chip_43xx/Debug/liblpc_chip_43xx.a(clock_18xx_43xx.o): In function `Chip_Clock_EnableCrystal':
makefile:30: recipe for target 'periph_uart.axf' failed
/home/lautaro/GitHub/BTCONFIG/lpc_chip_43xx/Debug/../src/clock_18xx_43xx.c:249: undefined reference to `OscRateIn'
/home/lautaro/GitHub/BTCONFIG/lpc_chip_43xx/Debug/liblpc_chip_43xx.a(clock_18xx_43xx.o): In function `Chip_Clock_GetClockInputHz':
/home/lautaro/GitHub/BTCONFIG/lpc_chip_43xx/Debug/../src/clock_18xx_43xx.c:544: undefined reference to `ExtRateIn'
/home/lautaro/GitHub/BTCONFIG/lpc_chip_43xx/Debug/../src/clock_18xx_43xx.c:544: undefined reference to `OscRateIn'
collect2: error: ld returned 1 exit status
make: *** [periph_uart.axf] Error 1
11:32:58 **** Incremental Build of configuration Debug for project lpc_board_nxp_lpcxpresso_4337 ****
make -r all 
make: Nothing to be done for 'all'.
11:33:01 **** Incremental Build of configuration Debug for project lpc_chip_43xx ****
make -r all 
make: Nothing to be done for 'all'.
11:33:04 **** Build of configuration Debug for project periph_systick ****
make -r all 
Building file: ../example/src/cr_startup_lpc43xx.c
Invoking: MCU C Compiler
arm-none-eabi-gcc -D__MULTICORE_NONE -DDEBUG -D__CODE_RED -D__USE_LPCOPEN -D__REDLIB__ -DCORE_M4 -I"/home/lautaro/GitHub/BTCONFIG/lpc_chip_43xx/inc" -I"/home/lautaro/GitHub/BTCONFIG/lpc_board_nxp_lpcxpresso_4337/inc" -O0 -g3 -Wall -c -fmessage-length=0 -fno-builtin -ffunction-sections -fdata-sections -fsingle-precision-constant -mcpu=cortex-m4 -mfpu=fpv4-sp-d16 -mfloat-abi=softfp -mthumb -specs=redlib.specs -MMD -MP -MF"example/src/cr_startup_lpc43xx.d" -MT"example/src/cr_startup_lpc43xx.o" -MT"example/src/cr_startup_lpc43xx.d" -o "example/src/cr_startup_lpc43xx.o" "../example/src/cr_startup_lpc43xx.c"
Finished building: ../example/src/cr_startup_lpc43xx.c
 
Building file: ../example/src/sysinit.c
Invoking: MCU C Compiler
arm-none-eabi-gcc -D__MULTICORE_NONE -DDEBUG -D__CODE_RED -D__USE_LPCOPEN -D__REDLIB__ -DCORE_M4 -I"/home/lautaro/GitHub/BTCONFIG/lpc_chip_43xx/inc" -I"/home/lautaro/GitHub/BTCONFIG/lpc_board_nxp_lpcxpresso_4337/inc" -O0 -g3 -Wall -c -fmessage-length=0 -fno-builtin -ffunction-sections -fdata-sections -fsingle-precision-constant -mcpu=cortex-m4 -mfpu=fpv4-sp-d16 -mfloat-abi=softfp -mthumb -specs=redlib.specs -MMD -MP -MF"example/src/sysinit.d" -MT"example/src/sysinit.o" -MT"example/src/sysinit.d" -o "example/src/sysinit.o" "../example/src/sysinit.c"
Finished building: ../example/src/sysinit.c
 
Building file: ../example/src/systick.c
Invoking: MCU C Compiler
arm-none-eabi-gcc -D__MULTICORE_NONE -DDEBUG -D__CODE_RED -D__USE_LPCOPEN -D__REDLIB__ -DCORE_M4 -I"/home/lautaro/GitHub/BTCONFIG/lpc_chip_43xx/inc" -I"/home/lautaro/GitHub/BTCONFIG/lpc_board_nxp_lpcxpresso_4337/inc" -O0 -g3 -Wall -c -fmessage-length=0 -fno-builtin -ffunction-sections -fdata-sections -fsingle-precision-constant -mcpu=cortex-m4 -mfpu=fpv4-sp-d16 -mfloat-abi=softfp -mthumb -specs=redlib.specs -MMD -MP -MF"example/src/systick.d" -MT"example/src/systick.o" -MT"example/src/systick.d" -o "example/src/systick.o" "../example/src/systick.c"
../example/src/systick.c:56:17: warning: 'tick_ct' defined but not used [-Wunused-variable]
 static uint32_t tick_ct = 0;
                 ^
Finished building: ../example/src/systick.c
 
Building target: periph_systick.axf
Invoking: MCU Linker
arm-none-eabi-gcc -nostdlib -L"/home/lautaro/GitHub/BTCONFIG/lpc_chip_43xx/Debug" -L"/home/lautaro/GitHub/BTCONFIG/lpc_board_nxp_lpcxpresso_4337/Debug" -Xlinker -Map="periph_systick.map" -Xlinker --gc-sections -mcpu=cortex-m4 -mfpu=fpv4-sp-d16 -mfloat-abi=softfp -mthumb -T "periph_systick_Debug.ld" -o "periph_systick.axf"  ./example/src/cr_startup_lpc43xx.o ./example/src/sysinit.o ./example/src/systick.o   -llpc_board_nxp_lpcxpresso_4337 -llpc_chip_43xx
Finished building target: periph_systick.axf
 
make --no-print-directory post-build
Performing post-build steps
arm-none-eabi-size "periph_systick.axf"; # arm-none-eabi-objcopy -v -O binary "periph_systick.axf" "periph_systick.bin" ; # checksum -p LPC4337 -d "periph_systick.bin";
   text	   data	    bss	    dec	    hex	filename
   8876	      0	    352	   9228	   240c	periph_systick.axf
 
11:33:52 **** Incremental Build of configuration Debug for project lpc_board_nxp_lpcxpresso_4337 ****
make -r all 
make: Nothing to be done for 'all'.
11:33:56 **** Incremental Build of configuration Debug for project lpc_chip_43xx ****
make -r all 
make: Nothing to be done for 'all'.
11:33:58 **** Incremental Build of configuration Debug for project periph_systick ****
make -r all 
Building file: ../example/src/systick.c
Invoking: MCU C Compiler
arm-none-eabi-gcc -D__MULTICORE_NONE -DDEBUG -D__CODE_RED -D__USE_LPCOPEN -D__REDLIB__ -DCORE_M4 -I"/home/lautaro/GitHub/BTCONFIG/lpc_chip_43xx/inc" -I"/home/lautaro/GitHub/BTCONFIG/lpc_board_nxp_lpcxpresso_4337/inc" -O0 -g3 -Wall -c -fmessage-length=0 -fno-builtin -ffunction-sections -fdata-sections -fsingle-precision-constant -mcpu=cortex-m4 -mfpu=fpv4-sp-d16 -mfloat-abi=softfp -mthumb -specs=redlib.specs -MMD -MP -MF"example/src/systick.d" -MT"example/src/systick.o" -MT"example/src/systick.d" -o "example/src/systick.o" "../example/src/systick.c"
Finished building: ../example/src/systick.c
 
Building target: periph_systick.axf
Invoking: MCU Linker
arm-none-eabi-gcc -nostdlib -L"/home/lautaro/GitHub/BTCONFIG/lpc_chip_43xx/Debug" -L"/home/lautaro/GitHub/BTCONFIG/lpc_board_nxp_lpcxpresso_4337/Debug" -Xlinker -Map="periph_systick.map" -Xlinker --gc-sections -mcpu=cortex-m4 -mfpu=fpv4-sp-d16 -mfloat-abi=softfp -mthumb -T "periph_systick_Debug.ld" -o "periph_systick.axf"  ./example/src/cr_startup_lpc43xx.o ./example/src/sysinit.o ./example/src/systick.o   -llpc_board_nxp_lpcxpresso_4337 -llpc_chip_43xx
Finished building target: periph_systick.axf
 
make --no-print-directory post-build
Performing post-build steps
arm-none-eabi-size "periph_systick.axf"; # arm-none-eabi-objcopy -v -O binary "periph_systick.axf" "periph_systick.bin" ; # checksum -p LPC4337 -d "periph_systick.bin";
   text	   data	    bss	    dec	    hex	filename
   8876	      0	    352	   9228	   240c	periph_systick.axf
 
11:35:15 **** Incremental Build of configuration Debug for project periph_systick ****
make -r all 
make: Nothing to be done for 'all'.
11:35:42 **** Incremental Build of configuration Debug for project periph_systick ****
make -r all 
make: Nothing to be done for 'all'.
11:36:31 **** Incremental Build of configuration Debug for project periph_systick ****
make -r all 
make: Nothing to be done for 'all'.
11:39:47 **** Incremental Build of configuration Debug for project lpc_board_nxp_lpcxpresso_4337 ****
make -r all 
make: Nothing to be done for 'all'.
11:39:50 **** Incremental Build of configuration Debug for project lpc_chip_43xx ****
make -r all 
make: Nothing to be done for 'all'.
11:39:53 **** Incremental Build of configuration Debug for project periph_systick ****
make -r all 
Building file: ../example/src/systick.c
Invoking: MCU C Compiler
arm-none-eabi-gcc -D__MULTICORE_NONE -DDEBUG -D__CODE_RED -D__USE_LPCOPEN -D__REDLIB__ -DCORE_M4 -I"/home/lautaro/GitHub/BTCONFIG/lpc_chip_43xx/inc" -I"/home/lautaro/GitHub/BTCONFIG/lpc_board_nxp_lpcxpresso_4337/inc" -O0 -g3 -Wall -c -fmessage-length=0 -fno-builtin -ffunction-sections -fdata-sections -fsingle-precision-constant -mcpu=cortex-m4 -mfpu=fpv4-sp-d16 -mfloat-abi=softfp -mthumb -specs=redlib.specs -MMD -MP -MF"example/src/systick.d" -MT"example/src/systick.o" -MT"example/src/systick.d" -o "example/src/systick.o" "../example/src/systick.c"
../example/src/systick.c:57:1: error: expected ',' or ';' before 'void'
 void SysTick_Handler(void)
 ^
../example/src/systick.c: In function 'main':
example/src/subdir.mk:24: recipe for target 'example/src/systick.o' failed
../example/src/systick.c:92:30: warning: passing argument 2 of 'Chip_UART_Send' discards 'volatile' qualifier from pointer target type [-Wdiscarded-array-qualifiers]
    Chip_UART_Send(LPC_USART2,&mensaje,sizeof(mensaje));
                              ^
In file included from /home/lautaro/GitHub/BTCONFIG/lpc_chip_43xx/inc/chip_lpc43xx.h:207:0,
                 from /home/lautaro/GitHub/BTCONFIG/lpc_chip_43xx/inc/chip.h:39,
                 from /home/lautaro/GitHub/BTCONFIG/lpc_board_nxp_lpcxpresso_4337/inc/board.h:35,
                 from ../example/src/systick.c:32:
/home/lautaro/GitHub/BTCONFIG/lpc_chip_43xx/inc/uart_18xx_43xx.h:681:5: note: expected 'const void *' but argument is of type 'volatile char (*)[6]'
 int Chip_UART_Send(LPC_USART_T *pUART, const void *data, int numBytes);
     ^
make: *** [example/src/systick.o] Error 1
11:40:03 **** Incremental Build of configuration Debug for project periph_systick ****
make -r all 
Building file: ../example/src/systick.c
Invoking: MCU C Compiler
arm-none-eabi-gcc -D__MULTICORE_NONE -DDEBUG -D__CODE_RED -D__USE_LPCOPEN -D__REDLIB__ -DCORE_M4 -I"/home/lautaro/GitHub/BTCONFIG/lpc_chip_43xx/inc" -I"/home/lautaro/GitHub/BTCONFIG/lpc_board_nxp_lpcxpresso_4337/inc" -O0 -g3 -Wall -c -fmessage-length=0 -fno-builtin -ffunction-sections -fdata-sections -fsingle-precision-constant -mcpu=cortex-m4 -mfpu=fpv4-sp-d16 -mfloat-abi=softfp -mthumb -specs=redlib.specs -MMD -MP -MF"example/src/systick.d" -MT"example/src/systick.o" -MT"example/src/systick.d" -o "example/src/systick.o" "../example/src/systick.c"
../example/src/systick.c:57:1: error: expected ',' or ';' before 'void'
 void SysTick_Handler(void)
 ^
../example/src/systick.c: In function 'main':
../example/src/systick.c:92:30: warning: passing argument 2 of 'Chip_UART_Send' discards 'volatile' qualifier from pointer target type [-Wdiscarded-array-qualifiers]
    Chip_UART_Send(LPC_USART2,&mensaje,sizeof(mensaje));
example/src/subdir.mk:24: recipe for target 'example/src/systick.o' failed
                              ^
In file included from /home/lautaro/GitHub/BTCONFIG/lpc_chip_43xx/inc/chip_lpc43xx.h:207:0,
                 from /home/lautaro/GitHub/BTCONFIG/lpc_chip_43xx/inc/chip.h:39,
                 from /home/lautaro/GitHub/BTCONFIG/lpc_board_nxp_lpcxpresso_4337/inc/board.h:35,
                 from ../example/src/systick.c:32:
/home/lautaro/GitHub/BTCONFIG/lpc_chip_43xx/inc/uart_18xx_43xx.h:681:5: note: expected 'const void *' but argument is of type 'volatile char (*)[6]'
 int Chip_UART_Send(LPC_USART_T *pUART, const void *data, int numBytes);
     ^
make: *** [example/src/systick.o] Error 1
11:40:48 **** Incremental Build of configuration Debug for project lpc_board_nxp_lpcxpresso_4337 ****
make -r all 
make: Nothing to be done for 'all'.
11:40:51 **** Incremental Build of configuration Debug for project lpc_chip_43xx ****
make -r all 
make: Nothing to be done for 'all'.
11:40:54 **** Incremental Build of configuration Debug for project periph_systick ****
make -r all 
Building file: ../example/src/systick.c
Invoking: MCU C Compiler
arm-none-eabi-gcc -D__MULTICORE_NONE -DDEBUG -D__CODE_RED -D__USE_LPCOPEN -D__REDLIB__ -DCORE_M4 -I"/home/lautaro/GitHub/BTCONFIG/lpc_chip_43xx/inc" -I"/home/lautaro/GitHub/BTCONFIG/lpc_board_nxp_lpcxpresso_4337/inc" -O0 -g3 -Wall -c -fmessage-length=0 -fno-builtin -ffunction-sections -fdata-sections -fsingle-precision-constant -mcpu=cortex-m4 -mfpu=fpv4-sp-d16 -mfloat-abi=softfp -mthumb -specs=redlib.specs -MMD -MP -MF"example/src/systick.d" -MT"example/src/systick.o" -MT"example/src/systick.d" -o "example/src/systick.o" "../example/src/systick.c"
../example/src/systick.c:57:1: error: expected ',' or ';' before 'void'
 void SysTick_Handler(void)
 ^
../example/src/systick.c: In function 'main':
../example/src/systick.c:92:30: warning: passing argument 2 of 'Chip_UART_Send' discards 'volatile' qualifier from pointer target type [-Wdiscarded-qualifiers]
    Chip_UART_Send(LPC_USART2,mensaje,sizeof(mensaje));
                              ^
In file included from /home/lautaro/GitHub/BTCONFIG/lpc_chip_43xx/inc/chip_lpc43xx.h:207:0,
example/src/subdir.mk:24: recipe for target 'example/src/systick.o' failed
                 from /home/lautaro/GitHub/BTCONFIG/lpc_chip_43xx/inc/chip.h:39,
                 from /home/lautaro/GitHub/BTCONFIG/lpc_board_nxp_lpcxpresso_4337/inc/board.h:35,
                 from ../example/src/systick.c:32:
/home/lautaro/GitHub/BTCONFIG/lpc_chip_43xx/inc/uart_18xx_43xx.h:681:5: note: expected 'const void *' but argument is of type 'volatile char *'
 int Chip_UART_Send(LPC_USART_T *pUART, const void *data, int numBytes);
     ^
make: *** [example/src/systick.o] Error 1
11:41:43 **** Incremental Build of configuration Debug for project lpc_board_nxp_lpcxpresso_4337 ****
make -r all 
make: Nothing to be done for 'all'.
11:41:46 **** Incremental Build of configuration Debug for project lpc_chip_43xx ****
make -r all 
make: Nothing to be done for 'all'.
11:41:49 **** Incremental Build of configuration Debug for project periph_systick ****
make -r all 
Building file: ../example/src/systick.c
Invoking: MCU C Compiler
arm-none-eabi-gcc -D__MULTICORE_NONE -DDEBUG -D__CODE_RED -D__USE_LPCOPEN -D__REDLIB__ -DCORE_M4 -I"/home/lautaro/GitHub/BTCONFIG/lpc_chip_43xx/inc" -I"/home/lautaro/GitHub/BTCONFIG/lpc_board_nxp_lpcxpresso_4337/inc" -O0 -g3 -Wall -c -fmessage-length=0 -fno-builtin -ffunction-sections -fdata-sections -fsingle-precision-constant -mcpu=cortex-m4 -mfpu=fpv4-sp-d16 -mfloat-abi=softfp -mthumb -specs=redlib.specs -MMD -MP -MF"example/src/systick.d" -MT"example/src/systick.o" -MT"example/src/systick.d" -o "example/src/systick.o" "../example/src/systick.c"
Finished building: ../example/src/systick.c
 
Building target: periph_systick.axf
Invoking: MCU Linker
arm-none-eabi-gcc -nostdlib -L"/home/lautaro/GitHub/BTCONFIG/lpc_chip_43xx/Debug" -L"/home/lautaro/GitHub/BTCONFIG/lpc_board_nxp_lpcxpresso_4337/Debug" -Xlinker -Map="periph_systick.map" -Xlinker --gc-sections -mcpu=cortex-m4 -mfpu=fpv4-sp-d16 -mfloat-abi=softfp -mthumb -T "periph_systick_Debug.ld" -o "periph_systick.axf"  ./example/src/cr_startup_lpc43xx.o ./example/src/sysinit.o ./example/src/systick.o   -llpc_board_nxp_lpcxpresso_4337 -llpc_chip_43xx
Finished building target: periph_systick.axf
 
make --no-print-directory post-build
Performing post-build steps
arm-none-eabi-size "periph_systick.axf"; # arm-none-eabi-objcopy -v -O binary "periph_systick.axf" "periph_systick.bin" ; # checksum -p LPC4337 -d "periph_systick.bin";
   text	   data	    bss	    dec	    hex	filename
   8868	      8	    352	   9228	   240c	periph_systick.axf
 
11:42:13 **** Incremental Build of configuration Debug for project periph_systick ****
make -r all 
make: Nothing to be done for 'all'.
11:50:16 **** Incremental Build of configuration Debug for project lpc_board_nxp_lpcxpresso_4337 ****
make -r all 
make: Nothing to be done for 'all'.
11:50:19 **** Incremental Build of configuration Debug for project lpc_chip_43xx ****
make -r all 
make: Nothing to be done for 'all'.
11:50:22 **** Incremental Build of configuration Debug for project periph_systick ****
make -r all 
Building file: ../example/src/systick.c
Invoking: MCU C Compiler
arm-none-eabi-gcc -D__MULTICORE_NONE -DDEBUG -D__CODE_RED -D__USE_LPCOPEN -D__REDLIB__ -DCORE_M4 -I"/home/lautaro/GitHub/BTCONFIG/lpc_chip_43xx/inc" -I"/home/lautaro/GitHub/BTCONFIG/lpc_board_nxp_lpcxpresso_4337/inc" -O0 -g3 -Wall -c -fmessage-length=0 -fno-builtin -ffunction-sections -fdata-sections -fsingle-precision-constant -mcpu=cortex-m4 -mfpu=fpv4-sp-d16 -mfloat-abi=softfp -mthumb -specs=redlib.specs -MMD -MP -MF"example/src/systick.d" -MT"example/src/systick.o" -MT"example/src/systick.d" -o "example/src/systick.o" "../example/src/systick.c"
Finished building: ../example/src/systick.c
 
Building target: periph_systick.axf
Invoking: MCU Linker
arm-none-eabi-gcc -nostdlib -L"/home/lautaro/GitHub/BTCONFIG/lpc_chip_43xx/Debug" -L"/home/lautaro/GitHub/BTCONFIG/lpc_board_nxp_lpcxpresso_4337/Debug" -Xlinker -Map="periph_systick.map" -Xlinker --gc-sections -mcpu=cortex-m4 -mfpu=fpv4-sp-d16 -mfloat-abi=softfp -mthumb -T "periph_systick_Debug.ld" -o "periph_systick.axf"  ./example/src/cr_startup_lpc43xx.o ./example/src/sysinit.o ./example/src/systick.o   -llpc_board_nxp_lpcxpresso_4337 -llpc_chip_43xx
Finished building target: periph_systick.axf
 
make --no-print-directory post-build
Performing post-build steps
arm-none-eabi-size "periph_systick.axf"; # arm-none-eabi-objcopy -v -O binary "periph_systick.axf" "periph_systick.bin" ; # checksum -p LPC4337 -d "periph_systick.bin";
   text	   data	    bss	    dec	    hex	filename
   8944	      8	    352	   9304	   2458	periph_systick.axf
 
11:50:48 **** Incremental Build of configuration Debug for project periph_systick ****
make -r all 
make: Nothing to be done for 'all'.
12:13:31 **** Incremental Build of configuration Debug for project lpc_board_nxp_lpcxpresso_4337 ****
make -r all 
make: Nothing to be done for 'all'.
12:13:35 **** Incremental Build of configuration Debug for project lpc_chip_43xx ****
make -r all 
make: Nothing to be done for 'all'.
12:13:38 **** Incremental Build of configuration Debug for project periph_systick ****
make -r all 
Building file: ../example/src/systick.c
Invoking: MCU C Compiler
arm-none-eabi-gcc -D__MULTICORE_NONE -DDEBUG -D__CODE_RED -D__USE_LPCOPEN -D__REDLIB__ -DCORE_M4 -I"/home/lautaro/GitHub/BTCONFIG/lpc_chip_43xx/inc" -I"/home/lautaro/GitHub/BTCONFIG/lpc_board_nxp_lpcxpresso_4337/inc" -O0 -g3 -Wall -c -fmessage-length=0 -fno-builtin -ffunction-sections -fdata-sections -fsingle-precision-constant -mcpu=cortex-m4 -mfpu=fpv4-sp-d16 -mfloat-abi=softfp -mthumb -specs=redlib.specs -MMD -MP -MF"example/src/systick.d" -MT"example/src/systick.o" -MT"example/src/systick.d" -o "example/src/systick.o" "../example/src/systick.c"
Finished building: ../example/src/systick.c
 
Building target: periph_systick.axf
Invoking: MCU Linker
arm-none-eabi-gcc -nostdlib -L"/home/lautaro/GitHub/BTCONFIG/lpc_chip_43xx/Debug" -L"/home/lautaro/GitHub/BTCONFIG/lpc_board_nxp_lpcxpresso_4337/Debug" -Xlinker -Map="periph_systick.map" -Xlinker --gc-sections -mcpu=cortex-m4 -mfpu=fpv4-sp-d16 -mfloat-abi=softfp -mthumb -T "periph_systick_Debug.ld" -o "periph_systick.axf"  ./example/src/cr_startup_lpc43xx.o ./example/src/sysinit.o ./example/src/systick.o   -llpc_board_nxp_lpcxpresso_4337 -llpc_chip_43xx
Finished building target: periph_systick.axf
 
make --no-print-directory post-build
Performing post-build steps
arm-none-eabi-size "periph_systick.axf"; # arm-none-eabi-objcopy -v -O binary "periph_systick.axf" "periph_systick.bin" ; # checksum -p LPC4337 -d "periph_systick.bin";
   text	   data	    bss	    dec	    hex	filename
   9052	      8	    352	   9412	   24c4	periph_systick.axf
 
12:13:54 **** Incremental Build of configuration Debug for project lpc_board_nxp_lpcxpresso_4337 ****
make -r all 
make: Nothing to be done for 'all'.
12:13:57 **** Incremental Build of configuration Debug for project lpc_chip_43xx ****
make -r all 
make: Nothing to be done for 'all'.
12:14:00 **** Incremental Build of configuration Debug for project periph_systick ****
make -r all 
Building file: ../example/src/systick.c
Invoking: MCU C Compiler
arm-none-eabi-gcc -D__MULTICORE_NONE -DDEBUG -D__CODE_RED -D__USE_LPCOPEN -D__REDLIB__ -DCORE_M4 -I"/home/lautaro/GitHub/BTCONFIG/lpc_chip_43xx/inc" -I"/home/lautaro/GitHub/BTCONFIG/lpc_board_nxp_lpcxpresso_4337/inc" -O0 -g3 -Wall -c -fmessage-length=0 -fno-builtin -ffunction-sections -fdata-sections -fsingle-precision-constant -mcpu=cortex-m4 -mfpu=fpv4-sp-d16 -mfloat-abi=softfp -mthumb -specs=redlib.specs -MMD -MP -MF"example/src/systick.d" -MT"example/src/systick.o" -MT"example/src/systick.d" -o "example/src/systick.o" "../example/src/systick.c"
Finished building: ../example/src/systick.c
 
Building target: periph_systick.axf
Invoking: MCU Linker
arm-none-eabi-gcc -nostdlib -L"/home/lautaro/GitHub/BTCONFIG/lpc_chip_43xx/Debug" -L"/home/lautaro/GitHub/BTCONFIG/lpc_board_nxp_lpcxpresso_4337/Debug" -Xlinker -Map="periph_systick.map" -Xlinker --gc-sections -mcpu=cortex-m4 -mfpu=fpv4-sp-d16 -mfloat-abi=softfp -mthumb -T "periph_systick_Debug.ld" -o "periph_systick.axf"  ./example/src/cr_startup_lpc43xx.o ./example/src/sysinit.o ./example/src/systick.o   -llpc_board_nxp_lpcxpresso_4337 -llpc_chip_43xx
Finished building target: periph_systick.axf
 
make --no-print-directory post-build
Performing post-build steps
arm-none-eabi-size "periph_systick.axf"; # arm-none-eabi-objcopy -v -O binary "periph_systick.axf" "periph_systick.bin" ; # checksum -p LPC4337 -d "periph_systick.bin";
   text	   data	    bss	    dec	    hex	filename
   8976	      8	    352	   9336	   2478	periph_systick.axf
 
12:14:32 **** Incremental Build of configuration Debug for project periph_systick ****
make -r all 
make: Nothing to be done for 'all'.
12:22:20 **** Incremental Build of configuration Debug for project lpc_board_nxp_lpcxpresso_4337 ****
make -r all 
make: Nothing to be done for 'all'.
12:22:23 **** Incremental Build of configuration Debug for project lpc_chip_43xx ****
make -r all 
make: Nothing to be done for 'all'.
12:22:26 **** Incremental Build of configuration Debug for project periph_systick ****
make -r all 
Building file: ../example/src/systick.c
Invoking: MCU C Compiler
arm-none-eabi-gcc -D__MULTICORE_NONE -DDEBUG -D__CODE_RED -D__USE_LPCOPEN -D__REDLIB__ -DCORE_M4 -I"/home/lautaro/GitHub/BTCONFIG/lpc_chip_43xx/inc" -I"/home/lautaro/GitHub/BTCONFIG/lpc_board_nxp_lpcxpresso_4337/inc" -O0 -g3 -Wall -c -fmessage-length=0 -fno-builtin -ffunction-sections -fdata-sections -fsingle-precision-constant -mcpu=cortex-m4 -mfpu=fpv4-sp-d16 -mfloat-abi=softfp -mthumb -specs=redlib.specs -MMD -MP -MF"example/src/systick.d" -MT"example/src/systick.o" -MT"example/src/systick.d" -o "example/src/systick.o" "../example/src/systick.c"
../example/src/systick.c: In function 'UART2_IRQHandler':
../example/src/systick.c:82:28: warning: passing argument 2 of 'Chip_UART_Send' makes pointer from integer without a cast [-Wint-conversion]
  Chip_UART_Send(LPC_USART2,mensaje[i],sizeof(char));
                            ^
In file included from /home/lautaro/GitHub/BTCONFIG/lpc_chip_43xx/inc/chip_lpc43xx.h:207:0,
                 from /home/lautaro/GitHub/BTCONFIG/lpc_chip_43xx/inc/chip.h:39,
                 from /home/lautaro/GitHub/BTCONFIG/lpc_board_nxp_lpcxpresso_4337/inc/board.h:35,
                 from ../example/src/systick.c:32:
/home/lautaro/GitHub/BTCONFIG/lpc_chip_43xx/inc/uart_18xx_43xx.h:681:5: note: expected 'const void *' but argument is of type 'char'
 int Chip_UART_Send(LPC_USART_T *pUART, const void *data, int numBytes);
     ^
Finished building: ../example/src/systick.c
 
Building target: periph_systick.axf
Invoking: MCU Linker
arm-none-eabi-gcc -nostdlib -L"/home/lautaro/GitHub/BTCONFIG/lpc_chip_43xx/Debug" -L"/home/lautaro/GitHub/BTCONFIG/lpc_board_nxp_lpcxpresso_4337/Debug" -Xlinker -Map="periph_systick.map" -Xlinker --gc-sections -mcpu=cortex-m4 -mfpu=fpv4-sp-d16 -mfloat-abi=softfp -mthumb -T "periph_systick_Debug.ld" -o "periph_systick.axf"  ./example/src/cr_startup_lpc43xx.o ./example/src/sysinit.o ./example/src/systick.o   -llpc_board_nxp_lpcxpresso_4337 -llpc_chip_43xx
Finished building target: periph_systick.axf
 
make --no-print-directory post-build
Performing post-build steps
arm-none-eabi-size "periph_systick.axf"; # arm-none-eabi-objcopy -v -O binary "periph_systick.axf" "periph_systick.bin" ; # checksum -p LPC4337 -d "periph_systick.bin";
   text	   data	    bss	    dec	    hex	filename
   9036	      8	    356	   9400	   24b8	periph_systick.axf
 
12:23:04 **** Incremental Build of configuration Debug for project lpc_board_nxp_lpcxpresso_4337 ****
make -r all 
make: Nothing to be done for 'all'.
12:23:07 **** Incremental Build of configuration Debug for project lpc_chip_43xx ****
make -r all 
make: Nothing to be done for 'all'.
12:23:09 **** Incremental Build of configuration Debug for project periph_systick ****
make -r all 
Building file: ../example/src/systick.c
Invoking: MCU C Compiler
arm-none-eabi-gcc -D__MULTICORE_NONE -DDEBUG -D__CODE_RED -D__USE_LPCOPEN -D__REDLIB__ -DCORE_M4 -I"/home/lautaro/GitHub/BTCONFIG/lpc_chip_43xx/inc" -I"/home/lautaro/GitHub/BTCONFIG/lpc_board_nxp_lpcxpresso_4337/inc" -O0 -g3 -Wall -c -fmessage-length=0 -fno-builtin -ffunction-sections -fdata-sections -fsingle-precision-constant -mcpu=cortex-m4 -mfpu=fpv4-sp-d16 -mfloat-abi=softfp -mthumb -specs=redlib.specs -MMD -MP -MF"example/src/systick.d" -MT"example/src/systick.o" -MT"example/src/systick.d" -o "example/src/systick.o" "../example/src/systick.c"
Finished building: ../example/src/systick.c
 
Building target: periph_systick.axf
Invoking: MCU Linker
arm-none-eabi-gcc -nostdlib -L"/home/lautaro/GitHub/BTCONFIG/lpc_chip_43xx/Debug" -L"/home/lautaro/GitHub/BTCONFIG/lpc_board_nxp_lpcxpresso_4337/Debug" -Xlinker -Map="periph_systick.map" -Xlinker --gc-sections -mcpu=cortex-m4 -mfpu=fpv4-sp-d16 -mfloat-abi=softfp -mthumb -T "periph_systick_Debug.ld" -o "periph_systick.axf"  ./example/src/cr_startup_lpc43xx.o ./example/src/sysinit.o ./example/src/systick.o   -llpc_board_nxp_lpcxpresso_4337 -llpc_chip_43xx
Finished building target: periph_systick.axf
 
make --no-print-directory post-build
Performing post-build steps
arm-none-eabi-size "periph_systick.axf"; # arm-none-eabi-objcopy -v -O binary "periph_systick.axf" "periph_systick.bin" ; # checksum -p LPC4337 -d "periph_systick.bin";
   text	   data	    bss	    dec	    hex	filename
   9036	      8	    356	   9400	   24b8	periph_systick.axf
 
12:23:26 **** Incremental Build of configuration Debug for project periph_systick ****
make -r all 
make: Nothing to be done for 'all'.
12:28:56 **** Incremental Build of configuration Debug for project lpc_board_nxp_lpcxpresso_4337 ****
make -r all 
make: Nothing to be done for 'all'.
12:29:00 **** Incremental Build of configuration Debug for project lpc_chip_43xx ****
make -r all 
make: Nothing to be done for 'all'.
12:29:03 **** Incremental Build of configuration Debug for project periph_systick ****
make -r all 
Building file: ../example/src/systick.c
Invoking: MCU C Compiler
arm-none-eabi-gcc -D__MULTICORE_NONE -DDEBUG -D__CODE_RED -D__USE_LPCOPEN -D__REDLIB__ -DCORE_M4 -I"/home/lautaro/GitHub/BTCONFIG/lpc_chip_43xx/inc" -I"/home/lautaro/GitHub/BTCONFIG/lpc_board_nxp_lpcxpresso_4337/inc" -O0 -g3 -Wall -c -fmessage-length=0 -fno-builtin -ffunction-sections -fdata-sections -fsingle-precision-constant -mcpu=cortex-m4 -mfpu=fpv4-sp-d16 -mfloat-abi=softfp -mthumb -specs=redlib.specs -MMD -MP -MF"example/src/systick.d" -MT"example/src/systick.o" -MT"example/src/systick.d" -o "example/src/systick.o" "../example/src/systick.c"
../example/src/systick.c: In function 'main':
../example/src/systick.c:102:19: error: 'LPC_UART2' undeclared (first use in this function)
    Chip_UART_Send(LPC_UART2,mensaje,sizeof(mensaje));
example/src/subdir.mk:24: recipe for target 'example/src/systick.o' failed
                   ^
../example/src/systick.c:102:19: note: each undeclared identifier is reported only once for each function it appears in
make: *** [example/src/systick.o] Error 1
12:29:31 **** Incremental Build of configuration Debug for project lpc_board_nxp_lpcxpresso_4337 ****
make -r all 
make: Nothing to be done for 'all'.
12:29:35 **** Incremental Build of configuration Debug for project lpc_chip_43xx ****
make -r all 
make: Nothing to be done for 'all'.
12:29:37 **** Incremental Build of configuration Debug for project periph_systick ****
make -r all 
Building file: ../example/src/systick.c
Invoking: MCU C Compiler
arm-none-eabi-gcc -D__MULTICORE_NONE -DDEBUG -D__CODE_RED -D__USE_LPCOPEN -D__REDLIB__ -DCORE_M4 -I"/home/lautaro/GitHub/BTCONFIG/lpc_chip_43xx/inc" -I"/home/lautaro/GitHub/BTCONFIG/lpc_board_nxp_lpcxpresso_4337/inc" -O0 -g3 -Wall -c -fmessage-length=0 -fno-builtin -ffunction-sections -fdata-sections -fsingle-precision-constant -mcpu=cortex-m4 -mfpu=fpv4-sp-d16 -mfloat-abi=softfp -mthumb -specs=redlib.specs -MMD -MP -MF"example/src/systick.d" -MT"example/src/systick.o" -MT"example/src/systick.d" -o "example/src/systick.o" "../example/src/systick.c"
Finished building: ../example/src/systick.c
 
Building target: periph_systick.axf
Invoking: MCU Linker
arm-none-eabi-gcc -nostdlib -L"/home/lautaro/GitHub/BTCONFIG/lpc_chip_43xx/Debug" -L"/home/lautaro/GitHub/BTCONFIG/lpc_board_nxp_lpcxpresso_4337/Debug" -Xlinker -Map="periph_systick.map" -Xlinker --gc-sections -mcpu=cortex-m4 -mfpu=fpv4-sp-d16 -mfloat-abi=softfp -mthumb -T "periph_systick_Debug.ld" -o "periph_systick.axf"  ./example/src/cr_startup_lpc43xx.o ./example/src/sysinit.o ./example/src/systick.o   -llpc_board_nxp_lpcxpresso_4337 -llpc_chip_43xx
Finished building target: periph_systick.axf
 
make --no-print-directory post-build
Performing post-build steps
arm-none-eabi-size "periph_systick.axf"; # arm-none-eabi-objcopy -v -O binary "periph_systick.axf" "periph_systick.bin" ; # checksum -p LPC4337 -d "periph_systick.bin";
   text	   data	    bss	    dec	    hex	filename
   8868	      8	    352	   9228	   240c	periph_systick.axf
 
12:29:52 **** Incremental Build of configuration Debug for project periph_systick ****
make -r all 
make: Nothing to be done for 'all'.
12:32:45 **** Incremental Build of configuration Debug for project lpc_board_nxp_lpcxpresso_4337 ****
make -r all 
make: Nothing to be done for 'all'.
12:32:48 **** Incremental Build of configuration Debug for project lpc_chip_43xx ****
make -r all 
make: Nothing to be done for 'all'.
12:32:51 **** Incremental Build of configuration Debug for project periph_systick ****
make -r all 
Building file: ../example/src/systick.c
Invoking: MCU C Compiler
arm-none-eabi-gcc -D__MULTICORE_NONE -DDEBUG -D__CODE_RED -D__USE_LPCOPEN -D__REDLIB__ -DCORE_M4 -I"/home/lautaro/GitHub/BTCONFIG/lpc_chip_43xx/inc" -I"/home/lautaro/GitHub/BTCONFIG/lpc_board_nxp_lpcxpresso_4337/inc" -O0 -g3 -Wall -c -fmessage-length=0 -fno-builtin -ffunction-sections -fdata-sections -fsingle-precision-constant -mcpu=cortex-m4 -mfpu=fpv4-sp-d16 -mfloat-abi=softfp -mthumb -specs=redlib.specs -MMD -MP -MF"example/src/systick.d" -MT"example/src/systick.o" -MT"example/src/systick.d" -o "example/src/systick.o" "../example/src/systick.c"
../example/src/systick.c: In function 'USARTconfig':
../example/src/systick.c:71:2: error: too few arguments to function 'Chip_UART_SetupFIFOS'
  Chip_UART_SetupFIFOS(LPC_USART2);//, UART_FCR_FIFO_EN | UART_FCR_TRG_LEV2); /* Modify FCR (FIFO Control Register)*/
  ^
example/src/subdir.mk:24: recipe for target 'example/src/systick.o' failed
In file included from /home/lautaro/GitHub/BTCONFIG/lpc_chip_43xx/inc/chip_lpc43xx.h:207:0,
                 from /home/lautaro/GitHub/BTCONFIG/lpc_chip_43xx/inc/chip.h:39,
                 from /home/lautaro/GitHub/BTCONFIG/lpc_board_nxp_lpcxpresso_4337/inc/board.h:35,
                 from ../example/src/systick.c:32:
/home/lautaro/GitHub/BTCONFIG/lpc_chip_43xx/inc/uart_18xx_43xx.h:410:20: note: declared here
 STATIC INLINE void Chip_UART_SetupFIFOS(LPC_USART_T *pUART, uint32_t fcr)
                    ^
make: *** [example/src/systick.o] Error 1
12:32:59 **** Incremental Build of configuration Debug for project periph_systick ****
make -r all 
Building file: ../example/src/systick.c
Invoking: MCU C Compiler
arm-none-eabi-gcc -D__MULTICORE_NONE -DDEBUG -D__CODE_RED -D__USE_LPCOPEN -D__REDLIB__ -DCORE_M4 -I"/home/lautaro/GitHub/BTCONFIG/lpc_chip_43xx/inc" -I"/home/lautaro/GitHub/BTCONFIG/lpc_board_nxp_lpcxpresso_4337/inc" -O0 -g3 -Wall -c -fmessage-length=0 -fno-builtin -ffunction-sections -fdata-sections -fsingle-precision-constant -mcpu=cortex-m4 -mfpu=fpv4-sp-d16 -mfloat-abi=softfp -mthumb -specs=redlib.specs -MMD -MP -MF"example/src/systick.d" -MT"example/src/systick.o" -MT"example/src/systick.d" -o "example/src/systick.o" "../example/src/systick.c"
../example/src/systick.c: In function 'USARTconfig':
../example/src/systick.c:71:2: error: too few arguments to function 'Chip_UART_SetupFIFOS'
  Chip_UART_SetupFIFOS(LPC_USART2);//, UART_FCR_FIFO_EN | UART_FCR_TRG_LEV2); /* Modify FCR (FIFO Control Register)*/
  ^
In file included from /home/lautaro/GitHub/BTCONFIG/lpc_chip_43xx/inc/chip_lpc43xx.h:207:0,
example/src/subdir.mk:24: recipe for target 'example/src/systick.o' failed
                 from /home/lautaro/GitHub/BTCONFIG/lpc_chip_43xx/inc/chip.h:39,
                 from /home/lautaro/GitHub/BTCONFIG/lpc_board_nxp_lpcxpresso_4337/inc/board.h:35,
                 from ../example/src/systick.c:32:
/home/lautaro/GitHub/BTCONFIG/lpc_chip_43xx/inc/uart_18xx_43xx.h:410:20: note: declared here
 STATIC INLINE void Chip_UART_SetupFIFOS(LPC_USART_T *pUART, uint32_t fcr)
                    ^
make: *** [example/src/systick.o] Error 1
13:01:51 **** Incremental Build of configuration Debug for project lpc_board_nxp_lpcxpresso_4337 ****
make -r all 
make: Nothing to be done for 'all'.
13:01:54 **** Incremental Build of configuration Debug for project lpc_chip_43xx ****
make -r all 
make: Nothing to be done for 'all'.
13:01:58 **** Incremental Build of configuration Debug for project periph_systick ****
make -r all 
Building file: ../example/src/systick.c
Invoking: MCU C Compiler
arm-none-eabi-gcc -D__MULTICORE_NONE -DDEBUG -D__CODE_RED -D__USE_LPCOPEN -D__REDLIB__ -DCORE_M4 -I"/home/lautaro/GitHub/BTCONFIG/lpc_chip_43xx/inc" -I"/home/lautaro/GitHub/BTCONFIG/lpc_board_nxp_lpcxpresso_4337/inc" -O0 -g3 -Wall -c -fmessage-length=0 -fno-builtin -ffunction-sections -fdata-sections -fsingle-precision-constant -mcpu=cortex-m4 -mfpu=fpv4-sp-d16 -mfloat-abi=softfp -mthumb -specs=redlib.specs -MMD -MP -MF"example/src/systick.d" -MT"example/src/systick.o" -MT"example/src/systick.d" -o "example/src/systick.o" "../example/src/systick.c"
Finished building: ../example/src/systick.c
 
Building target: periph_systick.axf
Invoking: MCU Linker
arm-none-eabi-gcc -nostdlib -L"/home/lautaro/GitHub/BTCONFIG/lpc_chip_43xx/Debug" -L"/home/lautaro/GitHub/BTCONFIG/lpc_board_nxp_lpcxpresso_4337/Debug" -Xlinker -Map="periph_systick.map" -Xlinker --gc-sections -mcpu=cortex-m4 -mfpu=fpv4-sp-d16 -mfloat-abi=softfp -mthumb -T "periph_systick_Debug.ld" -o "periph_systick.axf"  ./example/src/cr_startup_lpc43xx.o ./example/src/sysinit.o ./example/src/systick.o   -llpc_board_nxp_lpcxpresso_4337 -llpc_chip_43xx
Finished building target: periph_systick.axf
 
make --no-print-directory post-build
Performing post-build steps
arm-none-eabi-size "periph_systick.axf"; # arm-none-eabi-objcopy -v -O binary "periph_systick.axf" "periph_systick.bin" ; # checksum -p LPC4337 -d "periph_systick.bin";
   text	   data	    bss	    dec	    hex	filename
   8868	      8	    352	   9228	   240c	periph_systick.axf
 
13:02:10 **** Incremental Build of configuration Debug for project periph_systick ****
make -r all 
make: Nothing to be done for 'all'.
13:06:41 **** Incremental Build of configuration Debug for project lpc_board_nxp_lpcxpresso_4337 ****
make -r all 
make: Nothing to be done for 'all'.
13:06:45 **** Incremental Build of configuration Debug for project lpc_chip_43xx ****
make -r all 
make: Nothing to be done for 'all'.
13:06:48 **** Incremental Build of configuration Debug for project periph_systick ****
make -r all 
Building file: ../example/src/systick.c
Invoking: MCU C Compiler
arm-none-eabi-gcc -D__MULTICORE_NONE -DDEBUG -D__CODE_RED -D__USE_LPCOPEN -D__REDLIB__ -DCORE_M4 -I"/home/lautaro/GitHub/BTCONFIG/lpc_chip_43xx/inc" -I"/home/lautaro/GitHub/BTCONFIG/lpc_board_nxp_lpcxpresso_4337/inc" -O0 -g3 -Wall -c -fmessage-length=0 -fno-builtin -ffunction-sections -fdata-sections -fsingle-precision-constant -mcpu=cortex-m4 -mfpu=fpv4-sp-d16 -mfloat-abi=softfp -mthumb -specs=redlib.specs -MMD -MP -MF"example/src/systick.d" -MT"example/src/systick.o" -MT"example/src/systick.d" -o "example/src/systick.o" "../example/src/systick.c"
Finished building: ../example/src/systick.c
 
Building target: periph_systick.axf
Invoking: MCU Linker
arm-none-eabi-gcc -nostdlib -L"/home/lautaro/GitHub/BTCONFIG/lpc_chip_43xx/Debug" -L"/home/lautaro/GitHub/BTCONFIG/lpc_board_nxp_lpcxpresso_4337/Debug" -Xlinker -Map="periph_systick.map" -Xlinker --gc-sections -mcpu=cortex-m4 -mfpu=fpv4-sp-d16 -mfloat-abi=softfp -mthumb -T "periph_systick_Debug.ld" -o "periph_systick.axf"  ./example/src/cr_startup_lpc43xx.o ./example/src/sysinit.o ./example/src/systick.o   -llpc_board_nxp_lpcxpresso_4337 -llpc_chip_43xx
Finished building target: periph_systick.axf
 
make --no-print-directory post-build
Performing post-build steps
arm-none-eabi-size "periph_systick.axf"; # arm-none-eabi-objcopy -v -O binary "periph_systick.axf" "periph_systick.bin" ; # checksum -p LPC4337 -d "periph_systick.bin";
   text	   data	    bss	    dec	    hex	filename
   8868	      8	    352	   9228	   240c	periph_systick.axf
 
13:07:03 **** Incremental Build of configuration Debug for project periph_systick ****
make -r all 
make: Nothing to be done for 'all'.
13:32:31 **** Incremental Build of configuration Debug for project lpc_board_nxp_lpcxpresso_4337 ****
make -r all 
make: Nothing to be done for 'all'.
13:32:35 **** Incremental Build of configuration Debug for project lpc_chip_43xx ****
make -r all 
make: Nothing to be done for 'all'.
13:32:38 **** Incremental Build of configuration Debug for project periph_systick ****
make -r all 
Building file: ../example/src/systick.c
Invoking: MCU C Compiler
arm-none-eabi-gcc -D__MULTICORE_NONE -DDEBUG -D__CODE_RED -D__USE_LPCOPEN -D__REDLIB__ -DCORE_M4 -I"/home/lautaro/GitHub/BTCONFIG/lpc_chip_43xx/inc" -I"/home/lautaro/GitHub/BTCONFIG/lpc_board_nxp_lpcxpresso_4337/inc" -O0 -g3 -Wall -c -fmessage-length=0 -fno-builtin -ffunction-sections -fdata-sections -fsingle-precision-constant -mcpu=cortex-m4 -mfpu=fpv4-sp-d16 -mfloat-abi=softfp -mthumb -specs=redlib.specs -MMD -MP -MF"example/src/systick.d" -MT"example/src/systick.o" -MT"example/src/systick.d" -o "example/src/systick.o" "../example/src/systick.c"
../example/src/systick.c: In function 'main':
../example/src/systick.c:122:4: warning: implicit declaration of function 'ReadTillEOF' [-Wimplicit-function-declaration]
    ReadTillEOF(LPC_USART2,recibido,100);
    ^
../example/src/systick.c:123:30: warning: passing argument 2 of 'Chip_UART_Send' discards 'volatile' qualifier from pointer target type [-Wdiscarded-qualifiers]
    Chip_UART_Send(LPC_USART2,recibido,sizeof(recibido));
                              ^
In file included from /home/lautaro/GitHub/BTCONFIG/lpc_chip_43xx/inc/chip_lpc43xx.h:207:0,
                 from /home/lautaro/GitHub/BTCONFIG/lpc_chip_43xx/inc/chip.h:39,
                 from /home/lautaro/GitHub/BTCONFIG/lpc_board_nxp_lpcxpresso_4337/inc/board.h:35,
                 from ../example/src/systick.c:32:
/home/lautaro/GitHub/BTCONFIG/lpc_chip_43xx/inc/uart_18xx_43xx.h:681:5: note: expected 'const void *' but argument is of type 'volatile char *'
 int Chip_UART_Send(LPC_USART_T *pUART, const void *data, int numBytes);
     ^
../example/src/systick.c: At top level:
../example/src/systick.c:44:13: warning: 'mensaje' defined but not used [-Wunused-variable]
 static char mensaje[]="Test ";
             ^
../example/src/systick.c: In function 'ReadTillEOL':
../example/src/systick.c:102:1: warning: control reaches end of non-void function [-Wreturn-type]
 }
 ^
Finished building: ../example/src/systick.c
 
Building target: periph_systick.axf
Invoking: MCU Linker
arm-none-eabi-gcc -nostdlib -L"/home/lautaro/GitHub/BTCONFIG/lpc_chip_43xx/Debug" -L"/home/lautaro/GitHub/BTCONFIG/lpc_board_nxp_lpcxpresso_4337/Debug" -Xlinker -Map="periph_systick.map" -Xlinker --gc-sections -mcpu=cortex-m4 -mfpu=fpv4-sp-d16 -mfloat-abi=softfp -mthumb -T "periph_systick_Debug.ld" -o "periph_systick.axf"  ./example/src/cr_startup_lpc43xx.o ./example/src/sysinit.o ./example/src/systick.o   -llpc_board_nxp_lpcxpresso_4337 -llpc_chip_43xx
./example/src/systick.o: In function `main':
/home/lautaro/GitHub/BTCONFIG/periph_systick/Debug/../example/src/systick.c:122: undefined reference to `ReadTillEOF'
makefile:30: recipe for target 'periph_systick.axf' failed
collect2: error: ld returned 1 exit status
make: *** [periph_systick.axf] Error 1
13:33:04 **** Incremental Build of configuration Debug for project lpc_board_nxp_lpcxpresso_4337 ****
make -r all 
make: Nothing to be done for 'all'.
13:33:07 **** Incremental Build of configuration Debug for project lpc_chip_43xx ****
make -r all 
make: Nothing to be done for 'all'.
13:33:10 **** Incremental Build of configuration Debug for project periph_systick ****
make -r all 
Building file: ../example/src/systick.c
Invoking: MCU C Compiler
arm-none-eabi-gcc -D__MULTICORE_NONE -DDEBUG -D__CODE_RED -D__USE_LPCOPEN -D__REDLIB__ -DCORE_M4 -I"/home/lautaro/GitHub/BTCONFIG/lpc_chip_43xx/inc" -I"/home/lautaro/GitHub/BTCONFIG/lpc_board_nxp_lpcxpresso_4337/inc" -O0 -g3 -Wall -c -fmessage-length=0 -fno-builtin -ffunction-sections -fdata-sections -fsingle-precision-constant -mcpu=cortex-m4 -mfpu=fpv4-sp-d16 -mfloat-abi=softfp -mthumb -specs=redlib.specs -MMD -MP -MF"example/src/systick.d" -MT"example/src/systick.o" -MT"example/src/systick.d" -o "example/src/systick.o" "../example/src/systick.c"
../example/src/systick.c: In function 'main':
../example/src/systick.c:122:27: warning: passing argument 2 of 'ReadTillEOL' discards 'volatile' qualifier from pointer target type [-Wdiscarded-qualifiers]
    ReadTillEOL(LPC_USART2,recibido,100);
                           ^
../example/src/systick.c:89:5: note: expected 'void *' but argument is of type 'volatile char *'
 int ReadTillEOL(LPC_USART_T *pUART, void *data, int numBytes)
     ^
../example/src/systick.c:123:30: warning: passing argument 2 of 'Chip_UART_Send' discards 'volatile' qualifier from pointer target type [-Wdiscarded-qualifiers]
    Chip_UART_Send(LPC_USART2,recibido,sizeof(recibido));
                              ^
In file included from /home/lautaro/GitHub/BTCONFIG/lpc_chip_43xx/inc/chip_lpc43xx.h:207:0,
                 from /home/lautaro/GitHub/BTCONFIG/lpc_chip_43xx/inc/chip.h:39,
                 from /home/lautaro/GitHub/BTCONFIG/lpc_board_nxp_lpcxpresso_4337/inc/board.h:35,
                 from ../example/src/systick.c:32:
/home/lautaro/GitHub/BTCONFIG/lpc_chip_43xx/inc/uart_18xx_43xx.h:681:5: note: expected 'const void *' but argument is of type 'volatile char *'
 int Chip_UART_Send(LPC_USART_T *pUART, const void *data, int numBytes);
     ^
../example/src/systick.c: At top level:
../example/src/systick.c:44:13: warning: 'mensaje' defined but not used [-Wunused-variable]
 static char mensaje[]="Test ";
             ^
../example/src/systick.c: In function 'ReadTillEOL':
../example/src/systick.c:102:1: warning: control reaches end of non-void function [-Wreturn-type]
 }
 ^
Finished building: ../example/src/systick.c
 
Building target: periph_systick.axf
Invoking: MCU Linker
arm-none-eabi-gcc -nostdlib -L"/home/lautaro/GitHub/BTCONFIG/lpc_chip_43xx/Debug" -L"/home/lautaro/GitHub/BTCONFIG/lpc_board_nxp_lpcxpresso_4337/Debug" -Xlinker -Map="periph_systick.map" -Xlinker --gc-sections -mcpu=cortex-m4 -mfpu=fpv4-sp-d16 -mfloat-abi=softfp -mthumb -T "periph_systick_Debug.ld" -o "periph_systick.axf"  ./example/src/cr_startup_lpc43xx.o ./example/src/sysinit.o ./example/src/systick.o   -llpc_board_nxp_lpcxpresso_4337 -llpc_chip_43xx
Finished building target: periph_systick.axf
 
make --no-print-directory post-build
Performing post-build steps
arm-none-eabi-size "periph_systick.axf"; # arm-none-eabi-objcopy -v -O binary "periph_systick.axf" "periph_systick.bin" ; # checksum -p LPC4337 -d "periph_systick.bin";
   text	   data	    bss	    dec	    hex	filename
   9076	      0	    452	   9528	   2538	periph_systick.axf
 
13:34:06 **** Incremental Build of configuration Debug for project lpc_board_nxp_lpcxpresso_4337 ****
make -r all 
make: Nothing to be done for 'all'.
13:34:09 **** Incremental Build of configuration Debug for project lpc_chip_43xx ****
make -r all 
make: Nothing to be done for 'all'.
13:34:12 **** Incremental Build of configuration Debug for project periph_systick ****
make -r all 
Building file: ../example/src/systick.c
Invoking: MCU C Compiler
arm-none-eabi-gcc -D__MULTICORE_NONE -DDEBUG -D__CODE_RED -D__USE_LPCOPEN -D__REDLIB__ -DCORE_M4 -I"/home/lautaro/GitHub/BTCONFIG/lpc_chip_43xx/inc" -I"/home/lautaro/GitHub/BTCONFIG/lpc_board_nxp_lpcxpresso_4337/inc" -O0 -g3 -Wall -c -fmessage-length=0 -fno-builtin -ffunction-sections -fdata-sections -fsingle-precision-constant -mcpu=cortex-m4 -mfpu=fpv4-sp-d16 -mfloat-abi=softfp -mthumb -specs=redlib.specs -MMD -MP -MF"example/src/systick.d" -MT"example/src/systick.o" -MT"example/src/systick.d" -o "example/src/systick.o" "../example/src/systick.c"
../example/src/systick.c: In function 'main':
../example/src/systick.c:123:27: warning: passing argument 2 of 'ReadTillEOL' discards 'volatile' qualifier from pointer target type [-Wdiscarded-qualifiers]
    ReadTillEOL(LPC_USART2,recibido,100);
                           ^
../example/src/systick.c:89:5: note: expected 'void *' but argument is of type 'volatile char *'
 int ReadTillEOL(LPC_USART_T *pUART, void *data, int numBytes)
     ^
../example/src/systick.c:124:30: warning: passing argument 2 of 'Chip_UART_Send' discards 'volatile' qualifier from pointer target type [-Wdiscarded-qualifiers]
    Chip_UART_Send(LPC_USART2,recibido,sizeof(recibido));
                              ^
In file included from /home/lautaro/GitHub/BTCONFIG/lpc_chip_43xx/inc/chip_lpc43xx.h:207:0,
                 from /home/lautaro/GitHub/BTCONFIG/lpc_chip_43xx/inc/chip.h:39,
                 from /home/lautaro/GitHub/BTCONFIG/lpc_board_nxp_lpcxpresso_4337/inc/board.h:35,
                 from ../example/src/systick.c:32:
/home/lautaro/GitHub/BTCONFIG/lpc_chip_43xx/inc/uart_18xx_43xx.h:681:5: note: expected 'const void *' but argument is of type 'volatile char *'
 int Chip_UART_Send(LPC_USART_T *pUART, const void *data, int numBytes);
     ^
../example/src/systick.c: At top level:
../example/src/systick.c:44:13: warning: 'mensaje' defined but not used [-Wunused-variable]
 static char mensaje[]="Test ";
             ^
Finished building: ../example/src/systick.c
 
Building target: periph_systick.axf
Invoking: MCU Linker
arm-none-eabi-gcc -nostdlib -L"/home/lautaro/GitHub/BTCONFIG/lpc_chip_43xx/Debug" -L"/home/lautaro/GitHub/BTCONFIG/lpc_board_nxp_lpcxpresso_4337/Debug" -Xlinker -Map="periph_systick.map" -Xlinker --gc-sections -mcpu=cortex-m4 -mfpu=fpv4-sp-d16 -mfloat-abi=softfp -mthumb -T "periph_systick_Debug.ld" -o "periph_systick.axf"  ./example/src/cr_startup_lpc43xx.o ./example/src/sysinit.o ./example/src/systick.o   -llpc_board_nxp_lpcxpresso_4337 -llpc_chip_43xx
Finished building target: periph_systick.axf
 
make --no-print-directory post-build
Performing post-build steps
arm-none-eabi-size "periph_systick.axf"; # arm-none-eabi-objcopy -v -O binary "periph_systick.axf" "periph_systick.bin" ; # checksum -p LPC4337 -d "periph_systick.bin";
   text	   data	    bss	    dec	    hex	filename
   9076	      0	    452	   9528	   2538	periph_systick.axf
 
13:34:58 **** Incremental Build of configuration Debug for project lpc_board_nxp_lpcxpresso_4337 ****
make -r all 
make: Nothing to be done for 'all'.
13:35:01 **** Incremental Build of configuration Debug for project lpc_chip_43xx ****
make -r all 
make: Nothing to be done for 'all'.
13:35:04 **** Incremental Build of configuration Debug for project periph_systick ****
make -r all 
Building file: ../example/src/systick.c
Invoking: MCU C Compiler
arm-none-eabi-gcc -D__MULTICORE_NONE -DDEBUG -D__CODE_RED -D__USE_LPCOPEN -D__REDLIB__ -DCORE_M4 -I"/home/lautaro/GitHub/BTCONFIG/lpc_chip_43xx/inc" -I"/home/lautaro/GitHub/BTCONFIG/lpc_board_nxp_lpcxpresso_4337/inc" -O0 -g3 -Wall -c -fmessage-length=0 -fno-builtin -ffunction-sections -fdata-sections -fsingle-precision-constant -mcpu=cortex-m4 -mfpu=fpv4-sp-d16 -mfloat-abi=softfp -mthumb -specs=redlib.specs -MMD -MP -MF"example/src/systick.d" -MT"example/src/systick.o" -MT"example/src/systick.d" -o "example/src/systick.o" "../example/src/systick.c"
../example/src/systick.c:44:13: warning: 'mensaje' defined but not used [-Wunused-variable]
 static char mensaje[]="Test ";
             ^
Finished building: ../example/src/systick.c
 
Building target: periph_systick.axf
Invoking: MCU Linker
arm-none-eabi-gcc -nostdlib -L"/home/lautaro/GitHub/BTCONFIG/lpc_chip_43xx/Debug" -L"/home/lautaro/GitHub/BTCONFIG/lpc_board_nxp_lpcxpresso_4337/Debug" -Xlinker -Map="periph_systick.map" -Xlinker --gc-sections -mcpu=cortex-m4 -mfpu=fpv4-sp-d16 -mfloat-abi=softfp -mthumb -T "periph_systick_Debug.ld" -o "periph_systick.axf"  ./example/src/cr_startup_lpc43xx.o ./example/src/sysinit.o ./example/src/systick.o   -llpc_board_nxp_lpcxpresso_4337 -llpc_chip_43xx
Finished building target: periph_systick.axf
 
make --no-print-directory post-build
Performing post-build steps
arm-none-eabi-size "periph_systick.axf"; # arm-none-eabi-objcopy -v -O binary "periph_systick.axf" "periph_systick.bin" ; # checksum -p LPC4337 -d "periph_systick.bin";
   text	   data	    bss	    dec	    hex	filename
   9076	      0	    352	   9428	   24d4	periph_systick.axf
 
13:35:19 **** Incremental Build of configuration Debug for project periph_systick ****
make -r all 
make: Nothing to be done for 'all'.
13:39:23 **** Incremental Build of configuration Debug for project lpc_board_nxp_lpcxpresso_4337 ****
make -r all 
make: Nothing to be done for 'all'.
13:39:26 **** Incremental Build of configuration Debug for project lpc_chip_43xx ****
make -r all 
make: Nothing to be done for 'all'.
13:39:29 **** Incremental Build of configuration Debug for project periph_systick ****
make -r all 
Building file: ../example/src/systick.c
Invoking: MCU C Compiler
arm-none-eabi-gcc -D__MULTICORE_NONE -DDEBUG -D__CODE_RED -D__USE_LPCOPEN -D__REDLIB__ -DCORE_M4 -I"/home/lautaro/GitHub/BTCONFIG/lpc_chip_43xx/inc" -I"/home/lautaro/GitHub/BTCONFIG/lpc_board_nxp_lpcxpresso_4337/inc" -O0 -g3 -Wall -c -fmessage-length=0 -fno-builtin -ffunction-sections -fdata-sections -fsingle-precision-constant -mcpu=cortex-m4 -mfpu=fpv4-sp-d16 -mfloat-abi=softfp -mthumb -specs=redlib.specs -MMD -MP -MF"example/src/systick.d" -MT"example/src/systick.o" -MT"example/src/systick.d" -o "example/src/systick.o" "../example/src/systick.c"
../example/src/systick.c:44:13: warning: 'mensaje' defined but not used [-Wunused-variable]
 static char mensaje[]="Test ";
             ^
Finished building: ../example/src/systick.c
 
Building target: periph_systick.axf
Invoking: MCU Linker
arm-none-eabi-gcc -nostdlib -L"/home/lautaro/GitHub/BTCONFIG/lpc_chip_43xx/Debug" -L"/home/lautaro/GitHub/BTCONFIG/lpc_board_nxp_lpcxpresso_4337/Debug" -Xlinker -Map="periph_systick.map" -Xlinker --gc-sections -mcpu=cortex-m4 -mfpu=fpv4-sp-d16 -mfloat-abi=softfp -mthumb -T "periph_systick_Debug.ld" -o "periph_systick.axf"  ./example/src/cr_startup_lpc43xx.o ./example/src/sysinit.o ./example/src/systick.o   -llpc_board_nxp_lpcxpresso_4337 -llpc_chip_43xx
Finished building target: periph_systick.axf
 
make --no-print-directory post-build
Performing post-build steps
arm-none-eabi-size "periph_systick.axf"; # arm-none-eabi-objcopy -v -O binary "periph_systick.axf" "periph_systick.bin" ; # checksum -p LPC4337 -d "periph_systick.bin";
   text	   data	    bss	    dec	    hex	filename
   9076	      0	    352	   9428	   24d4	periph_systick.axf
 
13:39:38 **** Incremental Build of configuration Debug for project periph_systick ****
make -r all 
make: Nothing to be done for 'all'.
13:41:14 **** Incremental Build of configuration Debug for project lpc_board_nxp_lpcxpresso_4337 ****
make -r all 
make: Nothing to be done for 'all'.
13:41:17 **** Incremental Build of configuration Debug for project lpc_chip_43xx ****
make -r all 
make: Nothing to be done for 'all'.
13:41:20 **** Incremental Build of configuration Debug for project periph_systick ****
make -r all 
Building file: ../example/src/systick.c
Invoking: MCU C Compiler
arm-none-eabi-gcc -D__MULTICORE_NONE -DDEBUG -D__CODE_RED -D__USE_LPCOPEN -D__REDLIB__ -DCORE_M4 -I"/home/lautaro/GitHub/BTCONFIG/lpc_chip_43xx/inc" -I"/home/lautaro/GitHub/BTCONFIG/lpc_board_nxp_lpcxpresso_4337/inc" -O0 -g3 -Wall -c -fmessage-length=0 -fno-builtin -ffunction-sections -fdata-sections -fsingle-precision-constant -mcpu=cortex-m4 -mfpu=fpv4-sp-d16 -mfloat-abi=softfp -mthumb -specs=redlib.specs -MMD -MP -MF"example/src/systick.d" -MT"example/src/systick.o" -MT"example/src/systick.d" -o "example/src/systick.o" "../example/src/systick.c"
../example/src/systick.c:44:13: warning: 'mensaje' defined but not used [-Wunused-variable]
 static char mensaje[]="Test ";
             ^
Finished building: ../example/src/systick.c
 
Building target: periph_systick.axf
Invoking: MCU Linker
arm-none-eabi-gcc -nostdlib -L"/home/lautaro/GitHub/BTCONFIG/lpc_chip_43xx/Debug" -L"/home/lautaro/GitHub/BTCONFIG/lpc_board_nxp_lpcxpresso_4337/Debug" -Xlinker -Map="periph_systick.map" -Xlinker --gc-sections -mcpu=cortex-m4 -mfpu=fpv4-sp-d16 -mfloat-abi=softfp -mthumb -T "periph_systick_Debug.ld" -o "periph_systick.axf"  ./example/src/cr_startup_lpc43xx.o ./example/src/sysinit.o ./example/src/systick.o   -llpc_board_nxp_lpcxpresso_4337 -llpc_chip_43xx
Finished building target: periph_systick.axf
 
make --no-print-directory post-build
Performing post-build steps
arm-none-eabi-size "periph_systick.axf"; # arm-none-eabi-objcopy -v -O binary "periph_systick.axf" "periph_systick.bin" ; # checksum -p LPC4337 -d "periph_systick.bin";
   text	   data	    bss	    dec	    hex	filename
   9080	      0	    352	   9432	   24d8	periph_systick.axf
 
13:41:31 **** Incremental Build of configuration Debug for project periph_systick ****
make -r all 
make: Nothing to be done for 'all'.
13:42:31 **** Incremental Build of configuration Debug for project lpc_board_nxp_lpcxpresso_4337 ****
make -r all 
make: Nothing to be done for 'all'.
13:42:34 **** Incremental Build of configuration Debug for project lpc_chip_43xx ****
make -r all 
make: Nothing to be done for 'all'.
13:42:37 **** Incremental Build of configuration Debug for project periph_systick ****
make -r all 
Building file: ../example/src/systick.c
Invoking: MCU C Compiler
arm-none-eabi-gcc -D__MULTICORE_NONE -DDEBUG -D__CODE_RED -D__USE_LPCOPEN -D__REDLIB__ -DCORE_M4 -I"/home/lautaro/GitHub/BTCONFIG/lpc_chip_43xx/inc" -I"/home/lautaro/GitHub/BTCONFIG/lpc_board_nxp_lpcxpresso_4337/inc" -O0 -g3 -Wall -c -fmessage-length=0 -fno-builtin -ffunction-sections -fdata-sections -fsingle-precision-constant -mcpu=cortex-m4 -mfpu=fpv4-sp-d16 -mfloat-abi=softfp -mthumb -specs=redlib.specs -MMD -MP -MF"example/src/systick.d" -MT"example/src/systick.o" -MT"example/src/systick.d" -o "example/src/systick.o" "../example/src/systick.c"
../example/src/systick.c:44:13: warning: 'mensaje' defined but not used [-Wunused-variable]
 static char mensaje[]="Test ";
             ^
Finished building: ../example/src/systick.c
 
Building target: periph_systick.axf
Invoking: MCU Linker
arm-none-eabi-gcc -nostdlib -L"/home/lautaro/GitHub/BTCONFIG/lpc_chip_43xx/Debug" -L"/home/lautaro/GitHub/BTCONFIG/lpc_board_nxp_lpcxpresso_4337/Debug" -Xlinker -Map="periph_systick.map" -Xlinker --gc-sections -mcpu=cortex-m4 -mfpu=fpv4-sp-d16 -mfloat-abi=softfp -mthumb -T "periph_systick_Debug.ld" -o "periph_systick.axf"  ./example/src/cr_startup_lpc43xx.o ./example/src/sysinit.o ./example/src/systick.o   -llpc_board_nxp_lpcxpresso_4337 -llpc_chip_43xx
Finished building target: periph_systick.axf
 
make --no-print-directory post-build
Performing post-build steps
arm-none-eabi-size "periph_systick.axf"; # arm-none-eabi-objcopy -v -O binary "periph_systick.axf" "periph_systick.bin" ; # checksum -p LPC4337 -d "periph_systick.bin";
   text	   data	    bss	    dec	    hex	filename
   9156	      0	    352	   9508	   2524	periph_systick.axf
 
13:43:03 **** Incremental Build of configuration Debug for project periph_systick ****
make -r all 
make: Nothing to be done for 'all'.
13:45:26 **** Incremental Build of configuration Debug for project lpc_board_nxp_lpcxpresso_4337 ****
make -r all 
make: Nothing to be done for 'all'.
13:45:30 **** Incremental Build of configuration Debug for project lpc_chip_43xx ****
make -r all 
make: Nothing to be done for 'all'.
13:45:33 **** Incremental Build of configuration Debug for project periph_systick ****
make -r all 
Building file: ../example/src/systick.c
Invoking: MCU C Compiler
arm-none-eabi-gcc -D__MULTICORE_NONE -DDEBUG -D__CODE_RED -D__USE_LPCOPEN -D__REDLIB__ -DCORE_M4 -I"/home/lautaro/GitHub/BTCONFIG/lpc_chip_43xx/inc" -I"/home/lautaro/GitHub/BTCONFIG/lpc_board_nxp_lpcxpresso_4337/inc" -O0 -g3 -Wall -c -fmessage-length=0 -fno-builtin -ffunction-sections -fdata-sections -fsingle-precision-constant -mcpu=cortex-m4 -mfpu=fpv4-sp-d16 -mfloat-abi=softfp -mthumb -specs=redlib.specs -MMD -MP -MF"example/src/systick.d" -MT"example/src/systick.o" -MT"example/src/systick.d" -o "example/src/systick.o" "../example/src/systick.c"
../example/src/systick.c:44:13: warning: 'mensaje' defined but not used [-Wunused-variable]
 static char mensaje[]="Test ";
             ^
Finished building: ../example/src/systick.c
 
Building target: periph_systick.axf
Invoking: MCU Linker
arm-none-eabi-gcc -nostdlib -L"/home/lautaro/GitHub/BTCONFIG/lpc_chip_43xx/Debug" -L"/home/lautaro/GitHub/BTCONFIG/lpc_board_nxp_lpcxpresso_4337/Debug" -Xlinker -Map="periph_systick.map" -Xlinker --gc-sections -mcpu=cortex-m4 -mfpu=fpv4-sp-d16 -mfloat-abi=softfp -mthumb -T "periph_systick_Debug.ld" -o "periph_systick.axf"  ./example/src/cr_startup_lpc43xx.o ./example/src/sysinit.o ./example/src/systick.o   -llpc_board_nxp_lpcxpresso_4337 -llpc_chip_43xx
Finished building target: periph_systick.axf
 
make --no-print-directory post-build
Performing post-build steps
arm-none-eabi-size "periph_systick.axf"; # arm-none-eabi-objcopy -v -O binary "periph_systick.axf" "periph_systick.bin" ; # checksum -p LPC4337 -d "periph_systick.bin";
   text	   data	    bss	    dec	    hex	filename
   9156	      0	    352	   9508	   2524	periph_systick.axf
 
13:46:00 **** Incremental Build of configuration Debug for project lpc_board_nxp_lpcxpresso_4337 ****
make -r all 
make: Nothing to be done for 'all'.
13:46:03 **** Incremental Build of configuration Debug for project lpc_chip_43xx ****
make -r all 
make: Nothing to be done for 'all'.
13:46:06 **** Incremental Build of configuration Debug for project periph_systick ****
make -r all 
Building file: ../example/src/systick.c
Invoking: MCU C Compiler
arm-none-eabi-gcc -D__MULTICORE_NONE -DDEBUG -D__CODE_RED -D__USE_LPCOPEN -D__REDLIB__ -DCORE_M4 -I"/home/lautaro/GitHub/BTCONFIG/lpc_chip_43xx/inc" -I"/home/lautaro/GitHub/BTCONFIG/lpc_board_nxp_lpcxpresso_4337/inc" -O0 -g3 -Wall -c -fmessage-length=0 -fno-builtin -ffunction-sections -fdata-sections -fsingle-precision-constant -mcpu=cortex-m4 -mfpu=fpv4-sp-d16 -mfloat-abi=softfp -mthumb -specs=redlib.specs -MMD -MP -MF"example/src/systick.d" -MT"example/src/systick.o" -MT"example/src/systick.d" -o "example/src/systick.o" "../example/src/systick.c"
../example/src/systick.c:44:13: warning: 'mensaje' defined but not used [-Wunused-variable]
 static char mensaje[]="Test ";
             ^
Finished building: ../example/src/systick.c
 
Building target: periph_systick.axf
Invoking: MCU Linker
arm-none-eabi-gcc -nostdlib -L"/home/lautaro/GitHub/BTCONFIG/lpc_chip_43xx/Debug" -L"/home/lautaro/GitHub/BTCONFIG/lpc_board_nxp_lpcxpresso_4337/Debug" -Xlinker -Map="periph_systick.map" -Xlinker --gc-sections -mcpu=cortex-m4 -mfpu=fpv4-sp-d16 -mfloat-abi=softfp -mthumb -T "periph_systick_Debug.ld" -o "periph_systick.axf"  ./example/src/cr_startup_lpc43xx.o ./example/src/sysinit.o ./example/src/systick.o   -llpc_board_nxp_lpcxpresso_4337 -llpc_chip_43xx
Finished building target: periph_systick.axf
 
make --no-print-directory post-build
Performing post-build steps
arm-none-eabi-size "periph_systick.axf"; # arm-none-eabi-objcopy -v -O binary "periph_systick.axf" "periph_systick.bin" ; # checksum -p LPC4337 -d "periph_systick.bin";
   text	   data	    bss	    dec	    hex	filename
   9164	      0	    352	   9516	   252c	periph_systick.axf
 
13:46:30 **** Incremental Build of configuration Debug for project periph_systick ****
make -r all 
make: Nothing to be done for 'all'.
13:56:40 **** Incremental Build of configuration Debug for project lpc_board_nxp_lpcxpresso_4337 ****
make -r all 
Building file: ../src/board.c
Invoking: MCU C Compiler
arm-none-eabi-gcc -D__REDLIB__ -DDEBUG -D__CODE_RED -D__USE_LPCOPEN -DCORE_M4 -I"/home/lautaro/GitHub/BTCONFIG/lpc_chip_43xx/inc" -I"/home/lautaro/GitHub/BTCONFIG/lpc_board_nxp_lpcxpresso_4337/inc" -O0 -g3 -Wall -c -fmessage-length=0 -fno-builtin -ffunction-sections -fdata-sections -fsingle-precision-constant -mcpu=cortex-m4 -mfpu=fpv4-sp-d16 -mfloat-abi=softfp -mthumb -specs=redlib.specs -MMD -MP -MF"src/board.d" -MT"src/board.o" -MT"src/board.d" -o "src/board.o" "../src/board.c"
Finished building: ../src/board.c
 
Building target: liblpc_board_nxp_lpcxpresso_4337.a
Invoking: MCU Archiver
arm-none-eabi-ar -r  "liblpc_board_nxp_lpcxpresso_4337.a"  ./src/board.o ./src/board_sysinit.o ./src/lcd_st7565s.o ./src/lpc_phy_smsc87x0.o ./src/wm8904.o   
arm-none-eabi-ar: creating liblpc_board_nxp_lpcxpresso_4337.a
Finished building target: liblpc_board_nxp_lpcxpresso_4337.a
 
make --no-print-directory post-build
Performing post-build steps
arm-none-eabi-size "liblpc_board_nxp_lpcxpresso_4337.a" ; # arm-none-eabi-objdump -h -S "liblpc_board_nxp_lpcxpresso_4337.a" >"liblpc_board_nxp_lpcxpresso_4337.lss"
   text	   data	    bss	    dec	    hex	filename
   2306	      0	      4	   2310	    906	board.o (ex liblpc_board_nxp_lpcxpresso_4337.a)
    436	      0	      0	    436	    1b4	board_sysinit.o (ex liblpc_board_nxp_lpcxpresso_4337.a)
   1702	      4	   1044	   2750	    abe	lcd_st7565s.o (ex liblpc_board_nxp_lpcxpresso_4337.a)
    876	      0	     18	    894	    37e	lpc_phy_smsc87x0.o (ex liblpc_board_nxp_lpcxpresso_4337.a)
    796	      0	      0	    796	    31c	wm8904.o (ex liblpc_board_nxp_lpcxpresso_4337.a)
 
13:56:44 **** Incremental Build of configuration Debug for project lpc_chip_43xx ****
make -r all 
make: Nothing to be done for 'all'.
13:56:47 **** Incremental Build of configuration Debug for project periph_systick ****
make -r all 
Building file: ../example/src/systick.c
Invoking: MCU C Compiler
arm-none-eabi-gcc -D__MULTICORE_NONE -DDEBUG -D__CODE_RED -D__USE_LPCOPEN -D__REDLIB__ -DCORE_M4 -I"/home/lautaro/GitHub/BTCONFIG/lpc_chip_43xx/inc" -I"/home/lautaro/GitHub/BTCONFIG/lpc_board_nxp_lpcxpresso_4337/inc" -O0 -g3 -Wall -c -fmessage-length=0 -fno-builtin -ffunction-sections -fdata-sections -fsingle-precision-constant -mcpu=cortex-m4 -mfpu=fpv4-sp-d16 -mfloat-abi=softfp -mthumb -specs=redlib.specs -MMD -MP -MF"example/src/systick.d" -MT"example/src/systick.o" -MT"example/src/systick.d" -o "example/src/systick.o" "../example/src/systick.c"
../example/src/systick.c: In function 'main':
../example/src/systick.c:133:2: warning: implicit declaration of function 'Board_UART_init' [-Wimplicit-function-declaration]
  Board_UART_init(LPC_USART2);
  ^
../example/src/systick.c: At top level:
../example/src/systick.c:44:13: warning: 'mensaje' defined but not used [-Wunused-variable]
 static char mensaje[]="Test ";
             ^
Finished building: ../example/src/systick.c
 
Building target: periph_systick.axf
Invoking: MCU Linker
arm-none-eabi-gcc -nostdlib -L"/home/lautaro/GitHub/BTCONFIG/lpc_chip_43xx/Debug" -L"/home/lautaro/GitHub/BTCONFIG/lpc_board_nxp_lpcxpresso_4337/Debug" -Xlinker -Map="periph_systick.map" -Xlinker --gc-sections -mcpu=cortex-m4 -mfpu=fpv4-sp-d16 -mfloat-abi=softfp -mthumb -T "periph_systick_Debug.ld" -o "periph_systick.axf"  ./example/src/cr_startup_lpc43xx.o ./example/src/sysinit.o ./example/src/systick.o   -llpc_board_nxp_lpcxpresso_4337 -llpc_chip_43xx
./example/src/systick.o: In function `main':
/home/lautaro/GitHub/BTCONFIG/periph_systick/Debug/../example/src/systick.c:133: undefined reference to `Board_UART_init'
makefile:30: recipe for target 'periph_systick.axf' failed
/home/lautaro/GitHub/BTCONFIG/periph_systick/Debug/../example/src/systick.c:134: undefined reference to `Board_UART_init'
collect2: error: ld returned 1 exit status
make: *** [periph_systick.axf] Error 1
13:57:20 **** Incremental Build of configuration Debug for project lpc_board_nxp_lpcxpresso_4337 ****
make -r all 
make: Nothing to be done for 'all'.
13:57:23 **** Incremental Build of configuration Debug for project lpc_chip_43xx ****
make -r all 
make: Nothing to be done for 'all'.
13:57:26 **** Incremental Build of configuration Debug for project periph_systick ****
make -r all 
Building file: ../example/src/systick.c
Invoking: MCU C Compiler
arm-none-eabi-gcc -D__MULTICORE_NONE -DDEBUG -D__CODE_RED -D__USE_LPCOPEN -D__REDLIB__ -DCORE_M4 -I"/home/lautaro/GitHub/BTCONFIG/lpc_chip_43xx/inc" -I"/home/lautaro/GitHub/BTCONFIG/lpc_board_nxp_lpcxpresso_4337/inc" -O0 -g3 -Wall -c -fmessage-length=0 -fno-builtin -ffunction-sections -fdata-sections -fsingle-precision-constant -mcpu=cortex-m4 -mfpu=fpv4-sp-d16 -mfloat-abi=softfp -mthumb -specs=redlib.specs -MMD -MP -MF"example/src/systick.d" -MT"example/src/systick.o" -MT"example/src/systick.d" -o "example/src/systick.o" "../example/src/systick.c"
../example/src/systick.c:44:13: warning: 'mensaje' defined but not used [-Wunused-variable]
 static char mensaje[]="Test ";
             ^
Finished building: ../example/src/systick.c
 
Building target: periph_systick.axf
Invoking: MCU Linker
arm-none-eabi-gcc -nostdlib -L"/home/lautaro/GitHub/BTCONFIG/lpc_chip_43xx/Debug" -L"/home/lautaro/GitHub/BTCONFIG/lpc_board_nxp_lpcxpresso_4337/Debug" -Xlinker -Map="periph_systick.map" -Xlinker --gc-sections -mcpu=cortex-m4 -mfpu=fpv4-sp-d16 -mfloat-abi=softfp -mthumb -T "periph_systick_Debug.ld" -o "periph_systick.axf"  ./example/src/cr_startup_lpc43xx.o ./example/src/sysinit.o ./example/src/systick.o   -llpc_board_nxp_lpcxpresso_4337 -llpc_chip_43xx
Finished building target: periph_systick.axf
 
make --no-print-directory post-build
Performing post-build steps
arm-none-eabi-size "periph_systick.axf"; # arm-none-eabi-objcopy -v -O binary "periph_systick.axf" "periph_systick.bin" ; # checksum -p LPC4337 -d "periph_systick.bin";
   text	   data	    bss	    dec	    hex	filename
   9260	      0	    352	   9612	   258c	periph_systick.axf
 
13:57:54 **** Incremental Build of configuration Debug for project periph_systick ****
make -r all 
make: Nothing to be done for 'all'.
14:05:33 **** Incremental Build of configuration Debug for project lpc_board_nxp_lpcxpresso_4337 ****
make -r all 
make: Nothing to be done for 'all'.
14:05:36 **** Incremental Build of configuration Debug for project lpc_chip_43xx ****
make -r all 
make: Nothing to be done for 'all'.
14:05:39 **** Incremental Build of configuration Debug for project periph_systick ****
make -r all 
Building file: ../example/src/systick.c
Invoking: MCU C Compiler
arm-none-eabi-gcc -D__MULTICORE_NONE -DDEBUG -D__CODE_RED -D__USE_LPCOPEN -D__REDLIB__ -DCORE_M4 -I"/home/lautaro/GitHub/BTCONFIG/lpc_chip_43xx/inc" -I"/home/lautaro/GitHub/BTCONFIG/lpc_board_nxp_lpcxpresso_4337/inc" -O0 -g3 -Wall -c -fmessage-length=0 -fno-builtin -ffunction-sections -fdata-sections -fsingle-precision-constant -mcpu=cortex-m4 -mfpu=fpv4-sp-d16 -mfloat-abi=softfp -mthumb -specs=redlib.specs -MMD -MP -MF"example/src/systick.d" -MT"example/src/systick.o" -MT"example/src/systick.d" -o "example/src/systick.o" "../example/src/systick.c"
../example/src/systick.c: In function 'UART2_IRQHandler':
../example/src/systick.c:92:2: warning: implicit declaration of function 'ReadTillEOL' [-Wimplicit-function-declaration]
  ReadTillEOL(LPC_USART2,recibido2,sizeof(recibido2));
example/src/subdir.mk:24: recipe for target 'example/src/systick.o' failed
  ^
../example/src/systick.c:92:25: error: 'recibido2' undeclared (first use in this function)
  ReadTillEOL(LPC_USART2,recibido2,sizeof(recibido2));
                         ^
../example/src/systick.c:92:25: note: each undeclared identifier is reported only once for each function it appears in
../example/src/systick.c: In function 'UART0_IRQHandler':
../example/src/systick.c:96:25: error: 'recibido0' undeclared (first use in this function)
  ReadTillEOL(LPC_USART0,recibido0,sizeof(recibido0));
                         ^
../example/src/systick.c: At top level:
../example/src/systick.c:44:13: warning: 'mensaje' defined but not used [-Wunused-variable]
 static char mensaje[]="Test ";
             ^
make: *** [example/src/systick.o] Error 1
14:07:13 **** Incremental Build of configuration Debug for project lpc_board_nxp_lpcxpresso_4337 ****
make -r all 
make: Nothing to be done for 'all'.
14:07:16 **** Incremental Build of configuration Debug for project lpc_chip_43xx ****
make -r all 
make: Nothing to be done for 'all'.
14:07:19 **** Incremental Build of configuration Debug for project periph_systick ****
make -r all 
Building file: ../example/src/systick.c
Invoking: MCU C Compiler
arm-none-eabi-gcc -D__MULTICORE_NONE -DDEBUG -D__CODE_RED -D__USE_LPCOPEN -D__REDLIB__ -DCORE_M4 -I"/home/lautaro/GitHub/BTCONFIG/lpc_chip_43xx/inc" -I"/home/lautaro/GitHub/BTCONFIG/lpc_board_nxp_lpcxpresso_4337/inc" -O0 -g3 -Wall -c -fmessage-length=0 -fno-builtin -ffunction-sections -fdata-sections -fsingle-precision-constant -mcpu=cortex-m4 -mfpu=fpv4-sp-d16 -mfloat-abi=softfp -mthumb -specs=redlib.specs -MMD -MP -MF"example/src/systick.d" -MT"example/src/systick.o" -MT"example/src/systick.d" -o "example/src/systick.o" "../example/src/systick.c"
../example/src/systick.c: In function 'UART2_IRQHandler':
../example/src/systick.c:160:25: error: 'recibido2' undeclared (first use in this function)
  ReadTillEOL(LPC_USART2,recibido2,sizeof(recibido2));
                         ^
example/src/subdir.mk:24: recipe for target 'example/src/systick.o' failed
../example/src/systick.c:160:25: note: each undeclared identifier is reported only once for each function it appears in
../example/src/systick.c: In function 'UART0_IRQHandler':
../example/src/systick.c:164:25: error: 'recibido0' undeclared (first use in this function)
  ReadTillEOL(LPC_USART0,recibido0,sizeof(recibido0));
                         ^
../example/src/systick.c: At top level:
../example/src/systick.c:44:13: warning: 'mensaje' defined but not used [-Wunused-variable]
 static char mensaje[]="Test ";
             ^
make: *** [example/src/systick.o] Error 1
14:08:31 **** Incremental Build of configuration Debug for project lpc_board_nxp_lpcxpresso_4337 ****
make -r all 
make: Nothing to be done for 'all'.
14:08:35 **** Incremental Build of configuration Debug for project lpc_chip_43xx ****
make -r all 
make: Nothing to be done for 'all'.
14:08:38 **** Incremental Build of configuration Debug for project periph_systick ****
make -r all 
Building file: ../example/src/systick.c
Invoking: MCU C Compiler
arm-none-eabi-gcc -D__MULTICORE_NONE -DDEBUG -D__CODE_RED -D__USE_LPCOPEN -D__REDLIB__ -DCORE_M4 -I"/home/lautaro/GitHub/BTCONFIG/lpc_chip_43xx/inc" -I"/home/lautaro/GitHub/BTCONFIG/lpc_board_nxp_lpcxpresso_4337/inc" -O0 -g3 -Wall -c -fmessage-length=0 -fno-builtin -ffunction-sections -fdata-sections -fsingle-precision-constant -mcpu=cortex-m4 -mfpu=fpv4-sp-d16 -mfloat-abi=softfp -mthumb -specs=redlib.specs -MMD -MP -MF"example/src/systick.d" -MT"example/src/systick.o" -MT"example/src/systick.d" -o "example/src/systick.o" "../example/src/systick.c"
../example/src/systick.c: In function 'main':
../example/src/systick.c:151:27: warning: passing argument 2 of 'SendTillEOL' discards 'volatile' qualifier from pointer target type [-Wdiscarded-qualifiers]
    SendTillEOL(LPC_USART0,recibido2,sizeof(recibido2));
                           ^
../example/src/systick.c:116:5: note: expected 'void *' but argument is of type 'volatile char *'
 int SendTillEOL(LPC_USART_T *pUART, void *data, int numBytes)
     ^
../example/src/systick.c:152:27: warning: passing argument 2 of 'SendTillEOL' discards 'volatile' qualifier from pointer target type [-Wdiscarded-qualifiers]
    SendTillEOL(LPC_USART2,recibido0,sizeof(recibido0));
                           ^
../example/src/systick.c:116:5: note: expected 'void *' but argument is of type 'volatile char *'
 int SendTillEOL(LPC_USART_T *pUART, void *data, int numBytes)
     ^
../example/src/systick.c: In function 'UART2_IRQHandler':
../example/src/systick.c:161:25: warning: passing argument 2 of 'ReadTillEOL' discards 'volatile' qualifier from pointer target type [-Wdiscarded-qualifiers]
  ReadTillEOL(LPC_USART2,recibido2,sizeof(recibido2));
                         ^
../example/src/systick.c:100:5: note: expected 'void *' but argument is of type 'volatile char *'
 int ReadTillEOL(LPC_USART_T *pUART, void *data, int numBytes)
     ^
../example/src/systick.c: In function 'UART0_IRQHandler':
../example/src/systick.c:165:25: warning: passing argument 2 of 'ReadTillEOL' discards 'volatile' qualifier from pointer target type [-Wdiscarded-qualifiers]
  ReadTillEOL(LPC_USART0,recibido0,sizeof(recibido0));
                         ^
../example/src/systick.c:100:5: note: expected 'void *' but argument is of type 'volatile char *'
 int ReadTillEOL(LPC_USART_T *pUART, void *data, int numBytes)
     ^
../example/src/systick.c: At top level:
../example/src/systick.c:44:13: warning: 'mensaje' defined but not used [-Wunused-variable]
 static char mensaje[]="Test ";
             ^
Finished building: ../example/src/systick.c
 
Building target: periph_systick.axf
Invoking: MCU Linker
arm-none-eabi-gcc -nostdlib -L"/home/lautaro/GitHub/BTCONFIG/lpc_chip_43xx/Debug" -L"/home/lautaro/GitHub/BTCONFIG/lpc_board_nxp_lpcxpresso_4337/Debug" -Xlinker -Map="periph_systick.map" -Xlinker --gc-sections -mcpu=cortex-m4 -mfpu=fpv4-sp-d16 -mfloat-abi=softfp -mthumb -T "periph_systick_Debug.ld" -o "periph_systick.axf"  ./example/src/cr_startup_lpc43xx.o ./example/src/sysinit.o ./example/src/systick.o   -llpc_board_nxp_lpcxpresso_4337 -llpc_chip_43xx
Finished building target: periph_systick.axf
 
make --no-print-directory post-build
Performing post-build steps
arm-none-eabi-size "periph_systick.axf"; # arm-none-eabi-objcopy -v -O binary "periph_systick.axf" "periph_systick.bin" ; # checksum -p LPC4337 -d "periph_systick.bin";
   text	   data	    bss	    dec	    hex	filename
   9428	      0	    552	   9980	   26fc	periph_systick.axf
 
14:10:04 **** Incremental Build of configuration Debug for project lpc_board_nxp_lpcxpresso_4337 ****
make -r all 
make: Nothing to be done for 'all'.
14:10:07 **** Incremental Build of configuration Debug for project lpc_chip_43xx ****
make -r all 
make: Nothing to be done for 'all'.
14:10:09 **** Incremental Build of configuration Debug for project periph_systick ****
make -r all 
Building file: ../example/src/systick.c
Invoking: MCU C Compiler
arm-none-eabi-gcc -D__MULTICORE_NONE -DDEBUG -D__CODE_RED -D__USE_LPCOPEN -D__REDLIB__ -DCORE_M4 -I"/home/lautaro/GitHub/BTCONFIG/lpc_chip_43xx/inc" -I"/home/lautaro/GitHub/BTCONFIG/lpc_board_nxp_lpcxpresso_4337/inc" -O0 -g3 -Wall -c -fmessage-length=0 -fno-builtin -ffunction-sections -fdata-sections -fsingle-precision-constant -mcpu=cortex-m4 -mfpu=fpv4-sp-d16 -mfloat-abi=softfp -mthumb -specs=redlib.specs -MMD -MP -MF"example/src/systick.d" -MT"example/src/systick.o" -MT"example/src/systick.d" -o "example/src/systick.o" "../example/src/systick.c"
../example/src/systick.c:44:13: warning: 'mensaje' defined but not used [-Wunused-variable]
 static char mensaje[]="Test ";
             ^
Finished building: ../example/src/systick.c
 
Building target: periph_systick.axf
Invoking: MCU Linker
arm-none-eabi-gcc -nostdlib -L"/home/lautaro/GitHub/BTCONFIG/lpc_chip_43xx/Debug" -L"/home/lautaro/GitHub/BTCONFIG/lpc_board_nxp_lpcxpresso_4337/Debug" -Xlinker -Map="periph_systick.map" -Xlinker --gc-sections -mcpu=cortex-m4 -mfpu=fpv4-sp-d16 -mfloat-abi=softfp -mthumb -T "periph_systick_Debug.ld" -o "periph_systick.axf"  ./example/src/cr_startup_lpc43xx.o ./example/src/sysinit.o ./example/src/systick.o   -llpc_board_nxp_lpcxpresso_4337 -llpc_chip_43xx
Finished building target: periph_systick.axf
 
make --no-print-directory post-build
Performing post-build steps
arm-none-eabi-size "periph_systick.axf"; # arm-none-eabi-objcopy -v -O binary "periph_systick.axf" "periph_systick.bin" ; # checksum -p LPC4337 -d "periph_systick.bin";
   text	   data	    bss	    dec	    hex	filename
   9428	      0	    552	   9980	   26fc	periph_systick.axf
 
14:10:28 **** Incremental Build of configuration Debug for project periph_systick ****
make -r all 
make: Nothing to be done for 'all'.
14:22:47 **** Incremental Build of configuration Debug for project lpc_board_nxp_lpcxpresso_4337 ****
make -r all 
make: Nothing to be done for 'all'.
[...]
Finished building: ../example/src/systick.c
 
Building target: periph_systick.axf
Invoking: MCU Linker
arm-none-eabi-gcc -nostdlib -L"/home/lautaro/GitHub/BTCONFIG/lpc_chip_43xx/Debug" -L"/home/lautaro/GitHub/BTCONFIG/lpc_board_nxp_lpcxpresso_4337/Debug" -Xlinker -Map="periph_systick.map" -Xlinker --gc-sections -mcpu=cortex-m4 -mfpu=fpv4-sp-d16 -mfloat-abi=softfp -mthumb -T "periph_systick_Debug.ld" -o "periph_systick.axf"  ./example/src/cr_startup_lpc43xx.o ./example/src/sysinit.o ./example/src/systick.o   -llpc_board_nxp_lpcxpresso_4337 -llpc_chip_43xx
Finished building target: periph_systick.axf
 
make --no-print-directory post-build
Performing post-build steps
arm-none-eabi-size "periph_systick.axf"; # arm-none-eabi-objcopy -v -O binary "periph_systick.axf" "periph_systick.bin" ; # checksum -p LPC4337 -d "periph_systick.bin";
   text	   data	    bss	    dec	    hex	filename
   9768	      0	    556	  10324	   2854	periph_systick.axf
 
12:25:38 **** Incremental Build of configuration Debug for project periph_systick ****
make -r all 
make: Nothing to be done for 'all'.
13:03:21 **** Incremental Build of configuration Debug for project periph_systick ****
make -r all 
make: Nothing to be done for 'all'.
13:15:57 **** Incremental Build of configuration Debug for project lpc_board_nxp_lpcxpresso_4337 ****
make -r all 
make: Nothing to be done for 'all'.
13:16:00 **** Incremental Build of configuration Debug for project lpc_chip_43xx ****
make -r all 
make: Nothing to be done for 'all'.
13:16:03 **** Incremental Build of configuration Debug for project periph_systick ****
make -r all 
Building file: ../example/src/systick.c
Invoking: MCU C Compiler
arm-none-eabi-gcc -D__MULTICORE_NONE -DDEBUG -D__CODE_RED -D__USE_LPCOPEN -D__REDLIB__ -DCORE_M4 -I"/home/lautaro/GitHub/BTCONFIG/lpc_chip_43xx/inc" -I"/home/lautaro/GitHub/BTCONFIG/lpc_board_nxp_lpcxpresso_4337/inc" -O0 -g3 -Wall -c -fmessage-length=0 -fno-builtin -ffunction-sections -fdata-sections -fsingle-precision-constant -mcpu=cortex-m4 -mfpu=fpv4-sp-d16 -mfloat-abi=softfp -mthumb -specs=redlib.specs -MMD -MP -MF"example/src/systick.d" -MT"example/src/systick.o" -MT"example/src/systick.d" -o "example/src/systick.o" "../example/src/systick.c"
Finished building: ../example/src/systick.c
 
Building target: periph_systick.axf
Invoking: MCU Linker
arm-none-eabi-gcc -nostdlib -L"/home/lautaro/GitHub/BTCONFIG/lpc_chip_43xx/Debug" -L"/home/lautaro/GitHub/BTCONFIG/lpc_board_nxp_lpcxpresso_4337/Debug" -Xlinker -Map="periph_systick.map" -Xlinker --gc-sections -mcpu=cortex-m4 -mfpu=fpv4-sp-d16 -mfloat-abi=softfp -mthumb -T "periph_systick_Debug.ld" -o "periph_systick.axf"  ./example/src/cr_startup_lpc43xx.o ./example/src/sysinit.o ./example/src/systick.o   -llpc_board_nxp_lpcxpresso_4337 -llpc_chip_43xx
Finished building target: periph_systick.axf
 
make --no-print-directory post-build
Performing post-build steps
arm-none-eabi-size "periph_systick.axf"; # arm-none-eabi-objcopy -v -O binary "periph_systick.axf" "periph_systick.bin" ; # checksum -p LPC4337 -d "periph_systick.bin";
   text	   data	    bss	    dec	    hex	filename
  10036	      0	    556	  10592	   2960	periph_systick.axf
 
13:17:13 **** Incremental Build of configuration Debug for project periph_systick ****
make -r all 
make: Nothing to be done for 'all'.
13:20:13 **** Incremental Build of configuration Debug for project lpc_board_nxp_lpcxpresso_4337 ****
make -r all 
make: Nothing to be done for 'all'.
13:20:17 **** Incremental Build of configuration Debug for project lpc_chip_43xx ****
make -r all 
make: Nothing to be done for 'all'.
13:20:20 **** Incremental Build of configuration Debug for project periph_systick ****
make -r all 
Building file: ../example/src/systick.c
Invoking: MCU C Compiler
arm-none-eabi-gcc -D__MULTICORE_NONE -DDEBUG -D__CODE_RED -D__USE_LPCOPEN -D__REDLIB__ -DCORE_M4 -I"/home/lautaro/GitHub/BTCONFIG/lpc_chip_43xx/inc" -I"/home/lautaro/GitHub/BTCONFIG/lpc_board_nxp_lpcxpresso_4337/inc" -O0 -g3 -Wall -c -fmessage-length=0 -fno-builtin -ffunction-sections -fdata-sections -fsingle-precision-constant -mcpu=cortex-m4 -mfpu=fpv4-sp-d16 -mfloat-abi=softfp -mthumb -specs=redlib.specs -MMD -MP -MF"example/src/systick.d" -MT"example/src/systick.o" -MT"example/src/systick.d" -o "example/src/systick.o" "../example/src/systick.c"
Finished building: ../example/src/systick.c
 
Building target: periph_systick.axf
Invoking: MCU Linker
arm-none-eabi-gcc -nostdlib -L"/home/lautaro/GitHub/BTCONFIG/lpc_chip_43xx/Debug" -L"/home/lautaro/GitHub/BTCONFIG/lpc_board_nxp_lpcxpresso_4337/Debug" -Xlinker -Map="periph_systick.map" -Xlinker --gc-sections -mcpu=cortex-m4 -mfpu=fpv4-sp-d16 -mfloat-abi=softfp -mthumb -T "periph_systick_Debug.ld" -o "periph_systick.axf"  ./example/src/cr_startup_lpc43xx.o ./example/src/sysinit.o ./example/src/systick.o   -llpc_board_nxp_lpcxpresso_4337 -llpc_chip_43xx
Finished building target: periph_systick.axf
 
make --no-print-directory post-build
Performing post-build steps
arm-none-eabi-size "periph_systick.axf"; # arm-none-eabi-objcopy -v -O binary "periph_systick.axf" "periph_systick.bin" ; # checksum -p LPC4337 -d "periph_systick.bin";
   text	   data	    bss	    dec	    hex	filename
  10068	      0	    556	  10624	   2980	periph_systick.axf
 
13:20:30 **** Incremental Build of configuration Debug for project periph_systick ****
make -r all 
make: Nothing to be done for 'all'.
13:38:34 **** Incremental Build of configuration Debug for project lpc_board_nxp_lpcxpresso_4337 ****
make -r all 
make: Nothing to be done for 'all'.
13:38:37 **** Incremental Build of configuration Debug for project lpc_chip_43xx ****
make -r all 
make: Nothing to be done for 'all'.
13:38:40 **** Incremental Build of configuration Debug for project periph_systick ****
make -r all 
Building file: ../example/src/systick.c
Invoking: MCU C Compiler
arm-none-eabi-gcc -D__MULTICORE_NONE -DDEBUG -D__CODE_RED -D__USE_LPCOPEN -D__REDLIB__ -DCORE_M4 -I"/home/lautaro/GitHub/BTCONFIG/lpc_chip_43xx/inc" -I"/home/lautaro/GitHub/BTCONFIG/lpc_board_nxp_lpcxpresso_4337/inc" -O0 -g3 -Wall -c -fmessage-length=0 -fno-builtin -ffunction-sections -fdata-sections -fsingle-precision-constant -mcpu=cortex-m4 -mfpu=fpv4-sp-d16 -mfloat-abi=softfp -mthumb -specs=redlib.specs -MMD -MP -MF"example/src/systick.d" -MT"example/src/systick.o" -MT"example/src/systick.d" -o "example/src/systick.o" "../example/src/systick.c"
Finished building: ../example/src/systick.c
 
Building target: periph_systick.axf
Invoking: MCU Linker
arm-none-eabi-gcc -nostdlib -L"/home/lautaro/GitHub/BTCONFIG/lpc_chip_43xx/Debug" -L"/home/lautaro/GitHub/BTCONFIG/lpc_board_nxp_lpcxpresso_4337/Debug" -Xlinker -Map="periph_systick.map" -Xlinker --gc-sections -mcpu=cortex-m4 -mfpu=fpv4-sp-d16 -mfloat-abi=softfp -mthumb -T "periph_systick_Debug.ld" -o "periph_systick.axf"  ./example/src/cr_startup_lpc43xx.o ./example/src/sysinit.o ./example/src/systick.o   -llpc_board_nxp_lpcxpresso_4337 -llpc_chip_43xx
Finished building target: periph_systick.axf
 
make --no-print-directory post-build
Performing post-build steps
arm-none-eabi-size "periph_systick.axf"; # arm-none-eabi-objcopy -v -O binary "periph_systick.axf" "periph_systick.bin" ; # checksum -p LPC4337 -d "periph_systick.bin";
   text	   data	    bss	    dec	    hex	filename
  10068	      0	    556	  10624	   2980	periph_systick.axf
 
13:38:47 **** Incremental Build of configuration Debug for project periph_systick ****
make -r all 
make: Nothing to be done for 'all'.
13:42:39 **** Incremental Build of configuration Debug for project lpc_board_nxp_lpcxpresso_4337 ****
make -r all 
make: Nothing to be done for 'all'.
13:42:42 **** Incremental Build of configuration Debug for project lpc_chip_43xx ****
make -r all 
make: Nothing to be done for 'all'.
13:42:44 **** Incremental Build of configuration Debug for project periph_systick ****
make -r all 
Building file: ../example/src/systick.c
Invoking: MCU C Compiler
arm-none-eabi-gcc -D__MULTICORE_NONE -DDEBUG -D__CODE_RED -D__USE_LPCOPEN -D__REDLIB__ -DCORE_M4 -I"/home/lautaro/GitHub/BTCONFIG/lpc_chip_43xx/inc" -I"/home/lautaro/GitHub/BTCONFIG/lpc_board_nxp_lpcxpresso_4337/inc" -O0 -g3 -Wall -c -fmessage-length=0 -fno-builtin -ffunction-sections -fdata-sections -fsingle-precision-constant -mcpu=cortex-m4 -mfpu=fpv4-sp-d16 -mfloat-abi=softfp -mthumb -specs=redlib.specs -MMD -MP -MF"example/src/systick.d" -MT"example/src/systick.o" -MT"example/src/systick.d" -o "example/src/systick.o" "../example/src/systick.c"
Finished building: ../example/src/systick.c
 
Building target: periph_systick.axf
Invoking: MCU Linker
arm-none-eabi-gcc -nostdlib -L"/home/lautaro/GitHub/BTCONFIG/lpc_chip_43xx/Debug" -L"/home/lautaro/GitHub/BTCONFIG/lpc_board_nxp_lpcxpresso_4337/Debug" -Xlinker -Map="periph_systick.map" -Xlinker --gc-sections -mcpu=cortex-m4 -mfpu=fpv4-sp-d16 -mfloat-abi=softfp -mthumb -T "periph_systick_Debug.ld" -o "periph_systick.axf"  ./example/src/cr_startup_lpc43xx.o ./example/src/sysinit.o ./example/src/systick.o   -llpc_board_nxp_lpcxpresso_4337 -llpc_chip_43xx
Finished building target: periph_systick.axf
 
make --no-print-directory post-build
Performing post-build steps
arm-none-eabi-size "periph_systick.axf"; # arm-none-eabi-objcopy -v -O binary "periph_systick.axf" "periph_systick.bin" ; # checksum -p LPC4337 -d "periph_systick.bin";
   text	   data	    bss	    dec	    hex	filename
  10068	      0	    556	  10624	   2980	periph_systick.axf
 
13:43:03 **** Incremental Build of configuration Debug for project periph_systick ****
make -r all 
make: Nothing to be done for 'all'.
13:44:08 **** Incremental Build of configuration Debug for project lpc_board_nxp_lpcxpresso_4337 ****
make -r all 
make: Nothing to be done for 'all'.
13:44:12 **** Incremental Build of configuration Debug for project lpc_chip_43xx ****
make -r all 
make: Nothing to be done for 'all'.
13:44:15 **** Incremental Build of configuration Debug for project periph_systick ****
make -r all 
Building file: ../example/src/systick.c
Invoking: MCU C Compiler
arm-none-eabi-gcc -D__MULTICORE_NONE -DDEBUG -D__CODE_RED -D__USE_LPCOPEN -D__REDLIB__ -DCORE_M4 -I"/home/lautaro/GitHub/BTCONFIG/lpc_chip_43xx/inc" -I"/home/lautaro/GitHub/BTCONFIG/lpc_board_nxp_lpcxpresso_4337/inc" -O0 -g3 -Wall -c -fmessage-length=0 -fno-builtin -ffunction-sections -fdata-sections -fsingle-precision-constant -mcpu=cortex-m4 -mfpu=fpv4-sp-d16 -mfloat-abi=softfp -mthumb -specs=redlib.specs -MMD -MP -MF"example/src/systick.d" -MT"example/src/systick.o" -MT"example/src/systick.d" -o "example/src/systick.o" "../example/src/systick.c"
Finished building: ../example/src/systick.c
 
Building target: periph_systick.axf
Invoking: MCU Linker
arm-none-eabi-gcc -nostdlib -L"/home/lautaro/GitHub/BTCONFIG/lpc_chip_43xx/Debug" -L"/home/lautaro/GitHub/BTCONFIG/lpc_board_nxp_lpcxpresso_4337/Debug" -Xlinker -Map="periph_systick.map" -Xlinker --gc-sections -mcpu=cortex-m4 -mfpu=fpv4-sp-d16 -mfloat-abi=softfp -mthumb -T "periph_systick_Debug.ld" -o "periph_systick.axf"  ./example/src/cr_startup_lpc43xx.o ./example/src/sysinit.o ./example/src/systick.o   -llpc_board_nxp_lpcxpresso_4337 -llpc_chip_43xx
Finished building target: periph_systick.axf
 
make --no-print-directory post-build
Performing post-build steps
arm-none-eabi-size "periph_systick.axf"; # arm-none-eabi-objcopy -v -O binary "periph_systick.axf" "periph_systick.bin" ; # checksum -p LPC4337 -d "periph_systick.bin";
   text	   data	    bss	    dec	    hex	filename
  10068	      0	    556	  10624	   2980	periph_systick.axf
 
13:44:20 **** Incremental Build of configuration Debug for project periph_systick ****
make -r all 
make: Nothing to be done for 'all'.
13:45:11 **** Incremental Build of configuration Debug for project lpc_board_nxp_lpcxpresso_4337 ****
make -r all 
make: Nothing to be done for 'all'.
13:45:16 **** Incremental Build of configuration Debug for project lpc_chip_43xx ****
make -r all 
make: Nothing to be done for 'all'.
13:45:19 **** Incremental Build of configuration Debug for project periph_systick ****
make -r all 
Building file: ../example/src/systick.c
Invoking: MCU C Compiler
arm-none-eabi-gcc -D__MULTICORE_NONE -DDEBUG -D__CODE_RED -D__USE_LPCOPEN -D__REDLIB__ -DCORE_M4 -I"/home/lautaro/GitHub/BTCONFIG/lpc_chip_43xx/inc" -I"/home/lautaro/GitHub/BTCONFIG/lpc_board_nxp_lpcxpresso_4337/inc" -O0 -g3 -Wall -c -fmessage-length=0 -fno-builtin -ffunction-sections -fdata-sections -fsingle-precision-constant -mcpu=cortex-m4 -mfpu=fpv4-sp-d16 -mfloat-abi=softfp -mthumb -specs=redlib.specs -MMD -MP -MF"example/src/systick.d" -MT"example/src/systick.o" -MT"example/src/systick.d" -o "example/src/systick.o" "../example/src/systick.c"
Finished building: ../example/src/systick.c
 
Building target: periph_systick.axf
Invoking: MCU Linker
arm-none-eabi-gcc -nostdlib -L"/home/lautaro/GitHub/BTCONFIG/lpc_chip_43xx/Debug" -L"/home/lautaro/GitHub/BTCONFIG/lpc_board_nxp_lpcxpresso_4337/Debug" -Xlinker -Map="periph_systick.map" -Xlinker --gc-sections -mcpu=cortex-m4 -mfpu=fpv4-sp-d16 -mfloat-abi=softfp -mthumb -T "periph_systick_Debug.ld" -o "periph_systick.axf"  ./example/src/cr_startup_lpc43xx.o ./example/src/sysinit.o ./example/src/systick.o   -llpc_board_nxp_lpcxpresso_4337 -llpc_chip_43xx
Finished building target: periph_systick.axf
 
make --no-print-directory post-build
Performing post-build steps
arm-none-eabi-size "periph_systick.axf"; # arm-none-eabi-objcopy -v -O binary "periph_systick.axf" "periph_systick.bin" ; # checksum -p LPC4337 -d "periph_systick.bin";
   text	   data	    bss	    dec	    hex	filename
  10068	      0	    556	  10624	   2980	periph_systick.axf
 
13:50:27 **** Incremental Build of configuration Debug for project periph_systick ****
make -r all 
make: Nothing to be done for 'all'.
18:15:26 **** Incremental Build of configuration Debug for project periph_systick ****
make -r all 
Building file: ../example/src/systick.c
Invoking: MCU C Compiler
arm-none-eabi-gcc -D__MULTICORE_NONE -DDEBUG -D__CODE_RED -D__USE_LPCOPEN -D__REDLIB__ -DCORE_M4 -I"/home/lautaro/GitHub/BTCONFIG/lpc_chip_43xx/inc" -I"/home/lautaro/GitHub/BTCONFIG/lpc_board_nxp_lpcxpresso_4337/inc" -O0 -g3 -Wall -c -fmessage-length=0 -fno-builtin -ffunction-sections -fdata-sections -fsingle-precision-constant -mcpu=cortex-m4 -mfpu=fpv4-sp-d16 -mfloat-abi=softfp -mthumb -specs=redlib.specs -MMD -MP -MF"example/src/systick.d" -MT"example/src/systick.o" -MT"example/src/systick.d" -o "example/src/systick.o" "../example/src/systick.c"
Finished building: ../example/src/systick.c
 
Building target: periph_systick.axf
Invoking: MCU Linker
arm-none-eabi-gcc -nostdlib -L"/home/lautaro/GitHub/BTCONFIG/lpc_chip_43xx/Debug" -L"/home/lautaro/GitHub/BTCONFIG/lpc_board_nxp_lpcxpresso_4337/Debug" -Xlinker -Map="periph_systick.map" -Xlinker --gc-sections -mcpu=cortex-m4 -mfpu=fpv4-sp-d16 -mfloat-abi=softfp -mthumb -T "periph_systick_Debug.ld" -o "periph_systick.axf"  ./example/src/cr_startup_lpc43xx.o ./example/src/sysinit.o ./example/src/systick.o   -llpc_board_nxp_lpcxpresso_4337 -llpc_chip_43xx
Finished building target: periph_systick.axf
 
make --no-print-directory post-build
Performing post-build steps
arm-none-eabi-size "periph_systick.axf"; # arm-none-eabi-objcopy -v -O binary "periph_systick.axf" "periph_systick.bin" ; # checksum -p LPC4337 -d "periph_systick.bin";
   text	   data	    bss	    dec	    hex	filename
  10068	      0	    556	  10624	   2980	periph_systick.axf
 
18:18:47 **** Incremental Build of configuration Debug for project lpc_board_nxp_lpcxpresso_4337 ****
make -r all 
make: Nothing to be done for 'all'.
18:18:51 **** Incremental Build of configuration Debug for project lpc_chip_43xx ****
make -r all 
make: Nothing to be done for 'all'.
18:18:54 **** Incremental Build of configuration Debug for project periph_systick ****
make -r all 
Building file: ../example/src/systick.c
Invoking: MCU C Compiler
arm-none-eabi-gcc -D__MULTICORE_NONE -DDEBUG -D__CODE_RED -D__USE_LPCOPEN -D__REDLIB__ -DCORE_M4 -I"/home/lautaro/GitHub/BTCONFIG/lpc_chip_43xx/inc" -I"/home/lautaro/GitHub/BTCONFIG/lpc_board_nxp_lpcxpresso_4337/inc" -O0 -g3 -Wall -c -fmessage-length=0 -fno-builtin -ffunction-sections -fdata-sections -fsingle-precision-constant -mcpu=cortex-m4 -mfpu=fpv4-sp-d16 -mfloat-abi=softfp -mthumb -specs=redlib.specs -MMD -MP -MF"example/src/systick.d" -MT"example/src/systick.o" -MT"example/src/systick.d" -o "example/src/systick.o" "../example/src/systick.c"
Finished building: ../example/src/systick.c
 
Building target: periph_systick.axf
Invoking: MCU Linker
arm-none-eabi-gcc -nostdlib -L"/home/lautaro/GitHub/BTCONFIG/lpc_chip_43xx/Debug" -L"/home/lautaro/GitHub/BTCONFIG/lpc_board_nxp_lpcxpresso_4337/Debug" -Xlinker -Map="periph_systick.map" -Xlinker --gc-sections -mcpu=cortex-m4 -mfpu=fpv4-sp-d16 -mfloat-abi=softfp -mthumb -T "periph_systick_Debug.ld" -o "periph_systick.axf"  ./example/src/cr_startup_lpc43xx.o ./example/src/sysinit.o ./example/src/systick.o   -llpc_board_nxp_lpcxpresso_4337 -llpc_chip_43xx
Finished building target: periph_systick.axf
 
make --no-print-directory post-build
Performing post-build steps
arm-none-eabi-size "periph_systick.axf"; # arm-none-eabi-objcopy -v -O binary "periph_systick.axf" "periph_systick.bin" ; # checksum -p LPC4337 -d "periph_systick.bin";
   text	   data	    bss	    dec	    hex	filename
  10068	      0	    556	  10624	   2980	periph_systick.axf
 
18:19:47 **** Incremental Build of configuration Debug for project periph_systick ****
make -r all 
make: Nothing to be done for 'all'.
18:27:56 **** Incremental Build of configuration Debug for project lpc_board_nxp_lpcxpresso_4337 ****
make -r all 
make: Nothing to be done for 'all'.
18:28:00 **** Incremental Build of configuration Debug for project lpc_chip_43xx ****
make -r all 
make: Nothing to be done for 'all'.
18:28:04 **** Incremental Build of configuration Debug for project periph_systick ****
make -r all 
Building file: ../example/src/systick.c
Invoking: MCU C Compiler
arm-none-eabi-gcc -D__MULTICORE_NONE -DDEBUG -D__CODE_RED -D__USE_LPCOPEN -D__REDLIB__ -DCORE_M4 -I"/home/lautaro/GitHub/BTCONFIG/lpc_chip_43xx/inc" -I"/home/lautaro/GitHub/BTCONFIG/lpc_board_nxp_lpcxpresso_4337/inc" -O0 -g3 -Wall -c -fmessage-length=0 -fno-builtin -ffunction-sections -fdata-sections -fsingle-precision-constant -mcpu=cortex-m4 -mfpu=fpv4-sp-d16 -mfloat-abi=softfp -mthumb -specs=redlib.specs -MMD -MP -MF"example/src/systick.d" -MT"example/src/systick.o" -MT"example/src/systick.d" -o "example/src/systick.o" "../example/src/systick.c"
Finished building: ../example/src/systick.c
 
Building target: periph_systick.axf
Invoking: MCU Linker
arm-none-eabi-gcc -nostdlib -L"/home/lautaro/GitHub/BTCONFIG/lpc_chip_43xx/Debug" -L"/home/lautaro/GitHub/BTCONFIG/lpc_board_nxp_lpcxpresso_4337/Debug" -Xlinker -Map="periph_systick.map" -Xlinker --gc-sections -mcpu=cortex-m4 -mfpu=fpv4-sp-d16 -mfloat-abi=softfp -mthumb -T "periph_systick_Debug.ld" -o "periph_systick.axf"  ./example/src/cr_startup_lpc43xx.o ./example/src/sysinit.o ./example/src/systick.o   -llpc_board_nxp_lpcxpresso_4337 -llpc_chip_43xx
Finished building target: periph_systick.axf
 
make --no-print-directory post-build
Performing post-build steps
arm-none-eabi-size "periph_systick.axf"; # arm-none-eabi-objcopy -v -O binary "periph_systick.axf" "periph_systick.bin" ; # checksum -p LPC4337 -d "periph_systick.bin";
   text	   data	    bss	    dec	    hex	filename
  10068	      0	    556	  10624	   2980	periph_systick.axf
 
18:29:43 **** Incremental Build of configuration Debug for project periph_systick ****
make -r all 
make: Nothing to be done for 'all'.
